<html>
<body>
<pre>
<h1>µVision Build Log</h1>
<h2>Project:</h2>
C:\Users\Redud1\Desktop\Новая папка\projects\RADAR REPAIR LAST VITALIK FreeRTOS\PWMandOnboardLEDS.uvproj
Project File Date:  02/02/2016

<h2>Output:</h2>
Build target 'Target 1'
linking...
Program Size: Code=17132 RO-data=424 RW-data=236 ZI-data=24964  
".\PWMandOnboardLEDS.axf" - 0 Error(s), 0 Warning(s).
Load "C:\\Users\\Redud1\\Desktop\\Новая папка\\projects\\RADAR REPAIR LAST VITALIK FreeRTOS\\PWMandOnboardLEDS.axf" 
Erase Done.
Programming Done.
Verify OK.
</pre>
</body>
</html>
424 RW-data=236 ZI-data=24964  
".\PWMandOnboardLEDS.axf" - 0 Error(s), 1 Warning(s).
Load "C:\\Users\\Redud1\\Desktop\\Новая папка\\projects\\RADAR REPAIR LAST VITALIK FreeRTOS\\PWMandOnboardLEDS.axf" 
Erase Done.
Programming Done.
Verify OK.
 ZI-data=24964  
".\PWMandOnboardLEDS.axf" - 0 Error(s), 4 Warning(s).
Load "C:\\Users\\Redud1\\Desktop\\Новая папка\\projects\\RADAR REPAIR LAST VITALIK FreeRTOS\\PWMandOnboardLEDS.axf" 
Erase Done.
Programming Done.
Verify OK.
44: expression must have pointer type
                        if((!TaskParams->Task1_event&!TaskParams->Task2_event)||(!TaskParams->Task1_event&TaskParams->Task2_event))
MyCode\FlowFunctions.c(104): error:  #44: expression must have pointer type
                                TaskParams->Task1_state=TASK_OFF;
MyCode\FlowFunctions.c(106): error:  #44: expression must have pointer type
                                TaskParams->Task1_state=TASK_ON;
MyCode\FlowFunctions.c(126): warning:  #111-D: statement is unreachable
                vTaskDelete(NULL);
MyCode\FlowFunctions.c(136): error:  #44: expression must have pointer type
                        if((!TaskParams->Task1_event&!TaskParams->Task2_event)||(TaskParams->Task1_event&!TaskParams->Task2_event))
MyCode\FlowFunctions.c(136): error:  #44: expression must have pointer type
                        if((!TaskParams->Task1_event&!TaskParams->Task2_event)||(TaskParams->Task1_event&!TaskParams->Task2_event))
MyCode\FlowFunctions.c(136): error:  #44: expression must have pointer type
                        if((!TaskParams->Task1_event&!TaskParams->Task2_event)||(TaskParams->Task1_event&!TaskParams->Task2_event))
MyCode\FlowFunctions.c(136): error:  #44: expression must have pointer type
                        if((!TaskParams->Task1_event&!TaskParams->Task2_event)||(TaskParams->Task1_event&!TaskParams->Task2_event))
MyCode\FlowFunctions.c(138): error:  #44: expression must have pointer type
                                TaskParams->Task2_state=TASK_OFF;
MyCode\FlowFunctions.c(140): error:  #44: expression must have pointer type
                                TaskParams->Task2_state=TASK_ON;
MyCode\FlowFunctions.c(161): warning:  #111-D: statement is unreachable
                vTaskDelete(NULL);
MyCode\FlowFunctions.c(182): warning:  #111-D: statement is unreachable
                vTaskDelete(NULL);
MyCode\FlowFunctions.c: 4 warnings, 12 errors
".\PWMandOnboardLEDS.axf" - 12 Error(s), 4 Warning(s).
Target not created
kDelete(NULL);
MyCode\FlowFunctions.c(164): warning:  #111-D: statement is unreachable
                vTaskDelete(NULL);
MyCode\FlowFunctions.c(185): warning:  #111-D: statement is unreachable
                vTaskDelete(NULL);
MyCode\FlowFunctions.c: 4 warnings, 16 errors
".\PWMandOnboardLEDS.axf" - 16 Error(s), 4 Warning(s).
Target not created
(TaskParams->Task2);
MyCode\FlowFunctions.c(77): error:  #132: expression must have pointer-to-struct-or-union type
                                                TaskParams->Task2_event=TASK_OFF;
MyCode\FlowFunctions.c(78): error:  #132: expression must have pointer-to-struct-or-union type
                                                while(TaskParams->Task2_state==TASK_ON){};//!!!!!<2>
MyCode\FlowFunctions.c(87): error:  #132: expression must have pointer-to-struct-or-union type
                                vTaskSuspend(TaskParams->Task3);
MyCode\FlowFunctions.c(91): error:  #132: expression must have pointer-to-struct-or-union type
                                        vTaskResume(TaskParams->Task3);
MyCode\FlowFunctions.c(95): warning:  #111-D: statement is unreachable
                vTaskDelete(NULL);
MyCode\FlowFunctions.c(128): warning:  #111-D: statement is unreachable
                vTaskDelete(NULL);
MyCode\FlowFunctions.c(163): warning:  #111-D: statement is unreachable
                vTaskDelete(NULL);
MyCode\FlowFunctions.c(184): warning:  #111-D: statement is unreachable
                vTaskDelete(NULL);
MyCode\FlowFunctions.c: 4 warnings, 17 errors
compiling Types.c...
compiling system_stm32f4xx.c...
compiling misc.c...
compiling stm32f4xx_adc.c...
compiling stm32f4xx_can.c...
compiling stm32f4xx_cec.c...
compiling stm32f4xx_crc.c...
compiling stm32f4xx_cryp.c...
compiling stm32f4xx_cryp_aes.c...
compiling stm32f4xx_cryp_des.c...
compiling stm32f4xx_cryp_tdes.c...
compiling stm32f4xx_dac.c...
compiling stm32f4xx_dbgmcu.c...
compiling stm32f4xx_dcmi.c...
compiling stm32f4xx_dma.c...
compiling stm32f4xx_dma2d.c...
compiling stm32f4xx_exti.c...
compiling stm32f4xx_flash.c...
compiling stm32f4xx_flash_ramfunc.c...
compiling stm32f4xx_fmpi2c.c...
compiling stm32f4xx_fsmc.c...
compiling stm32f4xx_gpio.c...
compiling stm32f4xx_hash.c...
compiling stm32f4xx_hash_md5.c...
compiling stm32f4xx_hash_sha1.c...
compiling stm32f4xx_i2c.c...
compiling stm32f4xx_iwdg.c...
compiling stm32f4xx_ltdc.c...
compiling stm32f4xx_pwr.c...
compiling stm32f4xx_qspi.c...
compiling stm32f4xx_rcc.c...
compiling stm32f4xx_rng.c...
compiling stm32f4xx_rtc.c...
compiling stm32f4xx_sai.c...
compiling stm32f4xx_sdio.c...
compiling stm32f4xx_spdifrx.c...
compiling stm32f4xx_spi.c...
compiling stm32f4xx_syscfg.c...
compiling stm32f4xx_tim.c...
compiling stm32f4xx_usart.c...
compiling stm32f4xx_wwdg.c...
compiling croutine.c...
compiling heap_3.c...
compiling list.c...
compiling port.c...
compiling queue.c...
compiling tasks.c...
compiling timers.c...
compiling TEST.c...
TEST\TEST.c(12): warning:  #111-D: statement is unreachable
        vTaskDelete(NULL);
TEST\TEST.c(24): warning:  #111-D: statement is unreachable
        vTaskDelete(NULL);
TEST\TEST.c(35): warning:  #111-D: statement is unreachable
        vTaskDelete(NULL);
TEST\TEST.c(46): warning:  #111-D: statement is unreachable
        vTaskDelete(NULL);
TEST\TEST.c: 4 warnings, 0 errors
".\PWMandOnboardLEDS.axf" - 17 Error(s), 11 Warning(s).
Target not created
