<html>
<body>
<pre>
<h1>µVision Build Log</h1>
<h2>Project:</h2>
C:\Users\Redud1\Desktop\Новая папка\projects\RADAR REPAIR LAST VITALIK FreeRTOS\PWMandOnboardLEDS.uvproj
Project File Date:  02/04/2016

<h2>Output:</h2>
Build target 'Target 1'
compiling FlowFunctions.c...
MyCode\FlowFunctions.c(72): warning:  #111-D: statement is unreachable
                vTaskDelete(NULL);
MyCode\FlowFunctions.c(101): warning:  #111-D: statement is unreachable
                vTaskDelete(NULL);
MyCode\FlowFunctions.c(77): warning:  #177-D: variable "TaskParams" was declared but never referenced
                struct pTaskParamsType* TaskParams=(struct pTaskParamsType*) pvParameters;
MyCode\FlowFunctions.c(111): warning:  #1035-D: single-precision operand implicitly converted to double-precision
                        if(V_MAIN>0.5)
MyCode\FlowFunctions.c(132): warning:  #111-D: statement is unreachable
                vTaskDelete(NULL);
MyCode\FlowFunctions.c(107): warning:  #177-D: variable "TaskParams" was declared but never referenced
                struct pTaskParamsType* TaskParams=(struct pTaskParamsType*) pvParameters;
MyCode\FlowFunctions.c(158): warning:  #111-D: statement is unreachable
                vTaskDelete(NULL);
MyCode\FlowFunctions.c: 7 warnings, 0 errors
linking...
Program Size: Code=18144 RO-data=424 RW-data=236 ZI-data=24940  
".\PWMandOnboardLEDS.axf" - 0 Error(s), 7 Warning(s).
Load "C:\\Users\\Redud1\\Desktop\\Новая папка\\projects\\RADAR REPAIR LAST VITALIK FreeRTOS\\PWMandOnboardLEDS.axf" 
Erase Done.
Programming Done.
Verify OK.
</pre>
</body>
</html>
 unreachable
        vTaskDelete(NULL);
TEST\TEST.c(24): warning:  #111-D: statement is unreachable
        vTaskDelete(NULL);
TEST\TEST.c(35): warning:  #111-D: statement is unreachable
        vTaskDelete(NULL);
TEST\TEST.c(46): warning:  #111-D: statement is unreachable
        vTaskDelete(NULL);
TEST\TEST.c: 4 warnings, 0 errors
linking...
Program Size: Code=18204 RO-data=424 RW-data=236 ZI-data=24940  
".\PWMandOnboardLEDS.axf" - 0 Error(s), 11 Warning(s).
stm32f4xx_iwdg.c...
compiling stm32f4xx_ltdc.c...
compiling stm32f4xx_pwr.c...
compiling stm32f4xx_qspi.c...
compiling stm32f4xx_rcc.c...
compiling stm32f4xx_rng.c...
compiling stm32f4xx_rtc.c...
compiling stm32f4xx_sai.c...
compiling stm32f4xx_sdio.c...
compiling stm32f4xx_spdifrx.c...
compiling stm32f4xx_spi.c...
compiling stm32f4xx_syscfg.c...
compiling stm32f4xx_tim.c...
compiling stm32f4xx_usart.c...
compiling stm32f4xx_wwdg.c...
compiling croutine.c...
compiling heap_3.c...
compiling list.c...
compiling port.c...
compiling queue.c...
compiling tasks.c...
compiling timers.c...
compiling TEST.c...
TEST\TEST.c(12): warning:  #111-D: statement is unreachable
        vTaskDelete(NULL);
TEST\TEST.c(24): warning:  #111-D: statement is unreachable
        vTaskDelete(NULL);
TEST\TEST.c(35): warning:  #111-D: statement is unreachable
        vTaskDelete(NULL);
TEST\TEST.c(46): warning:  #111-D: statement is unreachable
        vTaskDelete(NULL);
TEST\TEST.c: 4 warnings, 0 errors
linking...
Program Size: Code=18164 RO-data=424 RW-data=236 ZI-data=24940  
".\PWMandOnboardLEDS.axf" - 0 Error(s), 10 Warning(s).
Load "C:\\Users\\Redud1\\Desktop\\Новая папка\\projects\\RADAR REPAIR LAST VITALIK FreeRTOS\\PWMandOnboardLEDS.axf" 
Erase Done.
Programming Done.
Verify OK.
0  
".\PWMandOnboardLEDS.axf" - 0 Error(s), 11 Warning(s).
Load "C:\\Users\\Redud1\\Desktop\\Новая папка\\projects\\RADAR REPAIR LAST VITALIK FreeRTOS\\PWMandOnboardLEDS.axf" 
Erase Done.
Programming Done.
Verify OK.
