ARM Linker, 5.03 [Build 76] [MDK-ARM Lite]

==============================================================================

Section Cross References

    startup_stm32f40_41xxx.o(STACK) refers (Special) to heapauxi.o(.text) for __use_two_region_memory
    startup_stm32f40_41xxx.o(HEAP) refers (Special) to heapauxi.o(.text) for __use_two_region_memory
    startup_stm32f40_41xxx.o(RESET) refers (Special) to heapauxi.o(.text) for __use_two_region_memory
    startup_stm32f40_41xxx.o(RESET) refers to startup_stm32f40_41xxx.o(STACK) for __initial_sp
    startup_stm32f40_41xxx.o(RESET) refers to startup_stm32f40_41xxx.o(.text) for Reset_Handler
    startup_stm32f40_41xxx.o(RESET) refers to port.o(.emb_text) for SVC_Handler
    startup_stm32f40_41xxx.o(RESET) refers to port.o(.text) for SysTick_Handler
    startup_stm32f40_41xxx.o(RESET) refers to mcuinit.o(.text) for TIM2_IRQHandler
    startup_stm32f40_41xxx.o(RESET) refers to main.o(.text) for USART1_IRQHandler
    startup_stm32f40_41xxx.o(.text) refers (Special) to heapauxi.o(.text) for __use_two_region_memory
    startup_stm32f40_41xxx.o(.text) refers to system_stm32f4xx.o(.text) for SystemInit
    startup_stm32f40_41xxx.o(.text) refers to __main.o(!!!main) for __main
    startup_stm32f40_41xxx.o(.text) refers to startup_stm32f40_41xxx.o(HEAP) for Heap_Mem
    startup_stm32f40_41xxx.o(.text) refers to startup_stm32f40_41xxx.o(STACK) for Stack_Mem
    mcuinit.o(.text) refers to stm32f4xx_dma.o(.text) for DMA_GetITStatus
    mcuinit.o(.text) refers to stm32f4xx_rcc.o(.text) for RCC_AHB1PeriphClockCmd
    mcuinit.o(.text) refers to stm32f4xx_usart.o(.text) for USART_DMACmd
    mcuinit.o(.text) refers to stm32f4xx_gpio.o(.text) for GPIO_Init
    mcuinit.o(.text) refers to main.o(.text) for Send_with_IT_PC
    mcuinit.o(.text) refers to mcuinit.o(.data) for mybuff
    mcuinit.o(.text) refers to system_stm32f4xx.o(.data) for SystemCoreClock
    mcuinit.o(.text) refers to stm32f4xx_spi.o(.text) for SPI_Init
    mcuinit.o(.text) refers to stm32f4xx_tim.o(.text) for TIM_TimeBaseInit
    mcuinit.o(.text) refers to main.o(.data) for test
    main.o(.text) refers to stm32f4xx_usart.o(.text) for USART_GetITStatus
    main.o(.text) refers to stm32f4xx_rcc.o(.text) for RCC_AHB1PeriphClockCmd
    main.o(.text) refers to stm32f4xx_gpio.o(.text) for GPIO_Init
    main.o(.text) refers to system_stm32f4xx.o(.text) for SystemCoreClockUpdate
    main.o(.text) refers to mcuinit.o(.text) for timer2_ini
    main.o(.text) refers to noretval__2sprintf.o(.text) for __2sprintf
    main.o(.text) refers to flowfunctions.o(.text) for TestFunction
    main.o(.text) refers to main.o(.bss) for Send_buffer
    main.o(.text) refers to main.o(.data) for Send_count
    main.o(.text) refers to system_stm32f4xx.o(.data) for SystemCoreClock
    functions.o(.text) refers to f2d.o(x$fpl$f2d) for __aeabi_f2d
    functions.o(.text) refers to fabs.o(i.__hardfp_fabs) for __hardfp_fabs
    functions.o(.text) refers to drleqf.o(x$fpl$drleqf) for __aeabi_cdrcmple
    functions.o(.text) refers to dleqf.o(x$fpl$dleqf) for __aeabi_cdcmple
    flowfunctions.o(.text) refers to stm32f4xx_gpio.o(.text) for GPIO_ReadInputDataBit
    flowfunctions.o(.text) refers to tasks.o(.text) for vTaskDelay
    flowfunctions.o(.text) refers to functions.o(.text) for Start
    flowfunctions.o(.text) refers to f2d.o(x$fpl$f2d) for __aeabi_f2d
    flowfunctions.o(.text) refers to drleqf.o(x$fpl$drleqf) for __aeabi_cdrcmple
    flowfunctions.o(.text) refers to flowfunctions.o(.data) for V_MAIN
    system_stm32f4xx.o(.text) refers to system_stm32f4xx.o(.data) for SystemCoreClock
    stm32f4xx_adc.o(.text) refers to stm32f4xx_rcc.o(.text) for RCC_APB2PeriphResetCmd
    stm32f4xx_can.o(.text) refers to stm32f4xx_rcc.o(.text) for RCC_APB1PeriphResetCmd
    stm32f4xx_cryp.o(.text) refers to stm32f4xx_rcc.o(.text) for RCC_AHB2PeriphResetCmd
    stm32f4xx_cryp_aes.o(.text) refers to stm32f4xx_cryp.o(.text) for CRYP_KeyStructInit
    stm32f4xx_cryp_des.o(.text) refers to stm32f4xx_cryp.o(.text) for CRYP_KeyStructInit
    stm32f4xx_cryp_tdes.o(.text) refers to stm32f4xx_cryp.o(.text) for CRYP_KeyStructInit
    stm32f4xx_dac.o(.text) refers to stm32f4xx_rcc.o(.text) for RCC_APB1PeriphResetCmd
    stm32f4xx_dma2d.o(.text) refers to stm32f4xx_rcc.o(.text) for RCC_AHB1PeriphResetCmd
    stm32f4xx_fsmc.o(.text) refers to stm32f4xx_fsmc.o(.constdata) for FSMC_DefaultTimingStruct
    stm32f4xx_gpio.o(.text) refers to stm32f4xx_rcc.o(.text) for RCC_AHB1PeriphResetCmd
    stm32f4xx_hash.o(.text) refers to stm32f4xx_rcc.o(.text) for RCC_AHB2PeriphResetCmd
    stm32f4xx_hash_md5.o(.text) refers to stm32f4xx_hash.o(.text) for HASH_DeInit
    stm32f4xx_hash_sha1.o(.text) refers to stm32f4xx_hash.o(.text) for HASH_DeInit
    stm32f4xx_i2c.o(.text) refers to stm32f4xx_rcc.o(.text) for RCC_APB1PeriphResetCmd
    stm32f4xx_ltdc.o(.text) refers to stm32f4xx_rcc.o(.text) for RCC_APB2PeriphResetCmd
[...]
    .ARM.Collect$$libinit$$00000017          0x0800020a   Section        0  libinit2.o(.ARM.Collect$$libinit$$00000017)
    .ARM.Collect$$libinit$$00000019          0x0800020a   Section        0  libinit2.o(.ARM.Collect$$libinit$$00000019)
    .ARM.Collect$$libinit$$0000001B          0x0800020a   Section        0  libinit2.o(.ARM.Collect$$libinit$$0000001B)
    .ARM.Collect$$libinit$$0000001D          0x0800020a   Section        0  libinit2.o(.ARM.Collect$$libinit$$0000001D)
    .ARM.Collect$$libinit$$0000001F          0x0800020a   Section        0  libinit2.o(.ARM.Collect$$libinit$$0000001F)
    .ARM.Collect$$libinit$$00000021          0x0800020a   Section        0  libinit2.o(.ARM.Collect$$libinit$$00000021)
    .ARM.Collect$$libinit$$00000023          0x0800020a   Section        0  libinit2.o(.ARM.Collect$$libinit$$00000023)
    .ARM.Collect$$libinit$$0000002A          0x0800020a   Section        0  libinit2.o(.ARM.Collect$$libinit$$0000002A)
    .ARM.Collect$$libinit$$0000002C          0x0800020a   Section        0  libinit2.o(.ARM.Collect$$libinit$$0000002C)
    .ARM.Collect$$libinit$$0000002E          0x0800020a   Section        0  libinit2.o(.ARM.Collect$$libinit$$0000002E)
    .ARM.Collect$$libinit$$00000030          0x0800020a   Section        0  libinit2.o(.ARM.Collect$$libinit$$00000030)
    .ARM.Collect$$libinit$$00000031          0x0800020a   Section        2  libinit2.o(.ARM.Collect$$libinit$$00000031)
    .ARM.Collect$$libshutdown$$00000000      0x0800020c   Section        2  libshutdown.o(.ARM.Collect$$libshutdown$$00000000)
    .ARM.Collect$$libshutdown$$00000003      0x0800020e   Section        0  libshutdown2.o(.ARM.Collect$$libshutdown$$00000003)
    .ARM.Collect$$libshutdown$$00000006      0x0800020e   Section        0  libshutdown2.o(.ARM.Collect$$libshutdown$$00000006)
    .ARM.Collect$$libshutdown$$00000009      0x0800020e   Section        0  libshutdown2.o(.ARM.Collect$$libshutdown$$00000009)
    .ARM.Collect$$libshutdown$$0000000B      0x0800020e   Section        0  libshutdown2.o(.ARM.Collect$$libshutdown$$0000000B)
    .ARM.Collect$$libshutdown$$0000000E      0x0800020e   Section        0  libshutdown2.o(.ARM.Collect$$libshutdown$$0000000E)
    .ARM.Collect$$libshutdown$$0000000F      0x0800020e   Section        2  libshutdown2.o(.ARM.Collect$$libshutdown$$0000000F)
    .ARM.Collect$$rtentry$$00000000          0x08000210   Section        0  rtentry.o(.ARM.Collect$$rtentry$$00000000)
    .ARM.Collect$$rtentry$$00000002          0x08000210   Section        0  rtentry2.o(.ARM.Collect$$rtentry$$00000002)
    .ARM.Collect$$rtentry$$00000004          0x08000210   Section        6  rtentry4.o(.ARM.Collect$$rtentry$$00000004)
    .ARM.Collect$$rtentry$$00000009          0x08000216   Section        0  rtentry2.o(.ARM.Collect$$rtentry$$00000009)
    .ARM.Collect$$rtentry$$0000000A          0x08000216   Section        4  rtentry2.o(.ARM.Collect$$rtentry$$0000000A)
    .ARM.Collect$$rtentry$$0000000C          0x0800021a   Section        0  rtentry2.o(.ARM.Collect$$rtentry$$0000000C)
    .ARM.Collect$$rtentry$$0000000D          0x0800021a   Section        8  rtentry2.o(.ARM.Collect$$rtentry$$0000000D)
    .ARM.Collect$$rtexit$$00000000           0x08000222   Section        2  rtexit.o(.ARM.Collect$$rtexit$$00000000)
    .ARM.Collect$$rtexit$$00000002           0x08000224   Section        0  rtexit2.o(.ARM.Collect$$rtexit$$00000002)
    .ARM.Collect$$rtexit$$00000003           0x08000224   Section        4  rtexit2.o(.ARM.Collect$$rtexit$$00000003)
    .ARM.Collect$$rtexit$$00000004           0x08000228   Section        6  rtexit2.o(.ARM.Collect$$rtexit$$00000004)
    .emb_text                                0x08000230   Section      168  port.o(.emb_text)
    $v0                                      0x08000230   Number         0  port.o(.emb_text)
    .emb_text                                0x080002d8   Section        0  maybetermalloc1.o(.emb_text)
    .text                                    0x080002d8   Section       64  startup_stm32f40_41xxx.o(.text)
    $v0                                      0x080002d8   Number         0  startup_stm32f40_41xxx.o(.text)
    .text                                    0x08000318   Section        0  mcuinit.o(.text)
    NVIC_EnableIRQ                           0x0800095f   Thumb Code    24  mcuinit.o(.text)
    .text                                    0x0800099c   Section        0  main.o(.text)
    .text                                    0x08000d24   Section        0  functions.o(.text)
    .text                                    0x08000fa0   Section        0  flowfunctions.o(.text)
    .text                                    0x080011e0   Section        0  system_stm32f4xx.o(.text)
    SetSysClock                              0x080011e1   Thumb Code   218  system_stm32f4xx.o(.text)
    .text                                    0x080013ec   Section        0  stm32f4xx_dma.o(.text)
    .text                                    0x08001790   Section        0  stm32f4xx_gpio.o(.text)
    .text                                    0x08001a24   Section        0  stm32f4xx_rcc.o(.text)
    .text                                    0x08002080   Section        0  stm32f4xx_spi.o(.text)
    .text                                    0x080024fc   Section        0  stm32f4xx_tim.o(.text)
    TI4_Config                               0x08002c9b   Thumb Code    80  stm32f4xx_tim.o(.text)
    TI3_Config                               0x08002cfd   Thumb Code    72  stm32f4xx_tim.o(.text)
    TI2_Config                               0x08002d5f   Thumb Code    90  stm32f4xx_tim.o(.text)
    TI1_Config                               0x08002dcb   Thumb Code    58  stm32f4xx_tim.o(.text)
    .text                                    0x080031a0   Section        0  stm32f4xx_usart.o(.text)
    .text                                    0x080035f4   Section        0  heap_3.o(.text)
    .text                                    0x08003628   Section        0  list.o(.text)
    .text                                    0x080036bc   Section        0  port.o(.text)
    prvSetupTimerInterrupt                   0x080036dd   Thumb Code    16  port.o(.text)
    .text                                    0x08003788   Section        0  tasks.o(.text)
    prvInitialiseTaskLists                   0x08003789   Thumb Code    70  tasks.o(.text)
    prvInitialiseTCBVariables                0x080037cf   Thumb Code    68  tasks.o(.text)
    prvAllocateTCBAndStack                   0x08003813   Thumb Code    58  tasks.o(.text)
    prvAddCurrentTaskToDelayedList           0x08003b3b   Thumb Code   146  tasks.o(.text)
    prvDeleteTCB                             0x08003f11   Thumb Code    18  tasks.o(.text)
    prvCheckTasksWaitingTermination          0x08003f23   Thumb Code    82  tasks.o(.text)
    prvIdleTask                              0x08003f75   Thumb Code    24  tasks.o(.text)
    .text                                    0x08004178   Section        0  h1_alloc.o(.text)
    .text                                    0x080041d6   Section        0  h1_free.o(.text)
    .text                                    0x08004224   Section        0  noretval__2sprintf.o(.text)
    .text                                    0x0800424c   Section       16  aeabi_memset.o(.text)
    .text                                    0x0800425c   Section       86  strncpy.o(.text)
    .text                                    0x080042b2   Section        0  heapauxi.o(.text)
    .text                                    0x080042b8   Section        8  rt_heap_descriptor_intlibspace.o(.text)
    .text                                    0x080042c0   Section        0  hguard.o(.text)
    .text                                    0x080042c4   Section        0  init_alloc.o(.text)
    .text                                    0x0800434e   Section        0  h1_init.o(.text)
    .text                                    0x0800435c   Section        0  _printf_char_common.o(.text)
    _printf_input_char                       0x0800435d   Thumb Code    10  _printf_char_common.o(.text)
    .text                                    0x0800438c   Section        0  _sputc.o(.text)
    .text                                    0x08004396   Section       68  rt_memclr.o(.text)
    .text                                    0x080043dc   Section        8  libspace.o(.text)
    .text                                    0x080043e4   Section        0  h1_extend.o(.text)
    .text                                    0x08004418   Section        0  __printf_nopercent.o(.text)
    .text                                    0x0800443e   Section        0  defsig_rtmem_outer.o(.text)
    .text                                    0x0800444c   Section       78  rt_memclr_w.o(.text)
    .text                                    0x0800449a   Section        2  use_no_semi.o(.text)
    .text                                    0x0800449c   Section       74  sys_stackheap_outer.o(.text)
    .text                                    0x0800449c   Section        0  indicate_semi.o(.text)
    .text                                    0x080044e6   Section        0  exit.o(.text)
    .text                                    0x080044f2   Section        0  defsig_exit.o(.text)
    .text                                    0x080044fc   Section        0  defsig_rtmem_inner.o(.text)
    .text                                    0x0800454c   Section        0  sys_exit.o(.text)
    .text                                    0x08004558   Section        0  defsig_general.o(.text)
    .text                                    0x0800458a   Section        0  sys_wrch.o(.text)
    i.__hardfp_fabs                          0x08004598   Section        0  fabs.o(i.__hardfp_fabs)
    x$fpl$dcmpinf                            0x080045ac   Section       24  dcmpi.o(x$fpl$dcmpinf)
    $v0                                      0x080045ac   Number         0  dcmpi.o(x$fpl$dcmpinf)
    x$fpl$dleqf                              0x080045c4   Section      120  dleqf.o(x$fpl$dleqf)
    $v0                                      0x080045c4   Number         0  dleqf.o(x$fpl$dleqf)
    x$fpl$dnaninf                            0x0800463c   Section      156  dnaninf.o(x$fpl$dnaninf)
    $v0                                      0x0800463c   Number         0  dnaninf.o(x$fpl$dnaninf)
    x$fpl$dretinf                            0x080046d8   Section       12  dretinf.o(x$fpl$dretinf)
    $v0                                      0x080046d8   Number         0  dretinf.o(x$fpl$dretinf)
    x$fpl$drleqf                             0x080046e4   Section      108  drleqf.o(x$fpl$drleqf)
    $v0                                      0x080046e4   Number         0  drleqf.o(x$fpl$drleqf)
    x$fpl$f2d                                0x08004750   Section       86  f2d.o(x$fpl$f2d)
    $v0                                      0x08004750   Number         0  f2d.o(x$fpl$f2d)
    x$fpl$fnaninf                            0x080047a6   Section      140  fnaninf.o(x$fpl$fnaninf)
    $v0                                      0x080047a6   Number         0  fnaninf.o(x$fpl$fnaninf)
    x$fpl$fpinit                             0x08004832   Section       10  fpinit.o(x$fpl$fpinit)
    $v0                                      0x08004832   Number         0  fpinit.o(x$fpl$fpinit)
    x$fpl$usenofp                            0x0800483c   Section        0  usenofp.o(x$fpl$usenofp)
    .data                                    0x20000000   Section       15  mcuinit.o(.data)
    .data                                    0x20000010   Section       92  main.o(.data)
    Vmin                                     0x20000010   Data           4  main.o(.data)
    Vmax                                     0x20000014   Data           4  main.o(.data)
    UPAccel                                  0x20000018   Data           4  main.o(.data)
    DAccel                                   0x2000001c   Data           4  main.o(.data)
    dt                                       0x20000020   Data           4  main.o(.data)
    Vmax_STOP                                0x20000024   Data           4  main.o(.data)
    GIV_PHASE                                0x20000028   Data           4  main.o(.data)
    CUR_PHASE                                0x2000002c   Data           4  main.o(.data)
    V_MAIN                                   0x20000030   Data           4  main.o(.data)
    TimingDelay                              0x20000060   Data           4  main.o(.data)
    .data                                    0x2000006c   Section       50  flowfunctions.o(.data)
    Vmin                                     0x2000006c   Data           4  flowfunctions.o(.data)
    Vmax                                     0x20000070   Data           4  flowfunctions.o(.data)
    UPAccel                                  0x20000074   Data           4  flowfunctions.o(.data)
    DAccel                                   0x20000078   Data           4  flowfunctions.o(.data)
    dt                                       0x2000007c   Data           4  flowfunctions.o(.data)
    Vmax_STOP                                0x20000080   Data           4  flowfunctions.o(.data)
    GIV_PHASE                                0x20000084   Data           4  flowfunctions.o(.data)
    CUR_PHASE                                0x20000088   Data           4  flowfunctions.o(.data)
    V_MAIN                                   0x2000008c   Data           4  flowfunctions.o(.data)
    .data                                    0x200000a0   Section       20  system_stm32f4xx.o(.data)
    .data                                    0x200000b4   Section       16  stm32f4xx_rcc.o(.data)
    APBAHBPrescTable                         0x200000b4   Data          16  stm32f4xx_rcc.o(.data)
    .data                                    0x200000c4   Section        4  port.o(.data)
    uxCriticalNesting                        0x200000c4   Data           4  port.o(.data)
    .data                                    0x200000c8   Section       60  tasks.o(.data)
    uxTasksDeleted                           0x200000cc   Data           4  tasks.o(.data)
    uxCurrentNumberOfTasks                   0x200000d0   Data           4  tasks.o(.data)
    xTickCount                               0x200000d4   Data           4  tasks.o(.data)
    uxTopUsedPriority                        0x200000d8   Data           4  tasks.o(.data)
    uxTopReadyPriority                       0x200000dc   Data           4  tasks.o(.data)
    xSchedulerRunning                        0x200000e0   Data           4  tasks.o(.data)
    uxSchedulerSuspended                     0x200000e4   Data           4  tasks.o(.data)
    uxMissedTicks                            0x200000e8   Data           4  tasks.o(.data)
    xMissedYield                             0x200000ec   Data           4  tasks.o(.data)
    xNumOfOverflows                          0x200000f0   Data           4  tasks.o(.data)
    uxTaskNumber                             0x200000f4   Data           4  tasks.o(.data)
    xNextTaskUnblockTime                     0x200000f8   Data           4  tasks.o(.data)
    pxDelayedTaskList                        0x200000fc   Data           4  tasks.o(.data)
    pxOverflowDelayedTaskList                0x20000100   Data           4  tasks.o(.data)
    .bss                                     0x20000104   Section       62  main.o(.bss)
    TaskParams                               0x20000104   Data          24  main.o(.bss)
    .bss                                     0x20000144   Section      200  tasks.o(.bss)
    pxReadyTasksLists                        0x20000144   Data         100  tasks.o(.bss)
    xDelayedTaskList1                        0x200001a8   Data          20  tasks.o(.bss)
    xDelayedTaskList2                        0x200001bc   Data          20  tasks.o(.bss)
    xPendingReadyList                        0x200001d0   Data          20  tasks.o(.bss)
    xTasksWaitingTermination                 0x200001e4   Data          20  tasks.o(.bss)
    xSuspendedTaskList                       0x200001f8   Data          20  tasks.o(.bss)
    .bss                                     0x2000020c   Section       96  libspace.o(.bss)
    HEAP                                     0x20000270   Section     8192  startup_stm32f40_41xxx.o(HEAP)
    Heap_Mem                                 0x20000270   Data        8192  startup_stm32f40_41xxx.o(HEAP)
    STACK                                    0x20002270   Section    16384  startup_stm32f40_41xxx.o(STACK)
    Stack_Mem                                0x20002270   Data       16384  startup_stm32f40_41xxx.o(STACK)
    __initial_sp                             0x20006270   Data           0  startup_stm32f40_41xxx.o(STACK)

    Global Symbols

    Symbol Name                              Value     Ov Type        Size  Object(Section)

    BuildAttributes$$THM_ISAv4$E$P$D$K$B$S$7EM$VFPi3$EXTD16$VFPS$VFMA$PE$A:L22UL41UL21$X:L11$S22US41US21$IEEE1$IW$USESV6$~STKCKD$USESV7$~SHL$OTIME$ROPI$IEEEJ$EBA8$UX$STANDARDLIB$REQ8$PRES8$EABIv2 0x00000000   Number         0  anon$$obj.o ABSOLUTE
    __ARM_use_no_argv                        0x00000000   Number         0  main.o ABSOLUTE
    __ARM_exceptions_init                     - Undefined Weak Reference
    __alloca_initialize                       - Undefined Weak Reference
    __cpp_initialize__aeabi_                  - Undefined Weak Reference
    __cxa_finalize                            - Undefined Weak Reference
    __rt_locale                               - Undefined Weak Reference
    __sigvec_lookup                           - Undefined Weak Reference
    __user_heap_extent                        - Undefined Weak Reference
    _atexit_init                              - Undefined Weak Reference
    _call_atexit_fns                          - Undefined Weak Reference
    _clock_init                               - Undefined Weak Reference
    _fp_trap_init                             - Undefined Weak Reference
    _fp_trap_shutdown                         - Undefined Weak Reference
    _get_lc_collate                           - Undefined Weak Reference
    _get_lc_ctype                             - Undefined Weak Reference
    _get_lc_monetary                          - Undefined Weak Reference
    _get_lc_numeric                           - Undefined Weak Reference
    _get_lc_time                              - Undefined Weak Reference
    _getenv_init                              - Undefined Weak Reference
    _handle_redirection                       - Undefined Weak Reference
    _initio                                   - Undefined Weak Reference
    _mutex_acquire                            - Undefined Weak Reference
    _mutex_free                               - Undefined Weak Reference
    _mutex_release                            - Undefined Weak Reference
    _rand_init                                - Undefined Weak Reference
    _signal_finish                            - Undefined Weak Reference
    _signal_init                              - Undefined Weak Reference
    _terminateio                              - Undefined Weak Reference
    __Vectors_Size                           0x00000188   Number         0  startup_stm32f40_41xxx.o ABSOLUTE
    __Vectors                                0x08000000   Data           4  startup_stm32f40_41xxx.o(RESET)
    __Vectors_End                            0x08000188   Data           0  startup_stm32f40_41xxx.o(RESET)
    __main                                   0x08000189   Thumb Code     8  __main.o(!!!main)
    __scatterload                            0x08000191   Thumb Code     0  __scatter.o(!!!scatter)
    __scatterload_rt2                        0x08000191   Thumb Code    44  __scatter.o(!!!scatter)
    __scatterload_rt2_thumb_only             0x08000191   Thumb Code     0  __scatter.o(!!!scatter)
    __scatterload_null                       0x0800019f   Thumb Code     0  __scatter.o(!!!scatter)
    __scatterload_copy                       0x080001c5   Thumb Code    26  __scatter_copy.o(!!handler_copy)
    __scatterload_zeroinit                   0x080001e1   Thumb Code    28  __scatter_zi.o(!!handler_zi)
    __rt_lib_init                            0x080001fd   Thumb Code     0  libinit.o(.ARM.Collect$$libinit$$00000000)
    __rt_lib_init_fp_1                       0x080001ff   Thumb Code     0  libinit2.o(.ARM.Collect$$libinit$$00000001)
    __rt_lib_init_heap_2                     0x08000203   Thumb Code     0  libinit2.o(.ARM.Collect$$libinit$$00000003)
    __rt_lib_init_alloca_1                   0x0800020b   Thumb Code     0  libinit2.o(.ARM.Collect$$libinit$$0000002C)
    __rt_lib_init_argv_1                     0x0800020b   Thumb Code     0  libinit2.o(.ARM.Collect$$libinit$$0000002A)
    __rt_lib_init_atexit_1                   0x0800020b   Thumb Code     0  libinit2.o(.ARM.Collect$$libinit$$00000019)
    __rt_lib_init_clock_1                    0x0800020b   Thumb Code     0  libinit2.o(.ARM.Collect$$libinit$$0000001F)
    __rt_lib_init_cpp_1                      0x0800020b   Thumb Code     0  libinit2.o(.ARM.Collect$$libinit$$00000030)
    __rt_lib_init_exceptions_1               0x0800020b   Thumb Code     0  libinit2.o(.ARM.Collect$$libinit$$0000002E)
    __rt_lib_init_fp_trap_1                  0x0800020b   Thumb Code     0  libinit2.o(.ARM.Collect$$libinit$$0000001D)
    __rt_lib_init_getenv_1                   0x0800020b   Thumb Code     0  libinit2.o(.ARM.Collect$$libinit$$00000021)
    __rt_lib_init_heap_1                     0x0800020b   Thumb Code     0  libinit2.o(.ARM.Collect$$libinit$$00000008)
    __rt_lib_init_lc_collate_1               0x0800020b   Thumb Code     0  libinit2.o(.ARM.Collect$$libinit$$0000000F)
    __rt_lib_init_lc_ctype_1                 0x0800020b   Thumb Code     0  libinit2.o(.ARM.Collect$$libinit$$00000011)
    __rt_lib_init_lc_monetary_1              0x0800020b   Thumb Code     0  libinit2.o(.ARM.Collect$$libinit$$00000013)
    __rt_lib_init_lc_numeric_1               0x0800020b   Thumb Code     0  libinit2.o(.ARM.Collect$$libinit$$00000015)
    __rt_lib_init_lc_time_1                  0x0800020b   Thumb Code     0  libinit2.o(.ARM.Collect$$libinit$$00000017)
    __rt_lib_init_rand_1                     0x0800020b   Thumb Code     0  libinit2.o(.ARM.Collect$$libinit$$0000000C)
    __rt_lib_init_return                     0x0800020b   Thumb Code     0  libinit2.o(.ARM.Collect$$libinit$$00000031)
    __rt_lib_init_signal_1                   0x0800020b   Thumb Code     0  libinit2.o(.ARM.Collect$$libinit$$0000001B)
    __rt_lib_init_stdio_1                    0x0800020b   Thumb Code     0  libinit2.o(.ARM.Collect$$libinit$$00000023)
    __rt_lib_init_user_alloc_1               0x0800020b   Thumb Code     0  libinit2.o(.ARM.Collect$$libinit$$0000000A)
    __rt_lib_shutdown                        0x0800020d   Thumb Code     0  libshutdown.o(.ARM.Collect$$libshutdown$$00000000)
    __rt_lib_shutdown_fp_trap_1              0x0800020f   Thumb Code     0  libshutdown2.o(.ARM.Collect$$libshutdown$$00000006)
    __rt_lib_shutdown_heap_1                 0x0800020f   Thumb Code     0  libshutdown2.o(.ARM.Collect$$libshutdown$$0000000E)
    __rt_lib_shutdown_return                 0x0800020f   Thumb Code     0  libshutdown2.o(.ARM.Collect$$libshutdown$$0000000F)
    __rt_lib_shutdown_signal_1               0x0800020f   Thumb Code     0  libshutdown2.o(.ARM.Collect$$libshutdown$$00000009)
    __rt_lib_shutdown_stdio_1                0x0800020f   Thumb Code     0  libshutdown2.o(.ARM.Collect$$libshutdown$$00000003)
    __rt_lib_shutdown_user_alloc_1           0x0800020f   Thumb Code     0  libshutdown2.o(.ARM.Collect$$libshutdown$$0000000B)
    __rt_entry                               0x08000211   Thumb Code     0  rtentry.o(.ARM.Collect$$rtentry$$00000000)
    __rt_entry_presh_1                       0x08000211   Thumb Code     0  rtentry2.o(.ARM.Collect$$rtentry$$00000002)
    __rt_entry_sh                            0x08000211   Thumb Code     0  rtentry4.o(.ARM.Collect$$rtentry$$00000004)
    __rt_entry_li                            0x08000217   Thumb Code     0  rtentry2.o(.ARM.Collect$$rtentry$$0000000A)
    __rt_entry_postsh_1                      0x08000217   Thumb Code     0  rtentry2.o(.ARM.Collect$$rtentry$$00000009)
    __rt_entry_main                          0x0800021b   Thumb Code     0  rtentry2.o(.ARM.Collect$$rtentry$$0000000D)
    __rt_entry_postli_1                      0x0800021b   Thumb Code     0  rtentry2.o(.ARM.Collect$$rtentry$$0000000C)
    __rt_exit                                0x08000223   Thumb Code     0  rtexit.o(.ARM.Collect$$rtexit$$00000000)
    __rt_exit_ls                             0x08000225   Thumb Code     0  rtexit2.o(.ARM.Collect$$rtexit$$00000003)
    __rt_exit_prels_1                        0x08000225   Thumb Code     0  rtexit2.o(.ARM.Collect$$rtexit$$00000002)
    __rt_exit_exit                           0x08000229   Thumb Code     0  rtexit2.o(.ARM.Collect$$rtexit$$00000004)
    SVC_Handler                              0x08000231   Thumb Code    24  port.o(.emb_text)
    __asm___6_port_c_39a90d8d__prvStartFirstTask 0x0800024d   Thumb Code    16  port.o(.emb_text)
    __asm___6_port_c_39a90d8d__prvEnableVFP  0x08000261   Thumb Code    16  port.o(.emb_text)
    PendSV_Handler                           0x08000275   Thumb Code    76  port.o(.emb_text)
    vPortSetInterruptMask                    0x080002c5   Thumb Code    10  port.o(.emb_text)
    vPortClearInterruptMask                  0x080002cf   Thumb Code    10  port.o(.emb_text)
    Reset_Handler                            0x080002d9   Thumb Code     8  startup_stm32f40_41xxx.o(.text)
    _maybe_terminate_alloc                   0x080002d9   Thumb Code     0  maybetermalloc1.o(.emb_text)
    NMI_Handler                              0x080002e1   Thumb Code     2  startup_stm32f40_41xxx.o(.text)
    HardFault_Handler                        0x080002e3   Thumb Code     2  startup_stm32f40_41xxx.o(.text)
    MemManage_Handler                        0x080002e5   Thumb Code     2  startup_stm32f40_41xxx.o(.text)
    BusFault_Handler                         0x080002e7   Thumb Code     2  startup_stm32f40_41xxx.o(.text)
    UsageFault_Handler                       0x080002e9   Thumb Code     2  startup_stm32f40_41xxx.o(.text)
    DebugMon_Handler                         0x080002ed   Thumb Code     2  startup_stm32f40_41xxx.o(.text)
    ADC_IRQHandler                           0x080002f3   Thumb Code     0  startup_stm32f40_41xxx.o(.text)
    CAN1_RX0_IRQHandler                      0x080002f3   Thumb Code     0  startup_stm32f40_41xxx.o(.text)
    CAN1_RX1_IRQHandler                      0x080002f3   Thumb Code     0  startup_stm32f40_41xxx.o(.text)
    CAN1_SCE_IRQHandler                      0x080002f3   Thumb Code     0  startup_stm32f40_41xxx.o(.text)
    CAN1_TX_IRQHandler                       0x080002f3   Thumb Code     0  startup_stm32f40_41xxx.o(.text)
    CAN2_RX0_IRQHandler                      0x080002f3   Thumb Code     0  startup_stm32f40_41xxx.o(.text)
    CAN2_RX1_IRQHandler                      0x080002f3   Thumb Code     0  startup_stm32f40_41xxx.o(.text)
    CAN2_SCE_IRQHandler                      0x080002f3   Thumb Code     0  startup_stm32f40_41xxx.o(.text)
    CAN2_TX_IRQHandler                       0x080002f3   Thumb Code     0  startup_stm32f40_41xxx.o(.text)
    CRYP_IRQHandler                          0x080002f3   Thumb Code     0  startup_stm32f40_41xxx.o(.text)
    DCMI_IRQHandler                          0x080002f3   Thumb Code     0  startup_stm32f40_41xxx.o(.text)
    DMA1_Stream0_IRQHandler                  0x080002f3   Thumb Code     0  startup_stm32f40_41xxx.o(.text)
    DMA1_Stream1_IRQHandler                  0x080002f3   Thumb Code     0  startup_stm32f40_41xxx.o(.text)
    DMA1_Stream2_IRQHandler                  0x080002f3   Thumb Code     0  startup_stm32f40_41xxx.o(.text)
    DMA1_Stream3_IRQHandler                  0x080002f3   Thumb Code     0  startup_stm32f40_41xxx.o(.text)
    DMA1_Stream4_IRQHandler                  0x080002f3   Thumb Code     0  startup_stm32f40_41xxx.o(.text)
    DMA1_Stream5_IRQHandler                  0x080002f3   Thumb Code     0  startup_stm32f40_41xxx.o(.text)
    DMA1_Stream6_IRQHandler                  0x080002f3   Thumb Code     0  startup_stm32f40_41xxx.o(.text)
    DMA1_Stream7_IRQHandler                  0x080002f3   Thumb Code     0  startup_stm32f40_41xxx.o(.text)
    DMA2_Stream0_IRQHandler                  0x080002f3   Thumb Code     0  startup_stm32f40_41xxx.o(.text)
    DMA2_Stream1_IRQHandler                  0x080002f3   Thumb Code     0  startup_stm32f40_41xxx.o(.text)
    DMA2_Stream2_IRQHandler                  0x080002f3   Thumb Code     0  startup_stm32f40_41xxx.o(.text)
    DMA2_Stream3_IRQHandler                  0x080002f3   Thumb Code     0  startup_stm32f40_41xxx.o(.text)
    DMA2_Stream4_IRQHandler                  0x080002f3   Thumb Code     0  startup_stm32f40_41xxx.o(.text)
    DMA2_Stream5_IRQHandler                  0x080002f3   Thumb Code     0  startup_stm32f40_41xxx.o(.text)
    DMA2_Stream6_IRQHandler                  0x080002f3   Thumb Code     0  startup_stm32f40_41xxx.o(.text)
    DMA2_Stream7_IRQHandler                  0x080002f3   Thumb Code     0  startup_stm32f40_41xxx.o(.text)
    ETH_IRQHandler                           0x080002f3   Thumb Code     0  startup_stm32f40_41xxx.o(.text)
    ETH_WKUP_IRQHandler                      0x080002f3   Thumb Code     0  startup_stm32f40_41xxx.o(.text)
    EXTI0_IRQHandler                         0x080002f3   Thumb Code     0  startup_stm32f40_41xxx.o(.text)
    EXTI15_10_IRQHandler                     0x080002f3   Thumb Code     0  startup_stm32f40_41xxx.o(.text)
    EXTI1_IRQHandler                         0x080002f3   Thumb Code     0  startup_stm32f40_41xxx.o(.text)
    EXTI2_IRQHandler                         0x080002f3   Thumb Code     0  startup_stm32f40_41xxx.o(.text)
    EXTI3_IRQHandler                         0x080002f3   Thumb Code     0  startup_stm32f40_41xxx.o(.text)
    EXTI4_IRQHandler                         0x080002f3   Thumb Code     0  startup_stm32f40_41xxx.o(.text)
    EXTI9_5_IRQHandler                       0x080002f3   Thumb Code     0  startup_stm32f40_41xxx.o(.text)
    FLASH_IRQHandler                         0x080002f3   Thumb Code     0  startup_stm32f40_41xxx.o(.text)
    FPU_IRQHandler                           0x080002f3   Thumb Code     0  startup_stm32f40_41xxx.o(.text)
    FSMC_IRQHandler                          0x080002f3   Thumb Code     0  startup_stm32f40_41xxx.o(.text)
    HASH_RNG_IRQHandler                      0x080002f3   Thumb Code     0  startup_stm32f40_41xxx.o(.text)
    I2C1_ER_IRQHandler                       0x080002f3   Thumb Code     0  startup_stm32f40_41xxx.o(.text)
    I2C1_EV_IRQHandler                       0x080002f3   Thumb Code     0  startup_stm32f40_41xxx.o(.text)
    I2C2_ER_IRQHandler                       0x080002f3   Thumb Code     0  startup_stm32f40_41xxx.o(.text)
    I2C2_EV_IRQHandler                       0x080002f3   Thumb Code     0  startup_stm32f40_41xxx.o(.text)
    I2C3_ER_IRQHandler                       0x080002f3   Thumb Code     0  startup_stm32f40_41xxx.o(.text)
    I2C3_EV_IRQHandler                       0x080002f3   Thumb Code     0  startup_stm32f40_41xxx.o(.text)
    OTG_FS_IRQHandler                        0x080002f3   Thumb Code     0  startup_stm32f40_41xxx.o(.text)
    OTG_FS_WKUP_IRQHandler                   0x080002f3   Thumb Code     0  startup_stm32f40_41xxx.o(.text)
    OTG_HS_EP1_IN_IRQHandler                 0x080002f3   Thumb Code     0  startup_stm32f40_41xxx.o(.text)
    OTG_HS_EP1_OUT_IRQHandler                0x080002f3   Thumb Code     0  startup_stm32f40_41xxx.o(.text)
    OTG_HS_IRQHandler                        0x080002f3   Thumb Code     0  startup_stm32f40_41xxx.o(.text)
    OTG_HS_WKUP_IRQHandler                   0x080002f3   Thumb Code     0  startup_stm32f40_41xxx.o(.text)
    PVD_IRQHandler                           0x080002f3   Thumb Code     0  startup_stm32f40_41xxx.o(.text)
    RCC_IRQHandler                           0x080002f3   Thumb Code     0  startup_stm32f40_41xxx.o(.text)
    RTC_Alarm_IRQHandler                     0x080002f3   Thumb Code     0  startup_stm32f40_41xxx.o(.text)
    RTC_WKUP_IRQHandler                      0x080002f3   Thumb Code     0  startup_stm32f40_41xxx.o(.text)
    SDIO_IRQHandler                          0x080002f3   Thumb Code     0  startup_stm32f40_41xxx.o(.text)
    SPI1_IRQHandler                          0x080002f3   Thumb Code     0  startup_stm32f40_41xxx.o(.text)
    SPI2_IRQHandler                          0x080002f3   Thumb Code     0  startup_stm32f40_41xxx.o(.text)
    SPI3_IRQHandler                          0x080002f3   Thumb Code     0  startup_stm32f40_41xxx.o(.text)
    TAMP_STAMP_IRQHandler                    0x080002f3   Thumb Code     0  startup_stm32f40_41xxx.o(.text)
    TIM1_BRK_TIM9_IRQHandler                 0x080002f3   Thumb Code     0  startup_stm32f40_41xxx.o(.text)
    TIM1_CC_IRQHandler                       0x080002f3   Thumb Code     0  startup_stm32f40_41xxx.o(.text)
    TIM1_TRG_COM_TIM11_IRQHandler            0x080002f3   Thumb Code     0  startup_stm32f40_41xxx.o(.text)
    TIM1_UP_TIM10_IRQHandler                 0x080002f3   Thumb Code     0  startup_stm32f40_41xxx.o(.text)
    TIM4_IRQHandler                          0x080002f3   Thumb Code     0  startup_stm32f40_41xxx.o(.text)
    TIM5_IRQHandler                          0x080002f3   Thumb Code     0  startup_stm32f40_41xxx.o(.text)
    TIM6_DAC_IRQHandler                      0x080002f3   Thumb Code     0  startup_stm32f40_41xxx.o(.text)
    TIM7_IRQHandler                          0x080002f3   Thumb Code     0  startup_stm32f40_41xxx.o(.text)
    TIM8_BRK_TIM12_IRQHandler                0x080002f3   Thumb Code     0  startup_stm32f40_41xxx.o(.text)
    TIM8_CC_IRQHandler                       0x080002f3   Thumb Code     0  startup_stm32f40_41xxx.o(.text)
    TIM8_TRG_COM_TIM14_IRQHandler            0x080002f3   Thumb Code     0  startup_stm32f40_41xxx.o(.text)
    TIM8_UP_TIM13_IRQHandler                 0x080002f3   Thumb Code     0  startup_stm32f40_41xxx.o(.text)
    UART4_IRQHandler                         0x080002f3   Thumb Code     0  startup_stm32f40_41xxx.o(.text)
    UART5_IRQHandler                         0x080002f3   Thumb Code     0  startup_stm32f40_41xxx.o(.text)
    USART3_IRQHandler                        0x080002f3   Thumb Code     0  startup_stm32f40_41xxx.o(.text)
    USART6_IRQHandler                        0x080002f3   Thumb Code     0  startup_stm32f40_41xxx.o(.text)
    WWDG_IRQHandler                          0x080002f3   Thumb Code     0  startup_stm32f40_41xxx.o(.text)
    __user_initial_stackheap                 0x080002f5   Thumb Code     0  startup_stm32f40_41xxx.o(.text)
    DMA1_Steam6_IRQHandler                   0x08000319   Thumb Code    24  mcuinit.o(.text)
    DMA_ini                                  0x08000331   Thumb Code   108  mcuinit.o(.text)
    INIT_SysTick                             0x0800039d   Thumb Code    80  mcuinit.o(.text)
    LEDs_ini                                 0x080003ed   Thumb Code    46  mcuinit.o(.text)
    BUT_ini                                  0x0800041b   Thumb Code    42  mcuinit.o(.text)
    my_USART1_Ini                            0x08000445   Thumb Code   148  mcuinit.o(.text)
    SendStrToPC                              0x080004d9   Thumb Code    42  mcuinit.o(.text)
    SendDataToPC                             0x08000503   Thumb Code    42  mcuinit.o(.text)
    SendSingleComand                         0x0800052d   Thumb Code     8  mcuinit.o(.text)
    my_USART3_Ini                            0x08000535   Thumb Code   148  mcuinit.o(.text)
    my_UART4_Ini                             0x080005c9   Thumb Code   128  mcuinit.o(.text)
    my_UART5_Ini                             0x08000649   Thumb Code   232  mcuinit.o(.text)
    my_USART6_Ini                            0x08000731   Thumb Code   128  mcuinit.o(.text)
    init_SPI1                                0x080007b1   Thumb Code   210  mcuinit.o(.text)
    timer2_ini                               0x08000883   Thumb Code    60  mcuinit.o(.text)
    TIM2_IRQHandler                          0x080008bf   Thumb Code    52  mcuinit.o(.text)
    R_Comm_Slow_Run                          0x080008f3   Thumb Code     8  mcuinit.o(.text)
    timer3_ini                               0x080008fb   Thumb Code    68  mcuinit.o(.text)
    TIM3_IRQHandler                          0x0800093f   Thumb Code    32  mcuinit.o(.text)
    USART1_IRQHandler                        0x0800099d   Thumb Code   148  main.o(.text)
    Send_with_IT_PC                          0x08000a31   Thumb Code    40  main.o(.text)
    init_usart2                              0x08000a59   Thumb Code   166  main.o(.text)
    USART2_IRQHandler                        0x08000aff   Thumb Code   128  main.o(.text)
    SendToF1                                 0x08000b7f   Thumb Code    40  main.o(.text)
    GetData                                  0x08000ba7   Thumb Code    32  main.o(.text)
    Delay_ms                                 0x08000bc7   Thumb Code    20  main.o(.text)
    TimingDelay_Decrement                    0x08000bdb   Thumb Code    60  main.o(.text)
    vApplicationIdleHook                     0x08000c17   Thumb Code     2  main.o(.text)
    vApplicationMallocFailedHook             0x08000c19   Thumb Code     4  main.o(.text)
    vApplicationStackOverflowHook            0x08000c1d   Thumb Code     4  main.o(.text)
    vApplicationTickHook                     0x08000c21   Thumb Code     2  main.o(.text)
    main                                     0x08000c23   Thumb Code   144  main.o(.text)
    GetV                                     0x08000d25   Thumb Code    14  functions.o(.text)
    Start                                    0x08000d33   Thumb Code    60  functions.o(.text)
    GetPhase                                 0x08000d6f   Thumb Code    50  functions.o(.text)
    GetAngel                                 0x08000da1   Thumb Code    54  functions.o(.text)
    GetDiffer                                0x08000dd7   Thumb Code    28  functions.o(.text)
    Stop                                     0x08000df3   Thumb Code   366  functions.o(.text)
    GetPath                                  0x08000f61   Thumb Code    46  functions.o(.text)
    vMainSheduler                            0x08000fa1   Thumb Code    92  flowfunctions.o(.text)
    vAcceleration                            0x08000ffd   Thumb Code   106  flowfunctions.o(.text)
    vStop                                    0x08001067   Thumb Code   146  flowfunctions.o(.text)
    vToogleBits                              0x080010f9   Thumb Code   116  flowfunctions.o(.text)
    TestFunction                             0x0800116d   Thumb Code    30  flowfunctions.o(.text)
    SystemInit                               0x080012bb   Thumb Code    88  system_stm32f4xx.o(.text)
    SystemCoreClockUpdate                    0x08001313   Thumb Code   174  system_stm32f4xx.o(.text)
    DMA_DeInit                               0x080013ed   Thumb Code   324  stm32f4xx_dma.o(.text)
    DMA_Init                                 0x08001531   Thumb Code    82  stm32f4xx_dma.o(.text)
    DMA_StructInit                           0x08001583   Thumb Code    34  stm32f4xx_dma.o(.text)
    DMA_Cmd                                  0x080015a5   Thumb Code    22  stm32f4xx_dma.o(.text)
    DMA_PeriphIncOffsetSizeConfig            0x080015bb   Thumb Code    22  stm32f4xx_dma.o(.text)
    DMA_FlowControllerConfig                 0x080015d1   Thumb Code    22  stm32f4xx_dma.o(.text)
    DMA_SetCurrDataCounter                   0x080015e7   Thumb Code     4  stm32f4xx_dma.o(.text)
    DMA_GetCurrDataCounter                   0x080015eb   Thumb Code     8  stm32f4xx_dma.o(.text)
    DMA_DoubleBufferModeConfig               0x080015f3   Thumb Code    24  stm32f4xx_dma.o(.text)
    DMA_DoubleBufferModeCmd                  0x0800160b   Thumb Code    22  stm32f4xx_dma.o(.text)
    DMA_MemoryTargetConfig                   0x08001621   Thumb Code    10  stm32f4xx_dma.o(.text)
    DMA_GetCurrentMemoryTarget               0x0800162b   Thumb Code    20  stm32f4xx_dma.o(.text)
    DMA_GetCmdStatus                         0x0800163f   Thumb Code    20  stm32f4xx_dma.o(.text)
    DMA_GetFIFOStatus                        0x08001653   Thumb Code    12  stm32f4xx_dma.o(.text)
    DMA_GetFlagStatus                        0x0800165f   Thumb Code    54  stm32f4xx_dma.o(.text)
    DMA_ClearFlag                            0x08001695   Thumb Code    40  stm32f4xx_dma.o(.text)
    DMA_ITConfig                             0x080016bd   Thumb Code    58  stm32f4xx_dma.o(.text)
    DMA_GetITStatus                          0x080016f7   Thumb Code    82  stm32f4xx_dma.o(.text)
    DMA_ClearITPendingBit                    0x08001749   Thumb Code    40  stm32f4xx_dma.o(.text)
    GPIO_DeInit                              0x08001791   Thumb Code   268  stm32f4xx_gpio.o(.text)
    GPIO_Init                                0x0800189d   Thumb Code   144  stm32f4xx_gpio.o(.text)
    GPIO_StructInit                          0x0800192d   Thumb Code    18  stm32f4xx_gpio.o(.text)
    GPIO_PinLockConfig                       0x0800193f   Thumb Code    34  stm32f4xx_gpio.o(.text)
    GPIO_ReadInputDataBit                    0x08001961   Thumb Code    18  stm32f4xx_gpio.o(.text)
    GPIO_ReadInputData                       0x08001973   Thumb Code     8  stm32f4xx_gpio.o(.text)
    GPIO_ReadOutputDataBit                   0x0800197b   Thumb Code    18  stm32f4xx_gpio.o(.text)
    GPIO_ReadOutputData                      0x0800198d   Thumb Code     8  stm32f4xx_gpio.o(.text)
    GPIO_SetBits                             0x08001995   Thumb Code     4  stm32f4xx_gpio.o(.text)
    GPIO_ResetBits                           0x08001999   Thumb Code     4  stm32f4xx_gpio.o(.text)
    GPIO_WriteBit                            0x0800199d   Thumb Code    10  stm32f4xx_gpio.o(.text)
    GPIO_Write                               0x080019a7   Thumb Code     4  stm32f4xx_gpio.o(.text)
    GPIO_ToggleBits                          0x080019ab   Thumb Code     8  stm32f4xx_gpio.o(.text)
    GPIO_PinAFConfig                         0x080019b3   Thumb Code    70  stm32f4xx_gpio.o(.text)
    RCC_DeInit                               0x08001a25   Thumb Code    82  stm32f4xx_rcc.o(.text)
    RCC_HSEConfig                            0x08001a77   Thumb Code    14  stm32f4xx_rcc.o(.text)
    RCC_GetFlagStatus                        0x08001a85   Thumb Code    60  stm32f4xx_rcc.o(.text)
    RCC_WaitForHSEStartUp                    0x08001ac1   Thumb Code    56  stm32f4xx_rcc.o(.text)
    RCC_AdjustHSICalibrationValue            0x08001af9   Thumb Code    20  stm32f4xx_rcc.o(.text)
    RCC_HSICmd                               0x08001b0d   Thumb Code     6  stm32f4xx_rcc.o(.text)
    RCC_LSEConfig                            0x08001b13   Thumb Code    46  stm32f4xx_rcc.o(.text)
    RCC_LSICmd                               0x08001b41   Thumb Code     6  stm32f4xx_rcc.o(.text)
    RCC_PLLConfig                            0x08001b47   Thumb Code    32  stm32f4xx_rcc.o(.text)
    RCC_PLLCmd                               0x08001b67   Thumb Code     6  stm32f4xx_rcc.o(.text)
    RCC_PLLI2SConfig                         0x08001b6d   Thumb Code    14  stm32f4xx_rcc.o(.text)
    RCC_PLLI2SCmd                            0x08001b7b   Thumb Code     6  stm32f4xx_rcc.o(.text)
    RCC_PLLSAIConfig                         0x08001b81   Thumb Code    20  stm32f4xx_rcc.o(.text)
    RCC_PLLSAICmd                            0x08001b95   Thumb Code     6  stm32f4xx_rcc.o(.text)
    RCC_ClockSecuritySystemCmd               0x08001b9b   Thumb Code     6  stm32f4xx_rcc.o(.text)
    RCC_MCO1Config                           0x08001ba1   Thumb Code    28  stm32f4xx_rcc.o(.text)
    RCC_MCO2Config                           0x08001bbd   Thumb Code    28  stm32f4xx_rcc.o(.text)
    RCC_SYSCLKConfig                         0x08001bd9   Thumb Code    20  stm32f4xx_rcc.o(.text)
    RCC_GetSYSCLKSource                      0x08001bed   Thumb Code    12  stm32f4xx_rcc.o(.text)
    RCC_HCLKConfig                           0x08001bf9   Thumb Code    20  stm32f4xx_rcc.o(.text)
    RCC_PCLK1Config                          0x08001c0d   Thumb Code    20  stm32f4xx_rcc.o(.text)
    RCC_PCLK2Config                          0x08001c21   Thumb Code    22  stm32f4xx_rcc.o(.text)
    RCC_GetClocksFreq                        0x08001c37   Thumb Code   222  stm32f4xx_rcc.o(.text)
    RCC_RTCCLKConfig                         0x08001d15   Thumb Code    54  stm32f4xx_rcc.o(.text)
    RCC_RTCCLKCmd                            0x08001d4b   Thumb Code     8  stm32f4xx_rcc.o(.text)
    RCC_BackupResetCmd                       0x08001d53   Thumb Code     8  stm32f4xx_rcc.o(.text)
    RCC_I2SCLKConfig                         0x08001d5b   Thumb Code     6  stm32f4xx_rcc.o(.text)
    RCC_SAIBlockACLKConfig                   0x08001d61   Thumb Code    20  stm32f4xx_rcc.o(.text)
    RCC_SAIBlockBCLKConfig                   0x08001d75   Thumb Code    20  stm32f4xx_rcc.o(.text)
    RCC_SAIPLLI2SClkDivConfig                0x08001d89   Thumb Code    26  stm32f4xx_rcc.o(.text)
    RCC_SAIPLLSAIClkDivConfig                0x08001da3   Thumb Code    28  stm32f4xx_rcc.o(.text)
    RCC_LTDCCLKDivConfig                     0x08001dbf   Thumb Code    20  stm32f4xx_rcc.o(.text)
    RCC_TIMCLKPresConfig                     0x08001dd3   Thumb Code     6  stm32f4xx_rcc.o(.text)
    RCC_AHB1PeriphClockCmd                   0x08001dd9   Thumb Code    34  stm32f4xx_rcc.o(.text)
    RCC_AHB2PeriphClockCmd                   0x08001dfb   Thumb Code    78  stm32f4xx_rcc.o(.text)
    RCC_AHB3PeriphClockCmd                   0x08001e49   Thumb Code    34  stm32f4xx_rcc.o(.text)
    RCC_APB1PeriphClockCmd                   0x08001e6b   Thumb Code    34  stm32f4xx_rcc.o(.text)
    RCC_APB2PeriphClockCmd                   0x08001e8d   Thumb Code    34  stm32f4xx_rcc.o(.text)
    RCC_AHB1PeriphResetCmd                   0x08001eaf   Thumb Code    34  stm32f4xx_rcc.o(.text)
    RCC_AHB2PeriphResetCmd                   0x08001ed1   Thumb Code    34  stm32f4xx_rcc.o(.text)
    RCC_AHB3PeriphResetCmd                   0x08001ef3   Thumb Code    34  stm32f4xx_rcc.o(.text)
    RCC_APB1PeriphResetCmd                   0x08001f15   Thumb Code    34  stm32f4xx_rcc.o(.text)
    RCC_APB2PeriphResetCmd                   0x08001f37   Thumb Code    34  stm32f4xx_rcc.o(.text)
    RCC_AHB1PeriphClockLPModeCmd             0x08001f59   Thumb Code    34  stm32f4xx_rcc.o(.text)
    RCC_AHB2PeriphClockLPModeCmd             0x08001f7b   Thumb Code    34  stm32f4xx_rcc.o(.text)
    RCC_AHB3PeriphClockLPModeCmd             0x08001f9d   Thumb Code    34  stm32f4xx_rcc.o(.text)
    RCC_APB1PeriphClockLPModeCmd             0x08001fbf   Thumb Code    34  stm32f4xx_rcc.o(.text)
    RCC_APB2PeriphClockLPModeCmd             0x08001fe1   Thumb Code    34  stm32f4xx_rcc.o(.text)
    RCC_LSEModeConfig                        0x08002003   Thumb Code    40  stm32f4xx_rcc.o(.text)
    RCC_ITConfig                             0x0800202b   Thumb Code    34  stm32f4xx_rcc.o(.text)
    RCC_ClearFlag                            0x0800204d   Thumb Code    18  stm32f4xx_rcc.o(.text)
    RCC_GetITStatus                          0x0800205f   Thumb Code    22  stm32f4xx_rcc.o(.text)
    RCC_ClearITPendingBit                    0x08002075   Thumb Code     8  stm32f4xx_rcc.o(.text)
    SPI_I2S_DeInit                           0x08002081   Thumb Code   152  stm32f4xx_spi.o(.text)
    SPI_Init                                 0x08002119   Thumb Code    60  stm32f4xx_spi.o(.text)
    I2S_Init                                 0x08002155   Thumb Code   392  stm32f4xx_spi.o(.text)
    SPI_StructInit                           0x080022dd   Thumb Code    24  stm32f4xx_spi.o(.text)
    I2S_StructInit                           0x080022f5   Thumb Code    20  stm32f4xx_spi.o(.text)
    SPI_Cmd                                  0x08002309   Thumb Code    24  stm32f4xx_spi.o(.text)
    I2S_Cmd                                  0x08002321   Thumb Code    24  stm32f4xx_spi.o(.text)
    SPI_DataSizeConfig                       0x08002339   Thumb Code    18  stm32f4xx_spi.o(.text)
    SPI_BiDirectionalLineConfig              0x0800234b   Thumb Code    28  stm32f4xx_spi.o(.text)
    SPI_NSSInternalSoftwareConfig            0x08002367   Thumb Code    30  stm32f4xx_spi.o(.text)
    SPI_SSOutputCmd                          0x08002385   Thumb Code    24  stm32f4xx_spi.o(.text)
    SPI_TIModeCmd                            0x0800239d   Thumb Code    24  stm32f4xx_spi.o(.text)
    I2S_FullDuplexConfig                     0x080023b5   Thumb Code    80  stm32f4xx_spi.o(.text)
    SPI_I2S_ReceiveData                      0x08002405   Thumb Code     6  stm32f4xx_spi.o(.text)
    SPI_I2S_SendData                         0x0800240b   Thumb Code     4  stm32f4xx_spi.o(.text)
    SPI_CalculateCRC                         0x0800240f   Thumb Code    24  stm32f4xx_spi.o(.text)
    SPI_TransmitCRC                          0x08002427   Thumb Code    10  stm32f4xx_spi.o(.text)
    SPI_GetCRC                               0x08002431   Thumb Code    16  stm32f4xx_spi.o(.text)
    SPI_GetCRCPolynomial                     0x08002441   Thumb Code     6  stm32f4xx_spi.o(.text)
    SPI_I2S_DMACmd                           0x08002447   Thumb Code    18  stm32f4xx_spi.o(.text)
    SPI_I2S_ITConfig                         0x08002459   Thumb Code    68  stm32f4xx_spi.o(.text)
    SPI_I2S_GetFlagStatus                    0x0800249d   Thumb Code    18  stm32f4xx_spi.o(.text)
    SPI_I2S_ClearFlag                        0x080024af   Thumb Code     6  stm32f4xx_spi.o(.text)
    SPI_I2S_GetITStatus                      0x080024b5   Thumb Code    52  stm32f4xx_spi.o(.text)
    SPI_I2S_ClearITPendingBit                0x080024e9   Thumb Code    20  stm32f4xx_spi.o(.text)
    TIM_DeInit                               0x080024fd   Thumb Code   346  stm32f4xx_tim.o(.text)
    TIM_TimeBaseInit                         0x08002657   Thumb Code   104  stm32f4xx_tim.o(.text)
    TIM_TimeBaseStructInit                   0x080026bf   Thumb Code    18  stm32f4xx_tim.o(.text)
    TIM_PrescalerConfig                      0x080026d1   Thumb Code     6  stm32f4xx_tim.o(.text)
    TIM_CounterModeConfig                    0x080026d7   Thumb Code    18  stm32f4xx_tim.o(.text)
    TIM_SetCounter                           0x080026e9   Thumb Code     4  stm32f4xx_tim.o(.text)
    TIM_SetAutoreload                        0x080026ed   Thumb Code     4  stm32f4xx_tim.o(.text)
    TIM_GetCounter                           0x080026f1   Thumb Code     6  stm32f4xx_tim.o(.text)
    TIM_GetPrescaler                         0x080026f7   Thumb Code     6  stm32f4xx_tim.o(.text)
    TIM_UpdateDisableConfig                  0x080026fd   Thumb Code    24  stm32f4xx_tim.o(.text)
    TIM_UpdateRequestConfig                  0x08002715   Thumb Code    24  stm32f4xx_tim.o(.text)
    TIM_ARRPreloadConfig                     0x0800272d   Thumb Code    24  stm32f4xx_tim.o(.text)
    TIM_SelectOnePulseMode                   0x08002745   Thumb Code    18  stm32f4xx_tim.o(.text)
    TIM_SetClockDivision                     0x08002757   Thumb Code    18  stm32f4xx_tim.o(.text)
    TIM_Cmd                                  0x08002769   Thumb Code    24  stm32f4xx_tim.o(.text)
    TIM_OC1Init                              0x08002781   Thumb Code   114  stm32f4xx_tim.o(.text)
    TIM_OC2Init                              0x080027f3   Thumb Code   154  stm32f4xx_tim.o(.text)
    TIM_OC3Init                              0x0800288d   Thumb Code   204  stm32f4xx_tim.o(.text)
    TIM_OC4Init                              0x08002959   Thumb Code   112  stm32f4xx_tim.o(.text)
    TIM_OCStructInit                         0x080029c9   Thumb Code    20  stm32f4xx_tim.o(.text)
    TIM_SelectOCxM                           0x080029dd   Thumb Code    86  stm32f4xx_tim.o(.text)
    TIM_SetCompare1                          0x08002a33   Thumb Code     4  stm32f4xx_tim.o(.text)
    TIM_SetCompare2                          0x08002a37   Thumb Code     4  stm32f4xx_tim.o(.text)
    TIM_SetCompare3                          0x08002a3b   Thumb Code     4  stm32f4xx_tim.o(.text)
    TIM_SetCompare4                          0x08002a3f   Thumb Code     4  stm32f4xx_tim.o(.text)
    TIM_ForcedOC1Config                      0x08002a43   Thumb Code    18  stm32f4xx_tim.o(.text)
    TIM_ForcedOC2Config                      0x08002a55   Thumb Code    26  stm32f4xx_tim.o(.text)
    TIM_ForcedOC3Config                      0x08002a6f   Thumb Code    18  stm32f4xx_tim.o(.text)
    TIM_ForcedOC4Config                      0x08002a81   Thumb Code    26  stm32f4xx_tim.o(.text)
    TIM_OC1PreloadConfig                     0x08002a9b   Thumb Code    18  stm32f4xx_tim.o(.text)
    TIM_OC2PreloadConfig                     0x08002aad   Thumb Code    26  stm32f4xx_tim.o(.text)
    TIM_OC3PreloadConfig                     0x08002ac7   Thumb Code    18  stm32f4xx_tim.o(.text)
    TIM_OC4PreloadConfig                     0x08002ad9   Thumb Code    26  stm32f4xx_tim.o(.text)
    TIM_OC1FastConfig                        0x08002af3   Thumb Code    18  stm32f4xx_tim.o(.text)
    TIM_OC2FastConfig                        0x08002b05   Thumb Code    26  stm32f4xx_tim.o(.text)
    TIM_OC3FastConfig                        0x08002b1f   Thumb Code    18  stm32f4xx_tim.o(.text)
    TIM_OC4FastConfig                        0x08002b31   Thumb Code    26  stm32f4xx_tim.o(.text)
    TIM_ClearOC1Ref                          0x08002b4b   Thumb Code    18  stm32f4xx_tim.o(.text)
    TIM_ClearOC2Ref                          0x08002b5d   Thumb Code    24  stm32f4xx_tim.o(.text)
    TIM_ClearOC3Ref                          0x08002b75   Thumb Code    18  stm32f4xx_tim.o(.text)
    TIM_ClearOC4Ref                          0x08002b87   Thumb Code    24  stm32f4xx_tim.o(.text)
    TIM_OC1PolarityConfig                    0x08002b9f   Thumb Code    18  stm32f4xx_tim.o(.text)
    TIM_OC1NPolarityConfig                   0x08002bb1   Thumb Code    18  stm32f4xx_tim.o(.text)
    TIM_OC2PolarityConfig                    0x08002bc3   Thumb Code    26  stm32f4xx_tim.o(.text)
    TIM_OC2NPolarityConfig                   0x08002bdd   Thumb Code    26  stm32f4xx_tim.o(.text)
    TIM_OC3PolarityConfig                    0x08002bf7   Thumb Code    26  stm32f4xx_tim.o(.text)
    TIM_OC3NPolarityConfig                   0x08002c11   Thumb Code    26  stm32f4xx_tim.o(.text)
    TIM_OC4PolarityConfig                    0x08002c2b   Thumb Code    26  stm32f4xx_tim.o(.text)
    TIM_CCxCmd                               0x08002c45   Thumb Code    30  stm32f4xx_tim.o(.text)
    TIM_CCxNCmd                              0x08002c63   Thumb Code    30  stm32f4xx_tim.o(.text)
    TIM_SetIC4Prescaler                      0x08002c81   Thumb Code    26  stm32f4xx_tim.o(.text)
    TIM_SetIC3Prescaler                      0x08002ceb   Thumb Code    18  stm32f4xx_tim.o(.text)
    TIM_SetIC2Prescaler                      0x08002d45   Thumb Code    26  stm32f4xx_tim.o(.text)
    TIM_SetIC1Prescaler                      0x08002db9   Thumb Code    18  stm32f4xx_tim.o(.text)
    TIM_ICInit                               0x08002e05   Thumb Code   110  stm32f4xx_tim.o(.text)
    TIM_ICStructInit                         0x08002e73   Thumb Code    18  stm32f4xx_tim.o(.text)
    TIM_PWMIConfig                           0x08002e85   Thumb Code   124  stm32f4xx_tim.o(.text)
    TIM_GetCapture1                          0x08002f01   Thumb Code     6  stm32f4xx_tim.o(.text)
    TIM_GetCapture2                          0x08002f07   Thumb Code     6  stm32f4xx_tim.o(.text)
    TIM_GetCapture3                          0x08002f0d   Thumb Code     6  stm32f4xx_tim.o(.text)
    TIM_GetCapture4                          0x08002f13   Thumb Code     6  stm32f4xx_tim.o(.text)
    TIM_BDTRConfig                           0x08002f19   Thumb Code    32  stm32f4xx_tim.o(.text)
    TIM_BDTRStructInit                       0x08002f39   Thumb Code    18  stm32f4xx_tim.o(.text)
    TIM_CtrlPWMOutputs                       0x08002f4b   Thumb Code    30  stm32f4xx_tim.o(.text)
    TIM_SelectCOM                            0x08002f69   Thumb Code    24  stm32f4xx_tim.o(.text)
    TIM_CCPreloadControl                     0x08002f81   Thumb Code    24  stm32f4xx_tim.o(.text)
    TIM_ITConfig                             0x08002f99   Thumb Code    18  stm32f4xx_tim.o(.text)
    TIM_GenerateEvent                        0x08002fab   Thumb Code     4  stm32f4xx_tim.o(.text)
    TIM_GetFlagStatus                        0x08002faf   Thumb Code    18  stm32f4xx_tim.o(.text)
    TIM_ClearFlag                            0x08002fc1   Thumb Code     6  stm32f4xx_tim.o(.text)
    TIM_GetITStatus                          0x08002fc7   Thumb Code    34  stm32f4xx_tim.o(.text)
    TIM_ClearITPendingBit                    0x08002fe9   Thumb Code     6  stm32f4xx_tim.o(.text)
    TIM_DMAConfig                            0x08002fef   Thumb Code    10  stm32f4xx_tim.o(.text)
    TIM_DMACmd                               0x08002ff9   Thumb Code    18  stm32f4xx_tim.o(.text)
    TIM_SelectCCDMA                          0x0800300b   Thumb Code    24  stm32f4xx_tim.o(.text)
    TIM_InternalClockConfig                  0x08003023   Thumb Code    12  stm32f4xx_tim.o(.text)
    TIM_SelectInputTrigger                   0x0800302f   Thumb Code    18  stm32f4xx_tim.o(.text)
    TIM_ITRxExternalClockConfig              0x08003041   Thumb Code    24  stm32f4xx_tim.o(.text)
    TIM_TIxExternalClockConfig               0x08003059   Thumb Code    62  stm32f4xx_tim.o(.text)
    TIM_ETRConfig                            0x08003097   Thumb Code    28  stm32f4xx_tim.o(.text)
    TIM_ETRClockMode1Config                  0x080030b3   Thumb Code    54  stm32f4xx_tim.o(.text)
    TIM_ETRClockMode2Config                  0x080030e9   Thumb Code    32  stm32f4xx_tim.o(.text)
    TIM_SelectOutputTrigger                  0x08003109   Thumb Code    18  stm32f4xx_tim.o(.text)
    TIM_SelectSlaveMode                      0x0800311b   Thumb Code    18  stm32f4xx_tim.o(.text)
    TIM_SelectMasterSlaveMode                0x0800312d   Thumb Code    18  stm32f4xx_tim.o(.text)
    TIM_EncoderInterfaceConfig               0x0800313f   Thumb Code    66  stm32f4xx_tim.o(.text)
    TIM_SelectHallSensor                     0x08003181   Thumb Code    24  stm32f4xx_tim.o(.text)
    TIM_RemapConfig                          0x08003199   Thumb Code     6  stm32f4xx_tim.o(.text)
    USART_DeInit                             0x080031a1   Thumb Code   206  stm32f4xx_usart.o(.text)
    USART_Init                               0x0800326f   Thumb Code   204  stm32f4xx_usart.o(.text)
    USART_StructInit                         0x0800333b   Thumb Code    24  stm32f4xx_usart.o(.text)
    USART_ClockInit                          0x08003353   Thumb Code    32  stm32f4xx_usart.o(.text)
    USART_ClockStructInit                    0x08003373   Thumb Code    12  stm32f4xx_usart.o(.text)
    USART_Cmd                                0x0800337f   Thumb Code    24  stm32f4xx_usart.o(.text)
    USART_SetPrescaler                       0x08003397   Thumb Code    16  stm32f4xx_usart.o(.text)
    USART_OverSampling8Cmd                   0x080033a7   Thumb Code    22  stm32f4xx_usart.o(.text)
    USART_OneBitMethodCmd                    0x080033bd   Thumb Code    24  stm32f4xx_usart.o(.text)
    USART_SendData                           0x080033d5   Thumb Code     8  stm32f4xx_usart.o(.text)
    USART_ReceiveData                        0x080033dd   Thumb Code    10  stm32f4xx_usart.o(.text)
    USART_SetAddress                         0x080033e7   Thumb Code    18  stm32f4xx_usart.o(.text)
    USART_ReceiverWakeUpCmd                  0x080033f9   Thumb Code    24  stm32f4xx_usart.o(.text)
    USART_WakeUpConfig                       0x08003411   Thumb Code    18  stm32f4xx_usart.o(.text)
    USART_LINBreakDetectLengthConfig         0x08003423   Thumb Code    18  stm32f4xx_usart.o(.text)
    USART_LINCmd                             0x08003435   Thumb Code    24  stm32f4xx_usart.o(.text)
    USART_SendBreak                          0x0800344d   Thumb Code    10  stm32f4xx_usart.o(.text)
    USART_HalfDuplexCmd                      0x08003457   Thumb Code    24  stm32f4xx_usart.o(.text)
    USART_SetGuardTime                       0x0800346f   Thumb Code    16  stm32f4xx_usart.o(.text)
    USART_SmartCardCmd                       0x0800347f   Thumb Code    24  stm32f4xx_usart.o(.text)
    USART_SmartCardNACKCmd                   0x08003497   Thumb Code    24  stm32f4xx_usart.o(.text)
    USART_IrDAConfig                         0x080034af   Thumb Code    18  stm32f4xx_usart.o(.text)
    USART_IrDACmd                            0x080034c1   Thumb Code    24  stm32f4xx_usart.o(.text)
    USART_DMACmd                             0x080034d9   Thumb Code    18  stm32f4xx_usart.o(.text)
    USART_ITConfig                           0x080034eb   Thumb Code    74  stm32f4xx_usart.o(.text)
    USART_GetFlagStatus                      0x08003535   Thumb Code    26  stm32f4xx_usart.o(.text)
    USART_ClearFlag                          0x0800354f   Thumb Code    18  stm32f4xx_usart.o(.text)
    USART_GetITStatus                        0x08003561   Thumb Code   118  stm32f4xx_usart.o(.text)
    USART_ClearITPendingBit                  0x080035d7   Thumb Code    30  stm32f4xx_usart.o(.text)
    pvPortMalloc                             0x080035f5   Thumb Code    30  heap_3.o(.text)
    vPortFree                                0x08003613   Thumb Code    22  heap_3.o(.text)
    vListInitialise                          0x08003629   Thumb Code    26  list.o(.text)
    vListInitialiseItem                      0x08003643   Thumb Code     6  list.o(.text)
    vListInsertEnd                           0x08003649   Thumb Code    28  list.o(.text)
    vListInsert                              0x08003665   Thumb Code    52  list.o(.text)
    vListRemove                              0x08003699   Thumb Code    36  list.o(.text)
    pxPortInitialiseStack                    0x080036bd   Thumb Code    32  port.o(.text)
    xPortStartScheduler                      0x080036ed   Thumb Code    58  port.o(.text)
    vPortEndScheduler                        0x08003727   Thumb Code     2  port.o(.text)
    vPortYieldFromISR                        0x08003729   Thumb Code    12  port.o(.text)
    vPortEnterCritical                       0x08003735   Thumb Code    18  port.o(.text)
    vPortExitCritical                        0x08003747   Thumb Code    24  port.o(.text)
    SysTick_Handler                          0x0800375f   Thumb Code    28  port.o(.text)
    xTaskGenericCreate                       0x0800384d   Thumb Code   240  tasks.o(.text)
    vTaskDelete                              0x0800393d   Thumb Code    94  tasks.o(.text)
    vTaskIncrementTick                       0x0800399b   Thumb Code   228  tasks.o(.text)
    xTaskResumeAll                           0x08003a7f   Thumb Code   188  tasks.o(.text)
    vTaskSuspendAll                          0x08003bcd   Thumb Code    12  tasks.o(.text)
    vTaskDelayUntil                          0x08003bd9   Thumb Code   108  tasks.o(.text)
    vTaskDelay                               0x08003c45   Thumb Code    48  tasks.o(.text)
    uxTaskPriorityGet                        0x08003c75   Thumb Code    30  tasks.o(.text)
    vTaskPrioritySet                         0x08003c93   Thumb Code   150  tasks.o(.text)
    vTaskSwitchContext                       0x08003d29   Thumb Code   122  tasks.o(.text)
    vTaskSuspend                             0x08003da3   Thumb Code   100  tasks.o(.text)
    xTaskIsTaskSuspended                     0x08003e07   Thumb Code    60  tasks.o(.text)
    vTaskResume                              0x08003e43   Thumb Code    92  tasks.o(.text)
    xTaskResumeFromISR                       0x08003e9f   Thumb Code   114  tasks.o(.text)
    vTaskStartScheduler                      0x08003f8d   Thumb Code   116  tasks.o(.text)
    vTaskEndScheduler                        0x08004001   Thumb Code    18  tasks.o(.text)
    xTaskGetTickCount                        0x08004013   Thumb Code    18  tasks.o(.text)
    xTaskGetTickCountFromISR                 0x08004025   Thumb Code    20  tasks.o(.text)
    uxTaskGetNumberOfTasks                   0x08004039   Thumb Code     6  tasks.o(.text)
    vTaskPlaceOnEventList                    0x0800403f   Thumb Code    60  tasks.o(.text)
    xTaskRemoveFromEventList                 0x0800407b   Thumb Code    96  tasks.o(.text)
    vTaskSetTimeOutState                     0x080040db   Thumb Code    14  tasks.o(.text)
    xTaskCheckForTimeOut                     0x080040e9   Thumb Code    92  tasks.o(.text)
    vTaskMissedYield                         0x08004145   Thumb Code     8  tasks.o(.text)
    malloc                                   0x08004179   Thumb Code    94  h1_alloc.o(.text)
    free                                     0x080041d7   Thumb Code    78  h1_free.o(.text)
    __2sprintf                               0x08004225   Thumb Code    34  noretval__2sprintf.o(.text)
    __aeabi_memset                           0x0800424d   Thumb Code    16  aeabi_memset.o(.text)
    strncpy                                  0x0800425d   Thumb Code    86  strncpy.o(.text)
    __use_two_region_memory                  0x080042b3   Thumb Code     2  heapauxi.o(.text)
    __rt_heap_escrow                         0x080042b5   Thumb Code     2  heapauxi.o(.text)
    __rt_heap_expand                         0x080042b7   Thumb Code     2  heapauxi.o(.text)
    __rt_heap_descriptor                     0x080042b9   Thumb Code     8  rt_heap_descriptor_intlibspace.o(.text)
    __use_no_heap                            0x080042c1   Thumb Code     2  hguard.o(.text)
    __heap$guard                             0x080042c3   Thumb Code     2  hguard.o(.text)
    _terminate_user_alloc                    0x080042c5   Thumb Code     2  init_alloc.o(.text)
    _init_user_alloc                         0x080042c7   Thumb Code     2  init_alloc.o(.text)
    __Heap_Full                              0x080042c9   Thumb Code    34  init_alloc.o(.text)
    __Heap_Broken                            0x080042eb   Thumb Code     6  init_alloc.o(.text)
    _init_alloc                              0x080042f1   Thumb Code    94  init_alloc.o(.text)
    __Heap_Initialize                        0x0800434f   Thumb Code    10  h1_init.o(.text)
    __Heap_DescSize                          0x08004359   Thumb Code     4  h1_init.o(.text)
    _printf_char_common                      0x08004367   Thumb Code    32  _printf_char_common.o(.text)
    _sputc                                   0x0800438d   Thumb Code    10  _sputc.o(.text)
    __aeabi_memclr                           0x08004397   Thumb Code     0  rt_memclr.o(.text)
    __rt_memclr                              0x08004397   Thumb Code    68  rt_memclr.o(.text)
    _memset                                  0x0800439b   Thumb Code     0  rt_memclr.o(.text)
    __user_libspace                          0x080043dd   Thumb Code     8  libspace.o(.text)
    __user_perproc_libspace                  0x080043dd   Thumb Code     0  libspace.o(.text)
    __user_perthread_libspace                0x080043dd   Thumb Code     0  libspace.o(.text)
    __Heap_ProvideMemory                     0x080043e5   Thumb Code    52  h1_extend.o(.text)
    __printf                                 0x08004419   Thumb Code    38  __printf_nopercent.o(.text)
    __rt_SIGRTMEM                            0x0800443f   Thumb Code    14  defsig_rtmem_outer.o(.text)
    __aeabi_memclr4                          0x0800444d   Thumb Code     0  rt_memclr_w.o(.text)
    __aeabi_memclr8                          0x0800444d   Thumb Code     0  rt_memclr_w.o(.text)
    __rt_memclr_w                            0x0800444d   Thumb Code    78  rt_memclr_w.o(.text)
    _memset_w                                0x08004451   Thumb Code     0  rt_memclr_w.o(.text)
    __I$use$semihosting                      0x0800449b   Thumb Code     0  use_no_semi.o(.text)
    __use_no_semihosting_swi                 0x0800449b   Thumb Code     2  use_no_semi.o(.text)
    __semihosting_library_function           0x0800449d   Thumb Code     0  indicate_semi.o(.text)
    __user_setup_stackheap                   0x0800449d   Thumb Code    74  sys_stackheap_outer.o(.text)
    exit                                     0x080044e7   Thumb Code    12  exit.o(.text)
    __sig_exit                               0x080044f3   Thumb Code    10  defsig_exit.o(.text)
    __rt_SIGRTMEM_inner                      0x080044fd   Thumb Code    22  defsig_rtmem_inner.o(.text)
    _sys_exit                                0x0800454d   Thumb Code     8  sys_exit.o(.text)
    __default_signal_display                 0x08004559   Thumb Code    50  defsig_general.o(.text)
    _ttywrch                                 0x0800458b   Thumb Code    14  sys_wrch.o(.text)
    __hardfp_fabs                            0x08004599   Thumb Code    20  fabs.o(i.__hardfp_fabs)
    __fpl_dcmp_Inf                           0x080045ad   Thumb Code    24  dcmpi.o(x$fpl$dcmpinf)
    __aeabi_cdcmple                          0x080045c5   Thumb Code     0  dleqf.o(x$fpl$dleqf)
    _dcmple                                  0x080045c5   Thumb Code   120  dleqf.o(x$fpl$dleqf)
    __fpl_dcmple_InfNaN                      0x08004627   Thumb Code     0  dleqf.o(x$fpl$dleqf)
    __fpl_dnaninf                            0x0800463d   Thumb Code   156  dnaninf.o(x$fpl$dnaninf)
    __fpl_dretinf                            0x080046d9   Thumb Code    12  dretinf.o(x$fpl$dretinf)
    __aeabi_cdrcmple                         0x080046e5   Thumb Code     0  drleqf.o(x$fpl$drleqf)
    _drcmple                                 0x080046e5   Thumb Code   108  drleqf.o(x$fpl$drleqf)
    __aeabi_f2d                              0x08004751   Thumb Code     0  f2d.o(x$fpl$f2d)
    _f2d                                     0x08004751   Thumb Code    86  f2d.o(x$fpl$f2d)
    __fpl_fnaninf                            0x080047a7   Thumb Code   140  fnaninf.o(x$fpl$fnaninf)
    _fp_init                                 0x08004833   Thumb Code    10  fpinit.o(x$fpl$fpinit)
    __fplib_config_fpu_vfp                   0x0800483b   Thumb Code     0  fpinit.o(x$fpl$fpinit)
    __fplib_config_pureend_doubles           0x0800483b   Thumb Code     0  fpinit.o(x$fpl$fpinit)
    Region$$Table$$Base                      0x0800483c   Number         0  anon$$obj.o(Region$$Table)
    __I$use$fp                               0x0800483c   Number         0  usenofp.o(x$fpl$usenofp)
    Region$$Table$$Limit                     0x0800485c   Number         0  anon$$obj.o(Region$$Table)
    mybuff                                   0x20000000   Data          10  mcuinit.o(.data)
    count                                    0x2000000a   Data           5  mcuinit.o(.data)
    X_Inclinometer                           0x20000034   Data           4  main.o(.data)
    Y_Inclinometer                           0x20000038   Data           4  main.o(.data)
    Heading                                  0x2000003c   Data           4  main.o(.data)
    CorrectDataReady                         0x20000040   Data           1  main.o(.data)
    PosInBuff                                0x20000041   Data           1  main.o(.data)
    RecieveBuffCRC                           0x20000042   Data           1  main.o(.data)
    UpdateData                               0x20000043   Data           1  main.o(.data)
    UpdateTimeEnd                            0x20000044   Data           4  main.o(.data)
    UpdateTimeNow                            0x20000048   Data           4  main.o(.data)
    Send_count                               0x2000004c   Data           1  main.o(.data)
    end                                      0x2000004d   Data           1  main.o(.data)
    Receive_write                            0x2000004e   Data           1  main.o(.data)
    Receive_read                             0x2000004f   Data           1  main.o(.data)
    Receive_count                            0x20000050   Data           1  main.o(.data)
    MAXperiod                                0x20000052   Data           2  main.o(.data)
    NOWperiod                                0x20000054   Data           2  main.o(.data)
    MINperiod                                0x20000056   Data           2  main.o(.data)
    Interval                                 0x20000058   Data           2  main.o(.data)
    Flag_slow_run                            0x2000005a   Data           1  main.o(.data)
    intervals                                0x2000005b   Data           1  main.o(.data)
    test                                     0x2000005c   Data           4  main.o(.data)
    D                                        0x20000064   Data           1  main.o(.data)
    state                                    0x20000068   Data           4  main.o(.data)
    KPhase                                   0x20000090   Data           4  flowfunctions.o(.data)
    GivPhase                                 0x20000094   Data           4  flowfunctions.o(.data)
    Path                                     0x20000098   Data           4  flowfunctions.o(.data)
    Direction                                0x2000009c   Data           2  flowfunctions.o(.data)
    SystemCoreClock                          0x200000a0   Data           4  system_stm32f4xx.o(.data)
    AHBPrescTable                            0x200000a4   Data          16  system_stm32f4xx.o(.data)
    pxCurrentTCB                             0x200000c8   Data           4  tasks.o(.data)
    RecieveBuff                              0x2000011c   Data           9  main.o(.bss)
    Send_buffer                              0x20000125   Data          10  main.o(.bss)
    Receive_buffer                           0x2000012f   Data          10  main.o(.bss)
    str                                      0x20000139   Data           9  main.o(.bss)
    __libspace_start                         0x2000020c   Data          96  libspace.o(.bss)
    __temporary_stack_top$libspace           0x2000026c   Data           0  libspace.o(.bss)



==============================================================================

Memory Map of the image

  Image Entry point : 0x080002d9

  Load Region LR_1 (Base: 0x08000000, Size: 0x00004960, Max: 0xffffffff, ABSOLUTE)

    Execution Region ER_RO (Base: 0x08000000, Size: 0x0000485c, Max: 0xffffffff, ABSOLUTE)

    Base Addr    Size         Type   Attr      Idx    E Section Name        Object

    0x08000000   0x00000188   Data   RO            3    RESET               startup_stm32f40_41xxx.o
    0x08000188   0x00000008   Code   RO         1430  * !!!main             c_w.l(__main.o)
    0x08000190   0x00000034   Code   RO         1661    !!!scatter          c_w.l(__scatter.o)
    0x080001c4   0x0000001a   Code   RO         1663    !!handler_copy      c_w.l(__scatter_copy.o)
    0x080001de   0x00000002   PAD
    0x080001e0   0x0000001c   Code   RO         1665    !!handler_zi        c_w.l(__scatter_zi.o)
    0x080001fc   0x00000002   Code   RO         1601    .ARM.Collect$$libinit$$00000000  c_w.l(libinit.o)
    0x080001fe   0x00000004   Code   RO         1482    .ARM.Collect$$libinit$$00000001  c_w.l(libinit2.o)
    0x08000202   0x00000008   Code   RO         1484    .ARM.Collect$$libinit$$00000003  c_w.l(libinit2.o)
    0x0800020a   0x00000000   Code   RO         1486    .ARM.Collect$$libinit$$00000008  c_w.l(libinit2.o)
    0x0800020a   0x00000000   Code   RO         1488    .ARM.Collect$$libinit$$0000000A  c_w.l(libinit2.o)
    0x0800020a   0x00000000   Code   RO         1490    .ARM.Collect$$libinit$$0000000C  c_w.l(libinit2.o)
    0x0800020a   0x00000000   Code   RO         1493    .ARM.Collect$$libinit$$0000000F  c_w.l(libinit2.o)
    0x0800020a   0x00000000   Code   RO         1495    .ARM.Collect$$libinit$$00000011  c_w.l(libinit2.o)
    0x0800020a   0x00000000   Code   RO         1497    .ARM.Collect$$libinit$$00000013  c_w.l(libinit2.o)
    0x0800020a   0x00000000   Code   RO         1499    .ARM.Collect$$libinit$$00000015  c_w.l(libinit2.o)
    0x0800020a   0x00000000   Code   RO         1501    .ARM.Collect$$libinit$$00000017  c_w.l(libinit2.o)
    0x0800020a   0x00000000   Code   RO         1503    .ARM.Collect$$libinit$$00000019  c_w.l(libinit2.o)
    0x0800020a   0x00000000   Code   RO         1505    .ARM.Collect$$libinit$$0000001B  c_w.l(libinit2.o)
    0x0800020a   0x00000000   Code   RO         1507    .ARM.Collect$$libinit$$0000001D  c_w.l(libinit2.o)
    0x0800020a   0x00000000   Code   RO         1509    .ARM.Collect$$libinit$$0000001F  c_w.l(libinit2.o)
    0x0800020a   0x00000000   Code   RO         1511    .ARM.Collect$$libinit$$00000021  c_w.l(libinit2.o)
    0x0800020a   0x00000000   Code   RO         1513    .ARM.Collect$$libinit$$00000023  c_w.l(libinit2.o)
    0x0800020a   0x00000000   Code   RO         1517    .ARM.Collect$$libinit$$0000002A  c_w.l(libinit2.o)
    0x0800020a   0x00000000   Code   RO         1519    .ARM.Collect$$libinit$$0000002C  c_w.l(libinit2.o)
    0x0800020a   0x00000000   Code   RO         1521    .ARM.Collect$$libinit$$0000002E  c_w.l(libinit2.o)
    0x0800020a   0x00000000   Code   RO         1523    .ARM.Collect$$libinit$$00000030  c_w.l(libinit2.o)
    0x0800020a   0x00000002   Code   RO         1524    .ARM.Collect$$libinit$$00000031  c_w.l(libinit2.o)
    0x0800020c   0x00000002   Code   RO         1658    .ARM.Collect$$libshutdown$$00000000  c_w.l(libshutdown.o)
    0x0800020e   0x00000000   Code   RO         1616    .ARM.Collect$$libshutdown$$00000003  c_w.l(libshutdown2.o)
    0x0800020e   0x00000000   Code   RO         1619    .ARM.Collect$$libshutdown$$00000006  c_w.l(libshutdown2.o)
    0x0800020e   0x00000000   Code   RO         1622    .ARM.Collect$$libshutdown$$00000009  c_w.l(libshutdown2.o)
    0x0800020e   0x00000000   Code   RO         1624    .ARM.Collect$$libshutdown$$0000000B  c_w.l(libshutdown2.o)
    0x0800020e   0x00000000   Code   RO         1627    .ARM.Collect$$libshutdown$$0000000E  c_w.l(libshutdown2.o)
    0x0800020e   0x00000002   Code   RO         1628    .ARM.Collect$$libshutdown$$0000000F  c_w.l(libshutdown2.o)
    0x08000210   0x00000000   Code   RO         1446    .ARM.Collect$$rtentry$$00000000  c_w.l(rtentry.o)
    0x08000210   0x00000000   Code   RO         1540    .ARM.Collect$$rtentry$$00000002  c_w.l(rtentry2.o)
    0x08000210   0x00000006   Code   RO         1552    .ARM.Collect$$rtentry$$00000004  c_w.l(rtentry4.o)
    0x08000216   0x00000000   Code   RO         1542    .ARM.Collect$$rtentry$$00000009  c_w.l(rtentry2.o)
    0x08000216   0x00000004   Code   RO         1543    .ARM.Collect$$rtentry$$0000000A  c_w.l(rtentry2.o)
    0x0800021a   0x00000000   Code   RO         1545    .ARM.Collect$$rtentry$$0000000C  c_w.l(rtentry2.o)
    0x0800021a   0x00000008   Code   RO         1546    .ARM.Collect$$rtentry$$0000000D  c_w.l(rtentry2.o)
    0x08000222   0x00000002   Code   RO         1604    .ARM.Collect$$rtexit$$00000000  c_w.l(rtexit.o)
    0x08000224   0x00000000   Code   RO         1632    .ARM.Collect$$rtexit$$00000002  c_w.l(rtexit2.o)
    0x08000224   0x00000004   Code   RO         1633    .ARM.Collect$$rtexit$$00000003  c_w.l(rtexit2.o)
    0x08000228   0x00000006   Code   RO         1634    .ARM.Collect$$rtexit$$00000004  c_w.l(rtexit2.o)
    0x0800022e   0x00000002   PAD
    0x08000230   0x000000a8   Code   RO         1260    .emb_text           port.o
    0x080002d8   0x00000000   Code   RO         1556    .emb_text           c_w.l(maybetermalloc1.o)
    0x080002d8   0x00000040   Code   RO            4  * .text               startup_stm32f40_41xxx.o
    0x08000318   0x00000684   Code   RO           12    .text               mcuinit.o
    0x0800099c   0x00000388   Code   RO          149    .text               main.o
    0x08000d24   0x0000027c   Code   RO          232    .text               functions.o
    0x08000fa0   0x00000240   Code   RO          246    .text               flowfunctions.o
    0x080011e0   0x0000020c   Code   RO          276    .text               system_stm32f4xx.o
    0x080013ec   0x000003a4   Code   RO          635    .text               stm32f4xx_dma.o
    0x08001790   0x00000294   Code   RO          793    .text               stm32f4xx_gpio.o
    0x08001a24   0x0000065c   Code   RO          982    .text               stm32f4xx_rcc.o
    0x08002080   0x0000047c   Code   RO         1113    .text               stm32f4xx_spi.o
    0x080024fc   0x00000ca2   Code   RO         1156    .text               stm32f4xx_tim.o
    0x0800319e   0x00000002   PAD
    0x080031a0   0x00000454   Code   RO         1179    .text               stm32f4xx_usart.o
    0x080035f4   0x00000034   Code   RO         1236    .text               heap_3.o
    0x08003628   0x00000094   Code   RO         1248    .text               list.o
    0x080036bc   0x000000cc   Code   RO         1261    .text               port.o
    0x08003788   0x000009f0   Code   RO         1290    .text               tasks.o
    0x08004178   0x0000005e   Code   RO         1360    .text               c_w.l(h1_alloc.o)
    0x080041d6   0x0000004e   Code   RO         1362    .text               c_w.l(h1_free.o)
    0x08004224   0x00000028   Code   RO         1420    .text               c_w.l(noretval__2sprintf.o)
    0x0800424c   0x00000010   Code   RO         1424    .text               c_w.l(aeabi_memset.o)
    0x0800425c   0x00000056   Code   RO         1426    .text               c_w.l(strncpy.o)
    0x080042b2   0x00000006   Code   RO         1428    .text               c_w.l(heapauxi.o)
    0x080042b8   0x00000008   Code   RO         1450    .text               c_w.l(rt_heap_descriptor_intlibspace.o)
    0x080042c0   0x00000004   Code   RO         1452    .text               c_w.l(hguard.o)
    0x080042c4   0x0000008a   Code   RO         1454    .text               c_w.l(init_alloc.o)
    0x0800434e   0x0000000e   Code   RO         1458    .text               c_w.l(h1_init.o)
    0x0800435c   0x00000030   Code   RO         1472    .text               c_w.l(_printf_char_common.o)
    0x0800438c   0x0000000a   Code   RO         1474    .text               c_w.l(_sputc.o)
    0x08004396   0x00000044   Code   RO         1478    .text               c_w.l(rt_memclr.o)
    0x080043da   0x00000002   PAD
    0x080043dc   0x00000008   Code   RO         1536    .text               c_w.l(libspace.o)
    0x080043e4   0x00000034   Code   RO         1558    .text               c_w.l(h1_extend.o)
    0x08004418   0x00000026   Code   RO         1562    .text               c_w.l(__printf_nopercent.o)
    0x0800443e   0x0000000e   Code   RO         1564    .text               c_w.l(defsig_rtmem_outer.o)
    0x0800444c   0x0000004e   Code   RO         1568    .text               c_w.l(rt_memclr_w.o)
    0x0800449a   0x00000002   Code   RO         1577    .text               c_w.l(use_no_semi.o)
    0x0800449c   0x00000000   Code   RO         1579    .text               c_w.l(indicate_semi.o)
    0x0800449c   0x0000004a   Code   RO         1580    .text               c_w.l(sys_stackheap_outer.o)
    0x080044e6   0x0000000c   Code   RO         1586    .text               c_w.l(exit.o)
    0x080044f2   0x0000000a   Code   RO         1588    .text               c_w.l(defsig_exit.o)
    0x080044fc   0x00000050   Code   RO         1590    .text               c_w.l(defsig_rtmem_inner.o)
    0x0800454c   0x0000000c   Code   RO         1602    .text               c_w.l(sys_exit.o)
    0x08004558   0x00000032   Code   RO         1612    .text               c_w.l(defsig_general.o)
    0x0800458a   0x0000000e   Code   RO         1629    .text               c_w.l(sys_wrch.o)
    0x08004598   0x00000014   Code   RO         1438    i.__hardfp_fabs     m_wm.l(fabs.o)
    0x080045ac   0x00000018   Code   RO         1525    x$fpl$dcmpinf       fz_wm.l(dcmpi.o)
    0x080045c4   0x00000078   Code   RO         1432    x$fpl$dleqf         fz_wm.l(dleqf.o)
    0x0800463c   0x0000009c   Code   RO         1527    x$fpl$dnaninf       fz_wm.l(dnaninf.o)
    0x080046d8   0x0000000c   Code   RO         1529    x$fpl$dretinf       fz_wm.l(dretinf.o)
    0x080046e4   0x0000006c   Code   RO         1434    x$fpl$drleqf        fz_wm.l(drleqf.o)
    0x08004750   0x00000056   Code   RO         1436    x$fpl$f2d           fz_wm.l(f2d.o)
    0x080047a6   0x0000008c   Code   RO         1531    x$fpl$fnaninf       fz_wm.l(fnaninf.o)
    0x08004832   0x0000000a   Code   RO         1575    x$fpl$fpinit        fz_wm.l(fpinit.o)
    0x0800483c   0x00000000   Code   RO         1533    x$fpl$usenofp       fz_wm.l(usenofp.o)
    0x0800483c   0x00000020   Data   RO         1659    Region$$Table       anon$$obj.o


    Execution Region ER_RW (Base: 0x20000000, Size: 0x00000104, Max: 0xffffffff, ABSOLUTE)

    Base Addr    Size         Type   Attr      Idx    E Section Name        Object

    0x20000000   0x0000000f   Data   RW           14    .data               mcuinit.o
    0x2000000f   0x00000001   PAD
    0x20000010   0x0000005c   Data   RW          151    .data               main.o
    0x2000006c   0x00000032   Data   RW          247    .data               flowfunctions.o
    0x2000009e   0x00000002   PAD
    0x200000a0   0x00000014   Data   RW          277    .data               system_stm32f4xx.o
    0x200000b4   0x00000010   Data   RW          983    .data               stm32f4xx_rcc.o
    0x200000c4   0x00000004   Data   RW         1262    .data               port.o
    0x200000c8   0x0000003c   Data   RW         1292    .data               tasks.o


    Execution Region ER_ZI (Base: 0x20000104, Size: 0x0000616c, Max: 0xffffffff, ABSOLUTE)

    Base Addr    Size         Type   Attr      Idx    E Section Name        Object

    0x20000104   0x0000003e   Zero   RW          150    .bss                main.o
    0x20000142   0x00000002   PAD
    0x20000144   0x000000c8   Zero   RW         1291    .bss                tasks.o
    0x2000020c   0x00000060   Zero   RW         1537    .bss                c_w.l(libspace.o)
    0x2000026c   0x00000004   PAD
    0x20000270   0x00002000   Zero   RW            2    HEAP                startup_stm32f40_41xxx.o
    0x20002270   0x00004000   Zero   RW            1    STACK               startup_stm32f40_41xxx.o


==============================================================================

Image component sizes


      Code (inc. data)   RO Data    RW Data    ZI Data      Debug   Object Name

       576         86          0         50          0       2334   flowfunctions.o
       636         18          0          0          0       3078   functions.o
        52          0          0          0          0        741   heap_3.o
       148          0          0          0          0       1853   list.o
       904        114          0         92         62      12412   main.o
      1668         96          0         15          0     323671   mcuinit.o
         0          0          0          0          0      15352   misc.o
       372         30          0          4          0       2733   port.o
        64         26        392          0      24576        840   startup_stm32f40_41xxx.o
       932         32          0          0          0      19105   stm32f4xx_dma.o
       660         44          0          0          0      11353   stm32f4xx_gpio.o
      1628         52          0         16          0      28456   stm32f4xx_rcc.o
      1148         36          0          0          0      15273   stm32f4xx_spi.o
      3234         60          0          0          0      42272   stm32f4xx_tim.o
      1108         34          0          0          0      14016   stm32f4xx_usart.o
       524         44          0         20          0       2063   system_stm32f4xx.o
      2544        190          0         60        200      11958   tasks.o

    ----------------------------------------------------------------------
     16200        862        424        260      24840     507510   Object Totals
         0          0         32          0          0          0   (incl. Generated)
         2          0          0          3          2          0   (incl. Padding)

    ----------------------------------------------------------------------

      Code (inc. data)   RO Data    RW Data    ZI Data      Debug   Library Member Name

         8          0          0          0          0         68   __main.o
        38          0          0          0          0         84   __printf_nopercent.o
        52          8          0          0          0          0   __scatter.o
        26          0          0          0          0          0   __scatter_copy.o
        28          0          0          0          0          0   __scatter_zi.o
        48          6          0          0          0         96   _printf_char_common.o
        10          0          0          0          0         68   _sputc.o
        16          0          0          0          0         68   aeabi_memset.o
        10          0          0          0          0         68   defsig_exit.o
        50          0          0          0          0         88   defsig_general.o
        80         58          0          0          0         76   defsig_rtmem_inner.o
        14          0          0          0          0         80   defsig_rtmem_outer.o
        12          0          0          0          0         72   exit.o
        94          0          0          0          0         80   h1_alloc.o
        52          0          0          0          0         68   h1_extend.o
        78          0          0          0          0         80   h1_free.o
        14          0          0          0          0         84   h1_init.o
         6          0          0          0          0        152   heapauxi.o
         4          0          0          0          0        136   hguard.o
         0          0          0          0          0          0   indicate_semi.o
       138          0          0          0          0        168   init_alloc.o
         2          0          0          0          0          0   libinit.o
        14          0          0          0          0          0   libinit2.o
         2          0          0          0          0          0   libshutdown.o
         2          0          0          0          0          0   libshutdown2.o
         8          4          0          0         96         68   libspace.o
         0          0          0          0          0          0   maybetermalloc1.o
        40          6          0          0          0         84   noretval__2sprintf.o
         8          4          0          0          0         68   rt_heap_descriptor_intlibspace.o
        68          0          0          0          0         68   rt_memclr.o
        78          0          0          0          0         80   rt_memclr_w.o
         0          0          0          0          0          0   rtentry.o
        12          0          0          0          0          0   rtentry2.o
         6          0          0          0          0          0   rtentry4.o
         2          0          0          0          0          0   rtexit.o
        10          0          0          0          0          0   rtexit2.o
        86          0          0          0          0         76   strncpy.o
        12          4          0          0          0         68   sys_exit.o
        74          0          0          0          0         80   sys_stackheap_outer.o
        14          0          0          0          0         76   sys_wrch.o
         2          0          0          0          0         68   use_no_semi.o
        24          0          0          0          0        116   dcmpi.o
       120          4          0          0          0        140   dleqf.o
       156          4          0          0          0        140   dnaninf.o
        12          0          0          0          0        116   dretinf.o
       108          0          0          0          0        128   drleqf.o
        86          4          0          0          0        132   f2d.o
       140          4          0          0          0        132   fnaninf.o
        10          0          0          0          0        116   fpinit.o
         0          0          0          0          0          0   usenofp.o
        20          0          0          0          0        124   fabs.o

    ----------------------------------------------------------------------
      1900        106          0          0        100       3416   Library Totals
         6          0          0          0          4          0   (incl. Padding)

    ----------------------------------------------------------------------

      Code (inc. data)   RO Data    RW Data    ZI Data      Debug   Library Name

      1218         90          0          0         96       2272   c_w.l
       656         16          0          0          0       1020   fz_wm.l
        20          0          0          0          0        124   m_wm.l

    ----------------------------------------------------------------------
      1900        106          0          0        100       3416   Library Totals

    ----------------------------------------------------------------------

==============================================================================


      Code (inc. data)   RO Data    RW Data    ZI Data      Debug   

     18100        968        424        260      24940     504674   Grand Totals
     18100        968        424        260      24940     504674   ELF Image Totals
     18100        968        424        260          0          0   ROM Totals

==============================================================================

    Total RO  Size (Code + RO Data)                18524 (  18.09kB)
    Total RW  Size (RW Data + ZI Data)             25200 (  24.61kB)
    Total ROM Size (Code + RO Data + RW Data)      18784 (  18.34kB)

==============================================================================

