ARM Linker, 5.03 [Build 76] [MDK-ARM Lite]

==============================================================================

Section Cross References

    startup_stm32f40_41xxx.o(STACK) refers (Special) to heapauxi.o(.text) for __use_two_region_memory
    startup_stm32f40_41xxx.o(HEAP) refers (Special) to heapauxi.o(.text) for __use_two_region_memory
    startup_stm32f40_41xxx.o(RESET) refers (Special) to heapauxi.o(.text) for __use_two_region_memory
    startup_stm32f40_41xxx.o(RESET) refers to startup_stm32f40_41xxx.o(STACK) for __initial_sp
    startup_stm32f40_41xxx.o(RESET) refers to startup_stm32f40_41xxx.o(.text) for Reset_Handler
    startup_stm32f40_41xxx.o(RESET) refers to port.o(.emb_text) for SVC_Handler
    startup_stm32f40_41xxx.o(RESET) refers to port.o(.text) for SysTick_Handler
    startup_stm32f40_41xxx.o(RESET) refers to mcuinit.o(.text) for TIM2_IRQHandler
    startup_stm32f40_41xxx.o(RESET) refers to main.o(.text) for USART1_IRQHandler
    startup_stm32f40_41xxx.o(.text) refers (Special) to heapauxi.o(.text) for __use_two_region_memory
    startup_stm32f40_41xxx.o(.text) refers to system_stm32f4xx.o(.text) for SystemInit
    startup_stm32f40_41xxx.o(.text) refers to __main.o(!!!main) for __main
    startup_stm32f40_41xxx.o(.text) refers to startup_stm32f40_41xxx.o(HEAP) for Heap_Mem
    startup_stm32f40_41xxx.o(.text) refers to startup_stm32f40_41xxx.o(STACK) for Stack_Mem
    mcuinit.o(.text) refers to stm32f4xx_dma.o(.text) for DMA_GetITStatus
    mcuinit.o(.text) refers to stm32f4xx_rcc.o(.text) for RCC_AHB1PeriphClockCmd
    mcuinit.o(.text) refers to stm32f4xx_usart.o(.text) for USART_DMACmd
    mcuinit.o(.text) refers to stm32f4xx_gpio.o(.text) for GPIO_Init
    mcuinit.o(.text) refers to main.o(.text) for Send_with_IT_PC
    mcuinit.o(.text) refers to mcuinit.o(.data) for mybuff
    mcuinit.o(.text) refers to system_stm32f4xx.o(.data) for SystemCoreClock
    mcuinit.o(.text) refers to stm32f4xx_spi.o(.text) for SPI_Init
    mcuinit.o(.text) refers to stm32f4xx_tim.o(.text) for TIM_TimeBaseInit
    mcuinit.o(.text) refers to main.o(.data) for test
    main.o(.text) refers to stm32f4xx_usart.o(.text) for USART_GetITStatus
    main.o(.text) refers to stm32f4xx_rcc.o(.text) for RCC_AHB1PeriphClockCmd
    main.o(.text) refers to stm32f4xx_gpio.o(.text) for GPIO_Init
    main.o(.text) refers to system_stm32f4xx.o(.text) for SystemCoreClockUpdate
    main.o(.text) refers to mcuinit.o(.text) for timer2_ini
    main.o(.text) refers to noretval__2sprintf.o(.text) for __2sprintf
    main.o(.text) refers to tasks.o(.text) for xTaskGenericCreate
    main.o(.text) refers to main.o(.bss) for Send_buffer
    main.o(.text) refers to main.o(.data) for Send_count
    main.o(.text) refers to system_stm32f4xx.o(.data) for SystemCoreClock
    main.o(.text) refers to flowfunctions.o(.text) for vAcceleration
    functions.o(.text) refers to f2d.o(x$fpl$f2d) for __aeabi_f2d
    functions.o(.text) refers to fabs.o(i.__hardfp_fabs) for __hardfp_fabs
    functions.o(.text) refers to drleqf.o(x$fpl$drleqf) for __aeabi_cdrcmple
    functions.o(.text) refers to dleqf.o(x$fpl$dleqf) for __aeabi_cdcmple
    flowfunctions.o(.text) refers to stm32f4xx_gpio.o(.text) for GPIO_ReadInputDataBit
    flowfunctions.o(.text) refers to tasks.o(.text) for vTaskResume
    flowfunctions.o(.text) refers to flowfunctions.o(.data) for V_MAIN
    system_stm32f4xx.o(.text) refers to system_stm32f4xx.o(.data) for SystemCoreClock
    stm32f4xx_adc.o(.text) refers to stm32f4xx_rcc.o(.text) for RCC_APB2PeriphResetCmd
    stm32f4xx_can.o(.text) refers to stm32f4xx_rcc.o(.text) for RCC_APB1PeriphResetCmd
    stm32f4xx_cryp.o(.text) refers to stm32f4xx_rcc.o(.text) for RCC_AHB2PeriphResetCmd
    stm32f4xx_cryp_aes.o(.text) refers to stm32f4xx_cryp.o(.text) for CRYP_KeyStructInit
    stm32f4xx_cryp_des.o(.text) refers to stm32f4xx_cryp.o(.text) for CRYP_KeyStructInit
    stm32f4xx_cryp_tdes.o(.text) refers to stm32f4xx_cryp.o(.text) for CRYP_KeyStructInit
    stm32f4xx_dac.o(.text) refers to stm32f4xx_rcc.o(.text) for RCC_APB1PeriphResetCmd
    stm32f4xx_dma2d.o(.text) refers to stm32f4xx_rcc.o(.text) for RCC_AHB1PeriphResetCmd
    stm32f4xx_fsmc.o(.text) refers to stm32f4xx_fsmc.o(.constdata) for FSMC_DefaultTimingStruct
    stm32f4xx_gpio.o(.text) refers to stm32f4xx_rcc.o(.text) for RCC_AHB1PeriphResetCmd
    stm32f4xx_hash.o(.text) refers to stm32f4xx_rcc.o(.text) for RCC_AHB2PeriphResetCmd
    stm32f4xx_hash_md5.o(.text) refers to stm32f4xx_hash.o(.text) for HASH_DeInit
    stm32f4xx_hash_sha1.o(.text) refers to stm32f4xx_hash.o(.text) for HASH_DeInit
    stm32f4xx_i2c.o(.text) refers to stm32f4xx_rcc.o(.text) for RCC_APB1PeriphResetCmd
    stm32f4xx_ltdc.o(.text) refers to stm32f4xx_rcc.o(.text) for RCC_APB2PeriphResetCmd
    stm32f4xx_pwr.o(.text) refers to stm32f4xx_rcc.o(.text) for RCC_APB1PeriphResetCmd
    stm32f4xx_rcc.o(.text) refers to stm32f4xx_rcc.o(.data) for APBAHBPrescTable
[...]
    STM32F4xx_StdPeriph_Driver_ORIGINAL\src\stm32f4xx_dma.c 0x00000000   Number         0  stm32f4xx_dma.o ABSOLUTE
    STM32F4xx_StdPeriph_Driver_ORIGINAL\src\stm32f4xx_dma2d.c 0x00000000   Number         0  stm32f4xx_dma2d.o ABSOLUTE
    STM32F4xx_StdPeriph_Driver_ORIGINAL\src\stm32f4xx_exti.c 0x00000000   Number         0  stm32f4xx_exti.o ABSOLUTE
    STM32F4xx_StdPeriph_Driver_ORIGINAL\src\stm32f4xx_flash.c 0x00000000   Number         0  stm32f4xx_flash.o ABSOLUTE
    STM32F4xx_StdPeriph_Driver_ORIGINAL\src\stm32f4xx_flash_ramfunc.c 0x00000000   Number         0  stm32f4xx_flash_ramfunc.o ABSOLUTE
    STM32F4xx_StdPeriph_Driver_ORIGINAL\src\stm32f4xx_fmpi2c.c 0x00000000   Number         0  stm32f4xx_fmpi2c.o ABSOLUTE
    STM32F4xx_StdPeriph_Driver_ORIGINAL\src\stm32f4xx_fsmc.c 0x00000000   Number         0  stm32f4xx_fsmc.o ABSOLUTE
    STM32F4xx_StdPeriph_Driver_ORIGINAL\src\stm32f4xx_gpio.c 0x00000000   Number         0  stm32f4xx_gpio.o ABSOLUTE
    STM32F4xx_StdPeriph_Driver_ORIGINAL\src\stm32f4xx_hash.c 0x00000000   Number         0  stm32f4xx_hash.o ABSOLUTE
    STM32F4xx_StdPeriph_Driver_ORIGINAL\src\stm32f4xx_hash_md5.c 0x00000000   Number         0  stm32f4xx_hash_md5.o ABSOLUTE
    STM32F4xx_StdPeriph_Driver_ORIGINAL\src\stm32f4xx_hash_sha1.c 0x00000000   Number         0  stm32f4xx_hash_sha1.o ABSOLUTE
    STM32F4xx_StdPeriph_Driver_ORIGINAL\src\stm32f4xx_i2c.c 0x00000000   Number         0  stm32f4xx_i2c.o ABSOLUTE
    STM32F4xx_StdPeriph_Driver_ORIGINAL\src\stm32f4xx_iwdg.c 0x00000000   Number         0  stm32f4xx_iwdg.o ABSOLUTE
    STM32F4xx_StdPeriph_Driver_ORIGINAL\src\stm32f4xx_ltdc.c 0x00000000   Number         0  stm32f4xx_ltdc.o ABSOLUTE
    STM32F4xx_StdPeriph_Driver_ORIGINAL\src\stm32f4xx_pwr.c 0x00000000   Number         0  stm32f4xx_pwr.o ABSOLUTE
    STM32F4xx_StdPeriph_Driver_ORIGINAL\src\stm32f4xx_qspi.c 0x00000000   Number         0  stm32f4xx_qspi.o ABSOLUTE
    STM32F4xx_StdPeriph_Driver_ORIGINAL\src\stm32f4xx_rcc.c 0x00000000   Number         0  stm32f4xx_rcc.o ABSOLUTE
    STM32F4xx_StdPeriph_Driver_ORIGINAL\src\stm32f4xx_rng.c 0x00000000   Number         0  stm32f4xx_rng.o ABSOLUTE
    STM32F4xx_StdPeriph_Driver_ORIGINAL\src\stm32f4xx_rtc.c 0x00000000   Number         0  stm32f4xx_rtc.o ABSOLUTE
    STM32F4xx_StdPeriph_Driver_ORIGINAL\src\stm32f4xx_sai.c 0x00000000   Number         0  stm32f4xx_sai.o ABSOLUTE
    STM32F4xx_StdPeriph_Driver_ORIGINAL\src\stm32f4xx_sdio.c 0x00000000   Number         0  stm32f4xx_sdio.o ABSOLUTE
    STM32F4xx_StdPeriph_Driver_ORIGINAL\src\stm32f4xx_spdifrx.c 0x00000000   Number         0  stm32f4xx_spdifrx.o ABSOLUTE
    STM32F4xx_StdPeriph_Driver_ORIGINAL\src\stm32f4xx_spi.c 0x00000000   Number         0  stm32f4xx_spi.o ABSOLUTE
    STM32F4xx_StdPeriph_Driver_ORIGINAL\src\stm32f4xx_syscfg.c 0x00000000   Number         0  stm32f4xx_syscfg.o ABSOLUTE
    STM32F4xx_StdPeriph_Driver_ORIGINAL\src\stm32f4xx_tim.c 0x00000000   Number         0  stm32f4xx_tim.o ABSOLUTE
    STM32F4xx_StdPeriph_Driver_ORIGINAL\src\stm32f4xx_usart.c 0x00000000   Number         0  stm32f4xx_usart.o ABSOLUTE
    STM32F4xx_StdPeriph_Driver_ORIGINAL\src\stm32f4xx_wwdg.c 0x00000000   Number         0  stm32f4xx_wwdg.o ABSOLUTE
    TEST\TEST.c                              0x00000000   Number         0  test.o ABSOLUTE
    TEST\\TEST.c                             0x00000000   Number         0  test.o ABSOLUTE
    dc.s                                     0x00000000   Number         0  dc.o ABSOLUTE
    freertos\\port.c                         0x00000000   Number         0  port.o ABSOLUTE
    freertos\croutine.c                      0x00000000   Number         0  croutine.o ABSOLUTE
    freertos\heap_3.c                        0x00000000   Number         0  heap_3.o ABSOLUTE
    freertos\list.c                          0x00000000   Number         0  list.o ABSOLUTE
    freertos\port.c                          0x00000000   Number         0  port.o ABSOLUTE
    freertos\queue.c                         0x00000000   Number         0  queue.o ABSOLUTE
    freertos\tasks.c                         0x00000000   Number         0  tasks.o ABSOLUTE
    freertos\timers.c                        0x00000000   Number         0  timers.o ABSOLUTE
    startup_stm32f40_41xxx.s                 0x00000000   Number         0  startup_stm32f40_41xxx.o ABSOLUTE
    RESET                                    0x08000000   Section      392  startup_stm32f40_41xxx.o(RESET)
    !!!main                                  0x08000188   Section        8  __main.o(!!!main)
    !!!scatter                               0x08000190   Section       52  __scatter.o(!!!scatter)
    !!handler_copy                           0x080001c4   Section       26  __scatter_copy.o(!!handler_copy)
    !!handler_zi                             0x080001e0   Section       28  __scatter_zi.o(!!handler_zi)
    .ARM.Collect$$libinit$$00000000          0x080001fc   Section        2  libinit.o(.ARM.Collect$$libinit$$00000000)
    .ARM.Collect$$libinit$$00000001          0x080001fe   Section        4  libinit2.o(.ARM.Collect$$libinit$$00000001)
    .ARM.Collect$$libinit$$00000003          0x08000202   Section        8  libinit2.o(.ARM.Collect$$libinit$$00000003)
    .ARM.Collect$$libinit$$00000008          0x0800020a   Section        0  libinit2.o(.ARM.Collect$$libinit$$00000008)
    .ARM.Collect$$libinit$$0000000A          0x0800020a   Section        0  libinit2.o(.ARM.Collect$$libinit$$0000000A)
    .ARM.Collect$$libinit$$0000000C          0x0800020a   Section        0  libinit2.o(.ARM.Collect$$libinit$$0000000C)
    .ARM.Collect$$libinit$$0000000F          0x0800020a   Section        0  libinit2.o(.ARM.Collect$$libinit$$0000000F)
    .ARM.Collect$$libinit$$00000011          0x0800020a   Section        0  libinit2.o(.ARM.Collect$$libinit$$00000011)
    .ARM.Collect$$libinit$$00000013          0x0800020a   Section        0  libinit2.o(.ARM.Collect$$libinit$$00000013)
    .ARM.Collect$$libinit$$00000015          0x0800020a   Section        0  libinit2.o(.ARM.Collect$$libinit$$00000015)
    .ARM.Collect$$libinit$$00000017          0x0800020a   Section        0  libinit2.o(.ARM.Collect$$libinit$$00000017)
    .ARM.Collect$$libinit$$00000019          0x0800020a   Section        0  libinit2.o(.ARM.Collect$$libinit$$00000019)
    .ARM.Collect$$libinit$$0000001B          0x0800020a   Section        0  libinit2.o(.ARM.Collect$$libinit$$0000001B)
    .ARM.Collect$$libinit$$0000001D          0x0800020a   Section        0  libinit2.o(.ARM.Collect$$libinit$$0000001D)
    .ARM.Collect$$libinit$$0000001F          0x0800020a   Section        0  libinit2.o(.ARM.Collect$$libinit$$0000001F)
    .ARM.Collect$$libinit$$00000021          0x0800020a   Section        0  libinit2.o(.ARM.Collect$$libinit$$00000021)
    .ARM.Collect$$libinit$$00000023          0x0800020a   Section        0  libinit2.o(.ARM.Collect$$libinit$$00000023)
    .ARM.Collect$$libinit$$0000002A          0x0800020a   Section        0  libinit2.o(.ARM.Collect$$libinit$$0000002A)
    .ARM.Collect$$libinit$$0000002C          0x0800020a   Section        0  libinit2.o(.ARM.Collect$$libinit$$0000002C)
    .ARM.Collect$$libinit$$0000002E          0x0800020a   Section        0  libinit2.o(.ARM.Collect$$libinit$$0000002E)
    .ARM.Collect$$libinit$$00000030          0x0800020a   Section        0  libinit2.o(.ARM.Collect$$libinit$$00000030)
    .ARM.Collect$$libinit$$00000031          0x0800020a   Section        2  libinit2.o(.ARM.Collect$$libinit$$00000031)
    .ARM.Collect$$libshutdown$$00000000      0x0800020c   Section        2  libshutdown.o(.ARM.Collect$$libshutdown$$00000000)
    .ARM.Collect$$libshutdown$$00000003      0x0800020e   Section        0  libshutdown2.o(.ARM.Collect$$libshutdown$$00000003)
    .ARM.Collect$$libshutdown$$00000006      0x0800020e   Section        0  libshutdown2.o(.ARM.Collect$$libshutdown$$00000006)
    .ARM.Collect$$libshutdown$$00000009      0x0800020e   Section        0  libshutdown2.o(.ARM.Collect$$libshutdown$$00000009)
    .ARM.Collect$$libshutdown$$0000000B      0x0800020e   Section        0  libshutdown2.o(.ARM.Collect$$libshutdown$$0000000B)
    .ARM.Collect$$libshutdown$$0000000E      0x0800020e   Section        0  libshutdown2.o(.ARM.Collect$$libshutdown$$0000000E)
    .ARM.Collect$$libshutdown$$0000000F      0x0800020e   Section        2  libshutdown2.o(.ARM.Collect$$libshutdown$$0000000F)
    .ARM.Collect$$rtentry$$00000000          0x08000210   Section        0  rtentry.o(.ARM.Collect$$rtentry$$00000000)
    .ARM.Collect$$rtentry$$00000002          0x08000210   Section        0  rtentry2.o(.ARM.Collect$$rtentry$$00000002)
    .ARM.Collect$$rtentry$$00000004          0x08000210   Section        6  rtentry4.o(.ARM.Collect$$rtentry$$00000004)
    .ARM.Collect$$rtentry$$00000009          0x08000216   Section        0  rtentry2.o(.ARM.Collect$$rtentry$$00000009)
    .ARM.Collect$$rtentry$$0000000A          0x08000216   Section        4  rtentry2.o(.ARM.Collect$$rtentry$$0000000A)
    .ARM.Collect$$rtentry$$0000000C          0x0800021a   Section        0  rtentry2.o(.ARM.Collect$$rtentry$$0000000C)
    .ARM.Collect$$rtentry$$0000000D          0x0800021a   Section        8  rtentry2.o(.ARM.Collect$$rtentry$$0000000D)
    .ARM.Collect$$rtexit$$00000000           0x08000222   Section        2  rtexit.o(.ARM.Collect$$rtexit$$00000000)
    .ARM.Collect$$rtexit$$00000002           0x08000224   Section        0  rtexit2.o(.ARM.Collect$$rtexit$$00000002)
    .ARM.Collect$$rtexit$$00000003           0x08000224   Section        4  rtexit2.o(.ARM.Collect$$rtexit$$00000003)
    .ARM.Collect$$rtexit$$00000004           0x08000228   Section        6  rtexit2.o(.ARM.Collect$$rtexit$$00000004)
    .emb_text                                0x08000230   Section      168  port.o(.emb_text)
    $v0                                      0x08000230   Number         0  port.o(.emb_text)
    .emb_text                                0x080002d8   Section        0  maybetermalloc1.o(.emb_text)
    .text                                    0x080002d8   Section       64  startup_stm32f40_41xxx.o(.text)
    $v0                                      0x080002d8   Number         0  startup_stm32f40_41xxx.o(.text)
    .text                                    0x08000318   Section        0  mcuinit.o(.text)
    NVIC_EnableIRQ                           0x0800095f   Thumb Code    24  mcuinit.o(.text)
    .text                                    0x0800099c   Section        0  main.o(.text)
    .text                                    0x08000dcc   Section        0  flowfunctions.o(.text)
    .text                                    0x0800105c   Section        0  system_stm32f4xx.o(.text)
    SetSysClock                              0x0800105d   Thumb Code   218  system_stm32f4xx.o(.text)
    .text                                    0x08001268   Section        0  stm32f4xx_dma.o(.text)
    .text                                    0x0800160c   Section        0  stm32f4xx_gpio.o(.text)
    .text                                    0x080018a0   Section        0  stm32f4xx_rcc.o(.text)
    .text                                    0x08001efc   Section        0  stm32f4xx_spi.o(.text)
    .text                                    0x08002378   Section        0  stm32f4xx_tim.o(.text)
    TI4_Config                               0x08002b17   Thumb Code    80  stm32f4xx_tim.o(.text)
    TI3_Config                               0x08002b79   Thumb Code    72  stm32f4xx_tim.o(.text)
    TI2_Config                               0x08002bdb   Thumb Code    90  stm32f4xx_tim.o(.text)
    TI1_Config                               0x08002c47   Thumb Code    58  stm32f4xx_tim.o(.text)
    .text                                    0x0800301c   Section        0  stm32f4xx_usart.o(.text)
    .text                                    0x08003470   Section        0  heap_3.o(.text)
    .text                                    0x080034a4   Section        0  list.o(.text)
    .text                                    0x08003538   Section        0  port.o(.text)
    prvSetupTimerInterrupt                   0x08003559   Thumb Code    16  port.o(.text)
    .text                                    0x08003604   Section        0  tasks.o(.text)
    prvInitialiseTaskLists                   0x08003605   Thumb Code    70  tasks.o(.text)
    prvInitialiseTCBVariables                0x0800364b   Thumb Code    68  tasks.o(.text)
    prvAllocateTCBAndStack                   0x0800368f   Thumb Code    58  tasks.o(.text)
    prvAddCurrentTaskToDelayedList           0x080039b7   Thumb Code   146  tasks.o(.text)
    prvDeleteTCB                             0x08003d8d   Thumb Code    18  tasks.o(.text)
    prvCheckTasksWaitingTermination          0x08003d9f   Thumb Code    82  tasks.o(.text)
    prvIdleTask                              0x08003df1   Thumb Code    24  tasks.o(.text)
    .text                                    0x08003ff4   Section        0  h1_alloc.o(.text)
    .text                                    0x08004052   Section        0  h1_free.o(.text)
    .text                                    0x080040a0   Section        0  noretval__2sprintf.o(.text)
    .text                                    0x080040c8   Section       16  aeabi_memset.o(.text)
    .text                                    0x080040d8   Section       86  strncpy.o(.text)
    .text                                    0x0800412e   Section        0  heapauxi.o(.text)
    .text                                    0x08004134   Section        8  rt_heap_descriptor_intlibspace.o(.text)
    .text                                    0x0800413c   Section        0  hguard.o(.text)
    .text                                    0x08004140   Section        0  init_alloc.o(.text)
    .text                                    0x080041ca   Section        0  h1_init.o(.text)
    .text                                    0x080041d8   Section        0  _printf_char_common.o(.text)
    _printf_input_char                       0x080041d9   Thumb Code    10  _printf_char_common.o(.text)
    .text                                    0x08004208   Section        0  _sputc.o(.text)
    .text                                    0x08004212   Section       68  rt_memclr.o(.text)
    .text                                    0x08004258   Section        8  libspace.o(.text)
    .text                                    0x08004260   Section        0  h1_extend.o(.text)
    .text                                    0x08004294   Section        0  __printf_nopercent.o(.text)
    .text                                    0x080042ba   Section        0  defsig_rtmem_outer.o(.text)
    .text                                    0x080042c8   Section       78  rt_memclr_w.o(.text)
    .text                                    0x08004316   Section        2  use_no_semi.o(.text)
    .text                                    0x08004318   Section        0  indicate_semi.o(.text)
    .text                                    0x08004318   Section       74  sys_stackheap_outer.o(.text)
    .text                                    0x08004362   Section        0  exit.o(.text)
    .text                                    0x0800436e   Section        0  defsig_exit.o(.text)
    .text                                    0x08004378   Section        0  defsig_rtmem_inner.o(.text)
    .text                                    0x080043c8   Section        0  sys_exit.o(.text)
    .text                                    0x080043d4   Section        0  defsig_general.o(.text)
    .text                                    0x08004406   Section        0  sys_wrch.o(.text)
    x$fpl$fpinit                             0x08004414   Section       10  fpinit.o(x$fpl$fpinit)
    $v0                                      0x08004414   Number         0  fpinit.o(x$fpl$fpinit)
    .data                                    0x20000000   Section       15  mcuinit.o(.data)
    .data                                    0x20000010   Section       88  main.o(.data)
    Vmin                                     0x20000010   Data           4  main.o(.data)
    Vmax                                     0x20000014   Data           4  main.o(.data)
    Accel                                    0x20000018   Data           4  main.o(.data)
    dt                                       0x2000001c   Data           4  main.o(.data)
    Vmax_STOP                                0x20000020   Data           4  main.o(.data)
    GIV_PHASE                                0x20000024   Data           4  main.o(.data)
    CUR_PHASE                                0x20000028   Data           4  main.o(.data)
    V_MAIN                                   0x2000002c   Data           4  main.o(.data)
    TimingDelay                              0x2000005c   Data           4  main.o(.data)
    .data                                    0x20000068   Section       32  flowfunctions.o(.data)
    Vmin                                     0x20000068   Data           4  flowfunctions.o(.data)
    Vmax                                     0x2000006c   Data           4  flowfunctions.o(.data)
    Accel                                    0x20000070   Data           4  flowfunctions.o(.data)
    dt                                       0x20000074   Data           4  flowfunctions.o(.data)
    Vmax_STOP                                0x20000078   Data           4  flowfunctions.o(.data)
    GIV_PHASE                                0x2000007c   Data           4  flowfunctions.o(.data)
    CUR_PHASE                                0x20000080   Data           4  flowfunctions.o(.data)
    V_MAIN                                   0x20000084   Data           4  flowfunctions.o(.data)
    .data                                    0x20000088   Section       20  system_stm32f4xx.o(.data)
    .data                                    0x2000009c   Section       16  stm32f4xx_rcc.o(.data)
    APBAHBPrescTable                         0x2000009c   Data          16  stm32f4xx_rcc.o(.data)
    .data                                    0x200000ac   Section        4  port.o(.data)
    uxCriticalNesting                        0x200000ac   Data           4  port.o(.data)
    .data                                    0x200000b0   Section       60  tasks.o(.data)
    uxTasksDeleted                           0x200000b4   Data           4  tasks.o(.data)
    uxCurrentNumberOfTasks                   0x200000b8   Data           4  tasks.o(.data)
    xTickCount                               0x200000bc   Data           4  tasks.o(.data)
    uxTopUsedPriority                        0x200000c0   Data           4  tasks.o(.data)
    uxTopReadyPriority                       0x200000c4   Data           4  tasks.o(.data)
    xSchedulerRunning                        0x200000c8   Data           4  tasks.o(.data)
    uxSchedulerSuspended                     0x200000cc   Data           4  tasks.o(.data)
    uxMissedTicks                            0x200000d0   Data           4  tasks.o(.data)
    xMissedYield                             0x200000d4   Data           4  tasks.o(.data)
    xNumOfOverflows                          0x200000d8   Data           4  tasks.o(.data)
    uxTaskNumber                             0x200000dc   Data           4  tasks.o(.data)
    xNextTaskUnblockTime                     0x200000e0   Data           4  tasks.o(.data)
    pxDelayedTaskList                        0x200000e4   Data           4  tasks.o(.data)
    pxOverflowDelayedTaskList                0x200000e8   Data           4  tasks.o(.data)
    .bss                                     0x200000ec   Section       62  main.o(.bss)
    TaskParams                               0x200000ec   Data          24  main.o(.bss)
    .bss                                     0x2000012c   Section      200  tasks.o(.bss)
    pxReadyTasksLists                        0x2000012c   Data         100  tasks.o(.bss)
    xDelayedTaskList1                        0x20000190   Data          20  tasks.o(.bss)
    xDelayedTaskList2                        0x200001a4   Data          20  tasks.o(.bss)
    xPendingReadyList                        0x200001b8   Data          20  tasks.o(.bss)
    xTasksWaitingTermination                 0x200001cc   Data          20  tasks.o(.bss)
    xSuspendedTaskList                       0x200001e0   Data          20  tasks.o(.bss)
    .bss                                     0x200001f4   Section       96  libspace.o(.bss)
    HEAP                                     0x20000258   Section     8192  startup_stm32f40_41xxx.o(HEAP)
    Heap_Mem                                 0x20000258   Data        8192  startup_stm32f40_41xxx.o(HEAP)
    STACK                                    0x20002258   Section    16384  startup_stm32f40_41xxx.o(STACK)
    Stack_Mem                                0x20002258   Data       16384  startup_stm32f40_41xxx.o(STACK)
    __initial_sp                             0x20006258   Data           0  startup_stm32f40_41xxx.o(STACK)

    Global Symbols

    Symbol Name                              Value     Ov Type        Size  Object(Section)

    BuildAttributes$$THM_ISAv4$E$P$D$K$B$S$7EM$VFPi3$EXTD16$VFPS$VFMA$PE$A:L22UL41UL21$X:L11$S22US41US21$IEEE1$IW$USESV6$~STKCKD$USESV7$~SHL$OTIME$ROPI$IEEEJ$EBA8$UX$STANDARDLIB$REQ8$PRES8$EABIv2 0x00000000   Number         0  anon$$obj.o ABSOLUTE
    __ARM_use_no_argv                        0x00000000   Number         0  main.o ABSOLUTE
    __ARM_exceptions_init                     - Undefined Weak Reference
    __alloca_initialize                       - Undefined Weak Reference
    __cpp_initialize__aeabi_                  - Undefined Weak Reference
    __cxa_finalize                            - Undefined Weak Reference
    __rt_locale                               - Undefined Weak Reference
    __sigvec_lookup                           - Undefined Weak Reference
    __user_heap_extent                        - Undefined Weak Reference
    _atexit_init                              - Undefined Weak Reference
    _call_atexit_fns                          - Undefined Weak Reference
    _clock_init                               - Undefined Weak Reference
    _fp_trap_init                             - Undefined Weak Reference
    _fp_trap_shutdown                         - Undefined Weak Reference
    _get_lc_collate                           - Undefined Weak Reference
    _get_lc_ctype                             - Undefined Weak Reference
    _get_lc_monetary                          - Undefined Weak Reference
    _get_lc_numeric                           - Undefined Weak Reference
    _get_lc_time                              - Undefined Weak Reference
    _getenv_init                              - Undefined Weak Reference
    _handle_redirection                       - Undefined Weak Reference
    _initio                                   - Undefined Weak Reference
    _mutex_acquire                            - Undefined Weak Reference
    _mutex_free                               - Undefined Weak Reference
    _mutex_release                            - Undefined Weak Reference
    _rand_init                                - Undefined Weak Reference
    _signal_finish                            - Undefined Weak Reference
    _signal_init                              - Undefined Weak Reference
    _terminateio                              - Undefined Weak Reference
    __Vectors_Size                           0x00000188   Number         0  startup_stm32f40_41xxx.o ABSOLUTE
    __Vectors                                0x08000000   Data           4  startup_stm32f40_41xxx.o(RESET)
    __Vectors_End                            0x08000188   Data           0  startup_stm32f40_41xxx.o(RESET)
    __main                                   0x08000189   Thumb Code     8  __main.o(!!!main)
    __scatterload                            0x08000191   Thumb Code     0  __scatter.o(!!!scatter)
    __scatterload_rt2                        0x08000191   Thumb Code    44  __scatter.o(!!!scatter)
    __scatterload_rt2_thumb_only             0x08000191   Thumb Code     0  __scatter.o(!!!scatter)
    __scatterload_null                       0x0800019f   Thumb Code     0  __scatter.o(!!!scatter)
    __scatterload_copy                       0x080001c5   Thumb Code    26  __scatter_copy.o(!!handler_copy)
    __scatterload_zeroinit                   0x080001e1   Thumb Code    28  __scatter_zi.o(!!handler_zi)
    __rt_lib_init                            0x080001fd   Thumb Code     0  libinit.o(.ARM.Collect$$libinit$$00000000)
    __rt_lib_init_fp_1                       0x080001ff   Thumb Code     0  libinit2.o(.ARM.Collect$$libinit$$00000001)
    __rt_lib_init_heap_2                     0x08000203   Thumb Code     0  libinit2.o(.ARM.Collect$$libinit$$00000003)
    __rt_lib_init_alloca_1                   0x0800020b   Thumb Code     0  libinit2.o(.ARM.Collect$$libinit$$0000002C)
    __rt_lib_init_argv_1                     0x0800020b   Thumb Code     0  libinit2.o(.ARM.Collect$$libinit$$0000002A)
    __rt_lib_init_atexit_1                   0x0800020b   Thumb Code     0  libinit2.o(.ARM.Collect$$libinit$$00000019)
    __rt_lib_init_clock_1                    0x0800020b   Thumb Code     0  libinit2.o(.ARM.Collect$$libinit$$0000001F)
    __rt_lib_init_cpp_1                      0x0800020b   Thumb Code     0  libinit2.o(.ARM.Collect$$libinit$$00000030)
    __rt_lib_init_exceptions_1               0x0800020b   Thumb Code     0  libinit2.o(.ARM.Collect$$libinit$$0000002E)
    __rt_lib_init_fp_trap_1                  0x0800020b   Thumb Code     0  libinit2.o(.ARM.Collect$$libinit$$0000001D)
    __rt_lib_init_getenv_1                   0x0800020b   Thumb Code     0  libinit2.o(.ARM.Collect$$libinit$$00000021)
    __rt_lib_init_heap_1                     0x0800020b   Thumb Code     0  libinit2.o(.ARM.Collect$$libinit$$00000008)
    __rt_lib_init_lc_collate_1               0x0800020b   Thumb Code     0  libinit2.o(.ARM.Collect$$libinit$$0000000F)
    __rt_lib_init_lc_ctype_1                 0x0800020b   Thumb Code     0  libinit2.o(.ARM.Collect$$libinit$$00000011)
    __rt_lib_init_lc_monetary_1              0x0800020b   Thumb Code     0  libinit2.o(.ARM.Collect$$libinit$$00000013)
    __rt_lib_init_lc_numeric_1               0x0800020b   Thumb Code     0  libinit2.o(.ARM.Collect$$libinit$$00000015)
    __rt_lib_init_lc_time_1                  0x0800020b   Thumb Code     0  libinit2.o(.ARM.Collect$$libinit$$00000017)
    __rt_lib_init_rand_1                     0x0800020b   Thumb Code     0  libinit2.o(.ARM.Collect$$libinit$$0000000C)
    __rt_lib_init_return                     0x0800020b   Thumb Code     0  libinit2.o(.ARM.Collect$$libinit$$00000031)
    __rt_lib_init_signal_1                   0x0800020b   Thumb Code     0  libinit2.o(.ARM.Collect$$libinit$$0000001B)
    __rt_lib_init_stdio_1                    0x0800020b   Thumb Code     0  libinit2.o(.ARM.Collect$$libinit$$00000023)
    __rt_lib_init_user_alloc_1               0x0800020b   Thumb Code     0  libinit2.o(.ARM.Collect$$libinit$$0000000A)
    __rt_lib_shutdown                        0x0800020d   Thumb Code     0  libshutdown.o(.ARM.Collect$$libshutdown$$00000000)
    __rt_lib_shutdown_fp_trap_1              0x0800020f   Thumb Code     0  libshutdown2.o(.ARM.Collect$$libshutdown$$00000006)
    __rt_lib_shutdown_heap_1                 0x0800020f   Thumb Code     0  libshutdown2.o(.ARM.Collect$$libshutdown$$0000000E)
    __rt_lib_shutdown_return                 0x0800020f   Thumb Code     0  libshutdown2.o(.ARM.Collect$$libshutdown$$0000000F)
    __rt_lib_shutdown_signal_1               0x0800020f   Thumb Code     0  libshutdown2.o(.ARM.Collect$$libshutdown$$00000009)
    __rt_lib_shutdown_stdio_1                0x0800020f   Thumb Code     0  libshutdown2.o(.ARM.Collect$$libshutdown$$00000003)
    __rt_lib_shutdown_user_alloc_1           0x0800020f   Thumb Code     0  libshutdown2.o(.ARM.Collect$$libshutdown$$0000000B)
    __rt_entry                               0x08000211   Thumb Code     0  rtentry.o(.ARM.Collect$$rtentry$$00000000)
    __rt_entry_presh_1                       0x08000211   Thumb Code     0  rtentry2.o(.ARM.Collect$$rtentry$$00000002)
    __rt_entry_sh                            0x08000211   Thumb Code     0  rtentry4.o(.ARM.Collect$$rtentry$$00000004)
    __rt_entry_li                            0x08000217   Thumb Code     0  rtentry2.o(.ARM.Collect$$rtentry$$0000000A)
    __rt_entry_postsh_1                      0x08000217   Thumb Code     0  rtentry2.o(.ARM.Collect$$rtentry$$00000009)
    __rt_entry_main                          0x0800021b   Thumb Code     0  rtentry2.o(.ARM.Collect$$rtentry$$0000000D)
    __rt_entry_postli_1                      0x0800021b   Thumb Code     0  rtentry2.o(.ARM.Collect$$rtentry$$0000000C)
    __rt_exit                                0x08000223   Thumb Code     0  rtexit.o(.ARM.Collect$$rtexit$$00000000)
    __rt_exit_ls                             0x08000225   Thumb Code     0  rtexit2.o(.ARM.Collect$$rtexit$$00000003)
    __rt_exit_prels_1                        0x08000225   Thumb Code     0  rtexit2.o(.ARM.Collect$$rtexit$$00000002)
    __rt_exit_exit                           0x08000229   Thumb Code     0  rtexit2.o(.ARM.Collect$$rtexit$$00000004)
    SVC_Handler                              0x08000231   Thumb Code    24  port.o(.emb_text)
    __asm___6_port_c_39a90d8d__prvStartFirstTask 0x0800024d   Thumb Code    16  port.o(.emb_text)
    __asm___6_port_c_39a90d8d__prvEnableVFP  0x08000261   Thumb Code    16  port.o(.emb_text)
    PendSV_Handler                           0x08000275   Thumb Code    76  port.o(.emb_text)
    vPortSetInterruptMask                    0x080002c5   Thumb Code    10  port.o(.emb_text)
    vPortClearInterruptMask                  0x080002cf   Thumb Code    10  port.o(.emb_text)
    Reset_Handler                            0x080002d9   Thumb Code     8  startup_stm32f40_41xxx.o(.text)
    _maybe_terminate_alloc                   0x080002d9   Thumb Code     0  maybetermalloc1.o(.emb_text)
    NMI_Handler                              0x080002e1   Thumb Code     2  startup_stm32f40_41xxx.o(.text)
    HardFault_Handler                        0x080002e3   Thumb Code     2  startup_stm32f40_41xxx.o(.text)
    MemManage_Handler                        0x080002e5   Thumb Code     2  startup_stm32f40_41xxx.o(.text)
    BusFault_Handler                         0x080002e7   Thumb Code     2  startup_stm32f40_41xxx.o(.text)
    UsageFault_Handler                       0x080002e9   Thumb Code     2  startup_stm32f40_41xxx.o(.text)
    DebugMon_Handler                         0x080002ed   Thumb Code     2  startup_stm32f40_41xxx.o(.text)
    ADC_IRQHandler                           0x080002f3   Thumb Code     0  startup_stm32f40_41xxx.o(.text)
    CAN1_RX0_IRQHandler                      0x080002f3   Thumb Code     0  startup_stm32f40_41xxx.o(.text)
    CAN1_RX1_IRQHandler                      0x080002f3   Thumb Code     0  startup_stm32f40_41xxx.o(.text)
    CAN1_SCE_IRQHandler                      0x080002f3   Thumb Code     0  startup_stm32f40_41xxx.o(.text)
    CAN1_TX_IRQHandler                       0x080002f3   Thumb Code     0  startup_stm32f40_41xxx.o(.text)
    CAN2_RX0_IRQHandler                      0x080002f3   Thumb Code     0  startup_stm32f40_41xxx.o(.text)
    CAN2_RX1_IRQHandler                      0x080002f3   Thumb Code     0  startup_stm32f40_41xxx.o(.text)
    CAN2_SCE_IRQHandler                      0x080002f3   Thumb Code     0  startup_stm32f40_41xxx.o(.text)
    CAN2_TX_IRQHandler                       0x080002f3   Thumb Code     0  startup_stm32f40_41xxx.o(.text)
    CRYP_IRQHandler                          0x080002f3   Thumb Code     0  startup_stm32f40_41xxx.o(.text)
    DCMI_IRQHandler                          0x080002f3   Thumb Code     0  startup_stm32f40_41xxx.o(.text)
    DMA1_Stream0_IRQHandler                  0x080002f3   Thumb Code     0  startup_stm32f40_41xxx.o(.text)
    DMA1_Stream1_IRQHandler                  0x080002f3   Thumb Code     0  startup_stm32f40_41xxx.o(.text)
    DMA1_Stream2_IRQHandler                  0x080002f3   Thumb Code     0  startup_stm32f40_41xxx.o(.text)
    DMA1_Stream3_IRQHandler                  0x080002f3   Thumb Code     0  startup_stm32f40_41xxx.o(.text)
    DMA1_Stream4_IRQHandler                  0x080002f3   Thumb Code     0  startup_stm32f40_41xxx.o(.text)
    DMA1_Stream5_IRQHandler                  0x080002f3   Thumb Code     0  startup_stm32f40_41xxx.o(.text)
    DMA1_Stream6_IRQHandler                  0x080002f3   Thumb Code     0  startup_stm32f40_41xxx.o(.text)
    DMA1_Stream7_IRQHandler                  0x080002f3   Thumb Code     0  startup_stm32f40_41xxx.o(.text)
    DMA2_Stream0_IRQHandler                  0x080002f3   Thumb Code     0  startup_stm32f40_41xxx.o(.text)
    DMA2_Stream1_IRQHandler                  0x080002f3   Thumb Code     0  startup_stm32f40_41xxx.o(.text)
    DMA2_Stream2_IRQHandler                  0x080002f3   Thumb Code     0  startup_stm32f40_41xxx.o(.text)
    DMA2_Stream3_IRQHandler                  0x080002f3   Thumb Code     0  startup_stm32f40_41xxx.o(.text)
    DMA2_Stream4_IRQHandler                  0x080002f3   Thumb Code     0  startup_stm32f40_41xxx.o(.text)
    DMA2_Stream5_IRQHandler                  0x080002f3   Thumb Code     0  startup_stm32f40_41xxx.o(.text)
    DMA2_Stream6_IRQHandler                  0x080002f3   Thumb Code     0  startup_stm32f40_41xxx.o(.text)
    DMA2_Stream7_IRQHandler                  0x080002f3   Thumb Code     0  startup_stm32f40_41xxx.o(.text)
    ETH_IRQHandler                           0x080002f3   Thumb Code     0  startup_stm32f40_41xxx.o(.text)
    ETH_WKUP_IRQHandler                      0x080002f3   Thumb Code     0  startup_stm32f40_41xxx.o(.text)
    EXTI0_IRQHandler                         0x080002f3   Thumb Code     0  startup_stm32f40_41xxx.o(.text)
    EXTI15_10_IRQHandler                     0x080002f3   Thumb Code     0  startup_stm32f40_41xxx.o(.text)
    EXTI1_IRQHandler                         0x080002f3   Thumb Code     0  startup_stm32f40_41xxx.o(.text)
    EXTI2_IRQHandler                         0x080002f3   Thumb Code     0  startup_stm32f40_41xxx.o(.text)
    EXTI3_IRQHandler                         0x080002f3   Thumb Code     0  startup_stm32f40_41xxx.o(.text)
    EXTI4_IRQHandler                         0x080002f3   Thumb Code     0  startup_stm32f40_41xxx.o(.text)
    EXTI9_5_IRQHandler                       0x080002f3   Thumb Code     0  startup_stm32f40_41xxx.o(.text)
    FLASH_IRQHandler                         0x080002f3   Thumb Code     0  startup_stm32f40_41xxx.o(.text)
    FPU_IRQHandler                           0x080002f3   Thumb Code     0  startup_stm32f40_41xxx.o(.text)
    FSMC_IRQHandler                          0x080002f3   Thumb Code     0  startup_stm32f40_41xxx.o(.text)
    HASH_RNG_IRQHandler                      0x080002f3   Thumb Code     0  startup_stm32f40_41xxx.o(.text)
    I2C1_ER_IRQHandler                       0x080002f3   Thumb Code     0  startup_stm32f40_41xxx.o(.text)
    I2C1_EV_IRQHandler                       0x080002f3   Thumb Code     0  startup_stm32f40_41xxx.o(.text)
    I2C2_ER_IRQHandler                       0x080002f3   Thumb Code     0  startup_stm32f40_41xxx.o(.text)
    I2C2_EV_IRQHandler                       0x080002f3   Thumb Code     0  startup_stm32f40_41xxx.o(.text)
    I2C3_ER_IRQHandler                       0x080002f3   Thumb Code     0  startup_stm32f40_41xxx.o(.text)
    I2C3_EV_IRQHandler                       0x080002f3   Thumb Code     0  startup_stm32f40_41xxx.o(.text)
    OTG_FS_IRQHandler                        0x080002f3   Thumb Code     0  startup_stm32f40_41xxx.o(.text)
    OTG_FS_WKUP_IRQHandler                   0x080002f3   Thumb Code     0  startup_stm32f40_41xxx.o(.text)
    OTG_HS_EP1_IN_IRQHandler                 0x080002f3   Thumb Code     0  startup_stm32f40_41xxx.o(.text)
    OTG_HS_EP1_OUT_IRQHandler                0x080002f3   Thumb Code     0  startup_stm32f40_41xxx.o(.text)
    OTG_HS_IRQHandler                        0x080002f3   Thumb Code     0  startup_stm32f40_41xxx.o(.text)
    OTG_HS_WKUP_IRQHandler                   0x080002f3   Thumb Code     0  startup_stm32f40_41xxx.o(.text)
    PVD_IRQHandler                           0x080002f3   Thumb Code     0  startup_stm32f40_41xxx.o(.text)
    RCC_IRQHandler                           0x080002f3   Thumb Code     0  startup_stm32f40_41xxx.o(.text)
    RTC_Alarm_IRQHandler                     0x080002f3   Thumb Code     0  startup_stm32f40_41xxx.o(.text)
    RTC_WKUP_IRQHandler                      0x080002f3   Thumb Code     0  startup_stm32f40_41xxx.o(.text)
    SDIO_IRQHandler                          0x080002f3   Thumb Code     0  startup_stm32f40_41xxx.o(.text)
    SPI1_IRQHandler                          0x080002f3   Thumb Code     0  startup_stm32f40_41xxx.o(.text)
    SPI2_IRQHandler                          0x080002f3   Thumb Code     0  startup_stm32f40_41xxx.o(.text)
    SPI3_IRQHandler                          0x080002f3   Thumb Code     0  startup_stm32f40_41xxx.o(.text)
    TAMP_STAMP_IRQHandler                    0x080002f3   Thumb Code     0  startup_stm32f40_41xxx.o(.text)
    TIM1_BRK_TIM9_IRQHandler                 0x080002f3   Thumb Code     0  startup_stm32f40_41xxx.o(.text)
    TIM1_CC_IRQHandler                       0x080002f3   Thumb Code     0  startup_stm32f40_41xxx.o(.text)
    TIM1_TRG_COM_TIM11_IRQHandler            0x080002f3   Thumb Code     0  startup_stm32f40_41xxx.o(.text)
    TIM1_UP_TIM10_IRQHandler                 0x080002f3   Thumb Code     0  startup_stm32f40_41xxx.o(.text)
    TIM4_IRQHandler                          0x080002f3   Thumb Code     0  startup_stm32f40_41xxx.o(.text)
    TIM5_IRQHandler                          0x080002f3   Thumb Code     0  startup_stm32f40_41xxx.o(.text)
    TIM6_DAC_IRQHandler                      0x080002f3   Thumb Code     0  startup_stm32f40_41xxx.o(.text)
    TIM7_IRQHandler                          0x080002f3   Thumb Code     0  startup_stm32f40_41xxx.o(.text)
    TIM8_BRK_TIM12_IRQHandler                0x080002f3   Thumb Code     0  startup_stm32f40_41xxx.o(.text)
    TIM8_CC_IRQHandler                       0x080002f3   Thumb Code     0  startup_stm32f40_41xxx.o(.text)
    TIM8_TRG_COM_TIM14_IRQHandler            0x080002f3   Thumb Code     0  startup_stm32f40_41xxx.o(.text)
    TIM8_UP_TIM13_IRQHandler                 0x080002f3   Thumb Code     0  startup_stm32f40_41xxx.o(.text)
    UART4_IRQHandler                         0x080002f3   Thumb Code     0  startup_stm32f40_41xxx.o(.text)
    UART5_IRQHandler                         0x080002f3   Thumb Code     0  startup_stm32f40_41xxx.o(.text)
    USART3_IRQHandler                        0x080002f3   Thumb Code     0  startup_stm32f40_41xxx.o(.text)
    USART6_IRQHandler                        0x080002f3   Thumb Code     0  startup_stm32f40_41xxx.o(.text)
    WWDG_IRQHandler                          0x080002f3   Thumb Code     0  startup_stm32f40_41xxx.o(.text)
    __user_initial_stackheap                 0x080002f5   Thumb Code     0  startup_stm32f40_41xxx.o(.text)
    DMA1_Steam6_IRQHandler                   0x08000319   Thumb Code    24  mcuinit.o(.text)
    DMA_ini                                  0x08000331   Thumb Code   108  mcuinit.o(.text)
    INIT_SysTick                             0x0800039d   Thumb Code    80  mcuinit.o(.text)
    LEDs_ini                                 0x080003ed   Thumb Code    46  mcuinit.o(.text)
    BUT_ini                                  0x0800041b   Thumb Code    42  mcuinit.o(.text)
    my_USART1_Ini                            0x08000445   Thumb Code   148  mcuinit.o(.text)
    SendStrToPC                              0x080004d9   Thumb Code    42  mcuinit.o(.text)
    SendDataToPC                             0x08000503   Thumb Code    42  mcuinit.o(.text)
    SendSingleComand                         0x0800052d   Thumb Code     8  mcuinit.o(.text)
    my_USART3_Ini                            0x08000535   Thumb Code   148  mcuinit.o(.text)
    my_UART4_Ini                             0x080005c9   Thumb Code   128  mcuinit.o(.text)
    my_UART5_Ini                             0x08000649   Thumb Code   232  mcuinit.o(.text)
    my_USART6_Ini                            0x08000731   Thumb Code   128  mcuinit.o(.text)
    init_SPI1                                0x080007b1   Thumb Code   210  mcuinit.o(.text)
    timer2_ini                               0x08000883   Thumb Code    60  mcuinit.o(.text)
    TIM2_IRQHandler                          0x080008bf   Thumb Code    52  mcuinit.o(.text)
    R_Comm_Slow_Run                          0x080008f3   Thumb Code     8  mcuinit.o(.text)
    timer3_ini                               0x080008fb   Thumb Code    68  mcuinit.o(.text)
    TIM3_IRQHandler                          0x0800093f   Thumb Code    32  mcuinit.o(.text)
    USART1_IRQHandler                        0x0800099d   Thumb Code   148  main.o(.text)
    Send_with_IT_PC                          0x08000a31   Thumb Code    40  main.o(.text)
    init_usart2                              0x08000a59   Thumb Code   166  main.o(.text)
    USART2_IRQHandler                        0x08000aff   Thumb Code   128  main.o(.text)
    SendToF1                                 0x08000b7f   Thumb Code    40  main.o(.text)
    GetData                                  0x08000ba7   Thumb Code    32  main.o(.text)
    Delay_ms                                 0x08000bc7   Thumb Code    20  main.o(.text)
    TimingDelay_Decrement                    0x08000bdb   Thumb Code    60  main.o(.text)
    vApplicationIdleHook                     0x08000c17   Thumb Code     2  main.o(.text)
    vApplicationMallocFailedHook             0x08000c19   Thumb Code     4  main.o(.text)
    vApplicationStackOverflowHook            0x08000c1d   Thumb Code     4  main.o(.text)
    vApplicationTickHook                     0x08000c21   Thumb Code     2  main.o(.text)
    main                                     0x08000c23   Thumb Code   254  main.o(.text)
    vMainSheduler                            0x08000dcd   Thumb Code   234  flowfunctions.o(.text)
    vAcceleration                            0x08000eb7   Thumb Code   162  flowfunctions.o(.text)
    vStop                                    0x08000f59   Thumb Code   156  flowfunctions.o(.text)
    vToogleBits                              0x08000ff5   Thumb Code    80  flowfunctions.o(.text)
    SystemInit                               0x08001137   Thumb Code    88  system_stm32f4xx.o(.text)
    SystemCoreClockUpdate                    0x0800118f   Thumb Code   174  system_stm32f4xx.o(.text)
    DMA_DeInit                               0x08001269   Thumb Code   324  stm32f4xx_dma.o(.text)
    DMA_Init                                 0x080013ad   Thumb Code    82  stm32f4xx_dma.o(.text)
    DMA_StructInit                           0x080013ff   Thumb Code    34  stm32f4xx_dma.o(.text)
    DMA_Cmd                                  0x08001421   Thumb Code    22  stm32f4xx_dma.o(.text)
    DMA_PeriphIncOffsetSizeConfig            0x08001437   Thumb Code    22  stm32f4xx_dma.o(.text)
    DMA_FlowControllerConfig                 0x0800144d   Thumb Code    22  stm32f4xx_dma.o(.text)
    DMA_SetCurrDataCounter                   0x08001463   Thumb Code     4  stm32f4xx_dma.o(.text)
    DMA_GetCurrDataCounter                   0x08001467   Thumb Code     8  stm32f4xx_dma.o(.text)
    DMA_DoubleBufferModeConfig               0x0800146f   Thumb Code    24  stm32f4xx_dma.o(.text)
    DMA_DoubleBufferModeCmd                  0x08001487   Thumb Code    22  stm32f4xx_dma.o(.text)
    DMA_MemoryTargetConfig                   0x0800149d   Thumb Code    10  stm32f4xx_dma.o(.text)
    DMA_GetCurrentMemoryTarget               0x080014a7   Thumb Code    20  stm32f4xx_dma.o(.text)
    DMA_GetCmdStatus                         0x080014bb   Thumb Code    20  stm32f4xx_dma.o(.text)
    DMA_GetFIFOStatus                        0x080014cf   Thumb Code    12  stm32f4xx_dma.o(.text)
    DMA_GetFlagStatus                        0x080014db   Thumb Code    54  stm32f4xx_dma.o(.text)
    DMA_ClearFlag                            0x08001511   Thumb Code    40  stm32f4xx_dma.o(.text)
    DMA_ITConfig                             0x08001539   Thumb Code    58  stm32f4xx_dma.o(.text)
    DMA_GetITStatus                          0x08001573   Thumb Code    82  stm32f4xx_dma.o(.text)
    DMA_ClearITPendingBit                    0x080015c5   Thumb Code    40  stm32f4xx_dma.o(.text)
    GPIO_DeInit                              0x0800160d   Thumb Code   268  stm32f4xx_gpio.o(.text)
    GPIO_Init                                0x08001719   Thumb Code   144  stm32f4xx_gpio.o(.text)
    GPIO_StructInit                          0x080017a9   Thumb Code    18  stm32f4xx_gpio.o(.text)
    GPIO_PinLockConfig                       0x080017bb   Thumb Code    34  stm32f4xx_gpio.o(.text)
    GPIO_ReadInputDataBit                    0x080017dd   Thumb Code    18  stm32f4xx_gpio.o(.text)
    GPIO_ReadInputData                       0x080017ef   Thumb Code     8  stm32f4xx_gpio.o(.text)
    GPIO_ReadOutputDataBit                   0x080017f7   Thumb Code    18  stm32f4xx_gpio.o(.text)
    GPIO_ReadOutputData                      0x08001809   Thumb Code     8  stm32f4xx_gpio.o(.text)
    GPIO_SetBits                             0x08001811   Thumb Code     4  stm32f4xx_gpio.o(.text)
    GPIO_ResetBits                           0x08001815   Thumb Code     4  stm32f4xx_gpio.o(.text)
    GPIO_WriteBit                            0x08001819   Thumb Code    10  stm32f4xx_gpio.o(.text)
    GPIO_Write                               0x08001823   Thumb Code     4  stm32f4xx_gpio.o(.text)
    GPIO_ToggleBits                          0x08001827   Thumb Code     8  stm32f4xx_gpio.o(.text)
    GPIO_PinAFConfig                         0x0800182f   Thumb Code    70  stm32f4xx_gpio.o(.text)
    RCC_DeInit                               0x080018a1   Thumb Code    82  stm32f4xx_rcc.o(.text)
    RCC_HSEConfig                            0x080018f3   Thumb Code    14  stm32f4xx_rcc.o(.text)
    RCC_GetFlagStatus                        0x08001901   Thumb Code    60  stm32f4xx_rcc.o(.text)
    RCC_WaitForHSEStartUp                    0x0800193d   Thumb Code    56  stm32f4xx_rcc.o(.text)
    RCC_AdjustHSICalibrationValue            0x08001975   Thumb Code    20  stm32f4xx_rcc.o(.text)
    RCC_HSICmd                               0x08001989   Thumb Code     6  stm32f4xx_rcc.o(.text)
    RCC_LSEConfig                            0x0800198f   Thumb Code    46  stm32f4xx_rcc.o(.text)
    RCC_LSICmd                               0x080019bd   Thumb Code     6  stm32f4xx_rcc.o(.text)
    RCC_PLLConfig                            0x080019c3   Thumb Code    32  stm32f4xx_rcc.o(.text)
    RCC_PLLCmd                               0x080019e3   Thumb Code     6  stm32f4xx_rcc.o(.text)
    RCC_PLLI2SConfig                         0x080019e9   Thumb Code    14  stm32f4xx_rcc.o(.text)
    RCC_PLLI2SCmd                            0x080019f7   Thumb Code     6  stm32f4xx_rcc.o(.text)
    RCC_PLLSAIConfig                         0x080019fd   Thumb Code    20  stm32f4xx_rcc.o(.text)
    RCC_PLLSAICmd                            0x08001a11   Thumb Code     6  stm32f4xx_rcc.o(.text)
    RCC_ClockSecuritySystemCmd               0x08001a17   Thumb Code     6  stm32f4xx_rcc.o(.text)
    RCC_MCO1Config                           0x08001a1d   Thumb Code    28  stm32f4xx_rcc.o(.text)
    RCC_MCO2Config                           0x08001a39   Thumb Code    28  stm32f4xx_rcc.o(.text)
    RCC_SYSCLKConfig                         0x08001a55   Thumb Code    20  stm32f4xx_rcc.o(.text)
    RCC_GetSYSCLKSource                      0x08001a69   Thumb Code    12  stm32f4xx_rcc.o(.text)
    RCC_HCLKConfig                           0x08001a75   Thumb Code    20  stm32f4xx_rcc.o(.text)
    RCC_PCLK1Config                          0x08001a89   Thumb Code    20  stm32f4xx_rcc.o(.text)
    RCC_PCLK2Config                          0x08001a9d   Thumb Code    22  stm32f4xx_rcc.o(.text)
    RCC_GetClocksFreq                        0x08001ab3   Thumb Code   222  stm32f4xx_rcc.o(.text)
    RCC_RTCCLKConfig                         0x08001b91   Thumb Code    54  stm32f4xx_rcc.o(.text)
    RCC_RTCCLKCmd                            0x08001bc7   Thumb Code     8  stm32f4xx_rcc.o(.text)
    RCC_BackupResetCmd                       0x08001bcf   Thumb Code     8  stm32f4xx_rcc.o(.text)
    RCC_I2SCLKConfig                         0x08001bd7   Thumb Code     6  stm32f4xx_rcc.o(.text)
    RCC_SAIBlockACLKConfig                   0x08001bdd   Thumb Code    20  stm32f4xx_rcc.o(.text)
    RCC_SAIBlockBCLKConfig                   0x08001bf1   Thumb Code    20  stm32f4xx_rcc.o(.text)
    RCC_SAIPLLI2SClkDivConfig                0x08001c05   Thumb Code    26  stm32f4xx_rcc.o(.text)
    RCC_SAIPLLSAIClkDivConfig                0x08001c1f   Thumb Code    28  stm32f4xx_rcc.o(.text)
    RCC_LTDCCLKDivConfig                     0x08001c3b   Thumb Code    20  stm32f4xx_rcc.o(.text)
    RCC_TIMCLKPresConfig                     0x08001c4f   Thumb Code     6  stm32f4xx_rcc.o(.text)
    RCC_AHB1PeriphClockCmd                   0x08001c55   Thumb Code    34  stm32f4xx_rcc.o(.text)
    RCC_AHB2PeriphClockCmd                   0x08001c77   Thumb Code    78  stm32f4xx_rcc.o(.text)
    RCC_AHB3PeriphClockCmd                   0x08001cc5   Thumb Code    34  stm32f4xx_rcc.o(.text)
    RCC_APB1PeriphClockCmd                   0x08001ce7   Thumb Code    34  stm32f4xx_rcc.o(.text)
    RCC_APB2PeriphClockCmd                   0x08001d09   Thumb Code    34  stm32f4xx_rcc.o(.text)
    RCC_AHB1PeriphResetCmd                   0x08001d2b   Thumb Code    34  stm32f4xx_rcc.o(.text)
    RCC_AHB2PeriphResetCmd                   0x08001d4d   Thumb Code    34  stm32f4xx_rcc.o(.text)
    RCC_AHB3PeriphResetCmd                   0x08001d6f   Thumb Code    34  stm32f4xx_rcc.o(.text)
    RCC_APB1PeriphResetCmd                   0x08001d91   Thumb Code    34  stm32f4xx_rcc.o(.text)
    RCC_APB2PeriphResetCmd                   0x08001db3   Thumb Code    34  stm32f4xx_rcc.o(.text)
    RCC_AHB1PeriphClockLPModeCmd             0x08001dd5   Thumb Code    34  stm32f4xx_rcc.o(.text)
    RCC_AHB2PeriphClockLPModeCmd             0x08001df7   Thumb Code    34  stm32f4xx_rcc.o(.text)
    RCC_AHB3PeriphClockLPModeCmd             0x08001e19   Thumb Code    34  stm32f4xx_rcc.o(.text)
    RCC_APB1PeriphClockLPModeCmd             0x08001e3b   Thumb Code    34  stm32f4xx_rcc.o(.text)
    RCC_APB2PeriphClockLPModeCmd             0x08001e5d   Thumb Code    34  stm32f4xx_rcc.o(.text)
    RCC_LSEModeConfig                        0x08001e7f   Thumb Code    40  stm32f4xx_rcc.o(.text)
    RCC_ITConfig                             0x08001ea7   Thumb Code    34  stm32f4xx_rcc.o(.text)
    RCC_ClearFlag                            0x08001ec9   Thumb Code    18  stm32f4xx_rcc.o(.text)
    RCC_GetITStatus                          0x08001edb   Thumb Code    22  stm32f4xx_rcc.o(.text)
    RCC_ClearITPendingBit                    0x08001ef1   Thumb Code     8  stm32f4xx_rcc.o(.text)
    SPI_I2S_DeInit                           0x08001efd   Thumb Code   152  stm32f4xx_spi.o(.text)
    SPI_Init                                 0x08001f95   Thumb Code    60  stm32f4xx_spi.o(.text)
    I2S_Init                                 0x08001fd1   Thumb Code   392  stm32f4xx_spi.o(.text)
    SPI_StructInit                           0x08002159   Thumb Code    24  stm32f4xx_spi.o(.text)
    I2S_StructInit                           0x08002171   Thumb Code    20  stm32f4xx_spi.o(.text)
    SPI_Cmd                                  0x08002185   Thumb Code    24  stm32f4xx_spi.o(.text)
    I2S_Cmd                                  0x0800219d   Thumb Code    24  stm32f4xx_spi.o(.text)
    SPI_DataSizeConfig                       0x080021b5   Thumb Code    18  stm32f4xx_spi.o(.text)
    SPI_BiDirectionalLineConfig              0x080021c7   Thumb Code    28  stm32f4xx_spi.o(.text)
    SPI_NSSInternalSoftwareConfig            0x080021e3   Thumb Code    30  stm32f4xx_spi.o(.text)
    SPI_SSOutputCmd                          0x08002201   Thumb Code    24  stm32f4xx_spi.o(.text)
    SPI_TIModeCmd                            0x08002219   Thumb Code    24  stm32f4xx_spi.o(.text)
    I2S_FullDuplexConfig                     0x08002231   Thumb Code    80  stm32f4xx_spi.o(.text)
    SPI_I2S_ReceiveData                      0x08002281   Thumb Code     6  stm32f4xx_spi.o(.text)
    SPI_I2S_SendData                         0x08002287   Thumb Code     4  stm32f4xx_spi.o(.text)
    SPI_CalculateCRC                         0x0800228b   Thumb Code    24  stm32f4xx_spi.o(.text)
    SPI_TransmitCRC                          0x080022a3   Thumb Code    10  stm32f4xx_spi.o(.text)
    SPI_GetCRC                               0x080022ad   Thumb Code    16  stm32f4xx_spi.o(.text)
    SPI_GetCRCPolynomial                     0x080022bd   Thumb Code     6  stm32f4xx_spi.o(.text)
    SPI_I2S_DMACmd                           0x080022c3   Thumb Code    18  stm32f4xx_spi.o(.text)
    SPI_I2S_ITConfig                         0x080022d5   Thumb Code    68  stm32f4xx_spi.o(.text)
    SPI_I2S_GetFlagStatus                    0x08002319   Thumb Code    18  stm32f4xx_spi.o(.text)
    SPI_I2S_ClearFlag                        0x0800232b   Thumb Code     6  stm32f4xx_spi.o(.text)
    SPI_I2S_GetITStatus                      0x08002331   Thumb Code    52  stm32f4xx_spi.o(.text)
    SPI_I2S_ClearITPendingBit                0x08002365   Thumb Code    20  stm32f4xx_spi.o(.text)
    TIM_DeInit                               0x08002379   Thumb Code   346  stm32f4xx_tim.o(.text)
    TIM_TimeBaseInit                         0x080024d3   Thumb Code   104  stm32f4xx_tim.o(.text)
    TIM_TimeBaseStructInit                   0x0800253b   Thumb Code    18  stm32f4xx_tim.o(.text)
    TIM_PrescalerConfig                      0x0800254d   Thumb Code     6  stm32f4xx_tim.o(.text)
    TIM_CounterModeConfig                    0x08002553   Thumb Code    18  stm32f4xx_tim.o(.text)
    TIM_SetCounter                           0x08002565   Thumb Code     4  stm32f4xx_tim.o(.text)
    TIM_SetAutoreload                        0x08002569   Thumb Code     4  stm32f4xx_tim.o(.text)
    TIM_GetCounter                           0x0800256d   Thumb Code     6  stm32f4xx_tim.o(.text)
    TIM_GetPrescaler                         0x08002573   Thumb Code     6  stm32f4xx_tim.o(.text)
    TIM_UpdateDisableConfig                  0x08002579   Thumb Code    24  stm32f4xx_tim.o(.text)
    TIM_UpdateRequestConfig                  0x08002591   Thumb Code    24  stm32f4xx_tim.o(.text)
    TIM_ARRPreloadConfig                     0x080025a9   Thumb Code    24  stm32f4xx_tim.o(.text)
    TIM_SelectOnePulseMode                   0x080025c1   Thumb Code    18  stm32f4xx_tim.o(.text)
    TIM_SetClockDivision                     0x080025d3   Thumb Code    18  stm32f4xx_tim.o(.text)
    TIM_Cmd                                  0x080025e5   Thumb Code    24  stm32f4xx_tim.o(.text)
    TIM_OC1Init                              0x080025fd   Thumb Code   114  stm32f4xx_tim.o(.text)
    TIM_OC2Init                              0x0800266f   Thumb Code   154  stm32f4xx_tim.o(.text)
    TIM_OC3Init                              0x08002709   Thumb Code   204  stm32f4xx_tim.o(.text)
    TIM_OC4Init                              0x080027d5   Thumb Code   112  stm32f4xx_tim.o(.text)
    TIM_OCStructInit                         0x08002845   Thumb Code    20  stm32f4xx_tim.o(.text)
    TIM_SelectOCxM                           0x08002859   Thumb Code    86  stm32f4xx_tim.o(.text)
    TIM_SetCompare1                          0x080028af   Thumb Code     4  stm32f4xx_tim.o(.text)
    TIM_SetCompare2                          0x080028b3   Thumb Code     4  stm32f4xx_tim.o(.text)
    TIM_SetCompare3                          0x080028b7   Thumb Code     4  stm32f4xx_tim.o(.text)
    TIM_SetCompare4                          0x080028bb   Thumb Code     4  stm32f4xx_tim.o(.text)
    TIM_ForcedOC1Config                      0x080028bf   Thumb Code    18  stm32f4xx_tim.o(.text)
    TIM_ForcedOC2Config                      0x080028d1   Thumb Code    26  stm32f4xx_tim.o(.text)
    TIM_ForcedOC3Config                      0x080028eb   Thumb Code    18  stm32f4xx_tim.o(.text)
    TIM_ForcedOC4Config                      0x080028fd   Thumb Code    26  stm32f4xx_tim.o(.text)
    TIM_OC1PreloadConfig                     0x08002917   Thumb Code    18  stm32f4xx_tim.o(.text)
    TIM_OC2PreloadConfig                     0x08002929   Thumb Code    26  stm32f4xx_tim.o(.text)
    TIM_OC3PreloadConfig                     0x08002943   Thumb Code    18  stm32f4xx_tim.o(.text)
    TIM_OC4PreloadConfig                     0x08002955   Thumb Code    26  stm32f4xx_tim.o(.text)
    TIM_OC1FastConfig                        0x0800296f   Thumb Code    18  stm32f4xx_tim.o(.text)
    TIM_OC2FastConfig                        0x08002981   Thumb Code    26  stm32f4xx_tim.o(.text)
    TIM_OC3FastConfig                        0x0800299b   Thumb Code    18  stm32f4xx_tim.o(.text)
    TIM_OC4FastConfig                        0x080029ad   Thumb Code    26  stm32f4xx_tim.o(.text)
    TIM_ClearOC1Ref                          0x080029c7   Thumb Code    18  stm32f4xx_tim.o(.text)
    TIM_ClearOC2Ref                          0x080029d9   Thumb Code    24  stm32f4xx_tim.o(.text)
    TIM_ClearOC3Ref                          0x080029f1   Thumb Code    18  stm32f4xx_tim.o(.text)
    TIM_ClearOC4Ref                          0x08002a03   Thumb Code    24  stm32f4xx_tim.o(.text)
    TIM_OC1PolarityConfig                    0x08002a1b   Thumb Code    18  stm32f4xx_tim.o(.text)
    TIM_OC1NPolarityConfig                   0x08002a2d   Thumb Code    18  stm32f4xx_tim.o(.text)
    TIM_OC2PolarityConfig                    0x08002a3f   Thumb Code    26  stm32f4xx_tim.o(.text)
    TIM_OC2NPolarityConfig                   0x08002a59   Thumb Code    26  stm32f4xx_tim.o(.text)
    TIM_OC3PolarityConfig                    0x08002a73   Thumb Code    26  stm32f4xx_tim.o(.text)
    TIM_OC3NPolarityConfig                   0x08002a8d   Thumb Code    26  stm32f4xx_tim.o(.text)
    TIM_OC4PolarityConfig                    0x08002aa7   Thumb Code    26  stm32f4xx_tim.o(.text)
    TIM_CCxCmd                               0x08002ac1   Thumb Code    30  stm32f4xx_tim.o(.text)
    TIM_CCxNCmd                              0x08002adf   Thumb Code    30  stm32f4xx_tim.o(.text)
    TIM_SetIC4Prescaler                      0x08002afd   Thumb Code    26  stm32f4xx_tim.o(.text)
    TIM_SetIC3Prescaler                      0x08002b67   Thumb Code    18  stm32f4xx_tim.o(.text)
    TIM_SetIC2Prescaler                      0x08002bc1   Thumb Code    26  stm32f4xx_tim.o(.text)
    TIM_SetIC1Prescaler                      0x08002c35   Thumb Code    18  stm32f4xx_tim.o(.text)
    TIM_ICInit                               0x08002c81   Thumb Code   110  stm32f4xx_tim.o(.text)
    TIM_ICStructInit                         0x08002cef   Thumb Code    18  stm32f4xx_tim.o(.text)
    TIM_PWMIConfig                           0x08002d01   Thumb Code   124  stm32f4xx_tim.o(.text)
    TIM_GetCapture1                          0x08002d7d   Thumb Code     6  stm32f4xx_tim.o(.text)
    TIM_GetCapture2                          0x08002d83   Thumb Code     6  stm32f4xx_tim.o(.text)
    TIM_GetCapture3                          0x08002d89   Thumb Code     6  stm32f4xx_tim.o(.text)
    TIM_GetCapture4                          0x08002d8f   Thumb Code     6  stm32f4xx_tim.o(.text)
    TIM_BDTRConfig                           0x08002d95   Thumb Code    32  stm32f4xx_tim.o(.text)
    TIM_BDTRStructInit                       0x08002db5   Thumb Code    18  stm32f4xx_tim.o(.text)
    TIM_CtrlPWMOutputs                       0x08002dc7   Thumb Code    30  stm32f4xx_tim.o(.text)
    TIM_SelectCOM                            0x08002de5   Thumb Code    24  stm32f4xx_tim.o(.text)
    TIM_CCPreloadControl                     0x08002dfd   Thumb Code    24  stm32f4xx_tim.o(.text)
    TIM_ITConfig                             0x08002e15   Thumb Code    18  stm32f4xx_tim.o(.text)
    TIM_GenerateEvent                        0x08002e27   Thumb Code     4  stm32f4xx_tim.o(.text)
    TIM_GetFlagStatus                        0x08002e2b   Thumb Code    18  stm32f4xx_tim.o(.text)
    TIM_ClearFlag                            0x08002e3d   Thumb Code     6  stm32f4xx_tim.o(.text)
    TIM_GetITStatus                          0x08002e43   Thumb Code    34  stm32f4xx_tim.o(.text)
    TIM_ClearITPendingBit                    0x08002e65   Thumb Code     6  stm32f4xx_tim.o(.text)
    TIM_DMAConfig                            0x08002e6b   Thumb Code    10  stm32f4xx_tim.o(.text)
    TIM_DMACmd                               0x08002e75   Thumb Code    18  stm32f4xx_tim.o(.text)
    TIM_SelectCCDMA                          0x08002e87   Thumb Code    24  stm32f4xx_tim.o(.text)
    TIM_InternalClockConfig                  0x08002e9f   Thumb Code    12  stm32f4xx_tim.o(.text)
    TIM_SelectInputTrigger                   0x08002eab   Thumb Code    18  stm32f4xx_tim.o(.text)
    TIM_ITRxExternalClockConfig              0x08002ebd   Thumb Code    24  stm32f4xx_tim.o(.text)
    TIM_TIxExternalClockConfig               0x08002ed5   Thumb Code    62  stm32f4xx_tim.o(.text)
    TIM_ETRConfig                            0x08002f13   Thumb Code    28  stm32f4xx_tim.o(.text)
    TIM_ETRClockMode1Config                  0x08002f2f   Thumb Code    54  stm32f4xx_tim.o(.text)
    TIM_ETRClockMode2Config                  0x08002f65   Thumb Code    32  stm32f4xx_tim.o(.text)
    TIM_SelectOutputTrigger                  0x08002f85   Thumb Code    18  stm32f4xx_tim.o(.text)
    TIM_SelectSlaveMode                      0x08002f97   Thumb Code    18  stm32f4xx_tim.o(.text)
    TIM_SelectMasterSlaveMode                0x08002fa9   Thumb Code    18  stm32f4xx_tim.o(.text)
    TIM_EncoderInterfaceConfig               0x08002fbb   Thumb Code    66  stm32f4xx_tim.o(.text)
    TIM_SelectHallSensor                     0x08002ffd   Thumb Code    24  stm32f4xx_tim.o(.text)
    TIM_RemapConfig                          0x08003015   Thumb Code     6  stm32f4xx_tim.o(.text)
    USART_DeInit                             0x0800301d   Thumb Code   206  stm32f4xx_usart.o(.text)
    USART_Init                               0x080030eb   Thumb Code   204  stm32f4xx_usart.o(.text)
    USART_StructInit                         0x080031b7   Thumb Code    24  stm32f4xx_usart.o(.text)
    USART_ClockInit                          0x080031cf   Thumb Code    32  stm32f4xx_usart.o(.text)
    USART_ClockStructInit                    0x080031ef   Thumb Code    12  stm32f4xx_usart.o(.text)
    USART_Cmd                                0x080031fb   Thumb Code    24  stm32f4xx_usart.o(.text)
    USART_SetPrescaler                       0x08003213   Thumb Code    16  stm32f4xx_usart.o(.text)
    USART_OverSampling8Cmd                   0x08003223   Thumb Code    22  stm32f4xx_usart.o(.text)
    USART_OneBitMethodCmd                    0x08003239   Thumb Code    24  stm32f4xx_usart.o(.text)
    USART_SendData                           0x08003251   Thumb Code     8  stm32f4xx_usart.o(.text)
    USART_ReceiveData                        0x08003259   Thumb Code    10  stm32f4xx_usart.o(.text)
    USART_SetAddress                         0x08003263   Thumb Code    18  stm32f4xx_usart.o(.text)
    USART_ReceiverWakeUpCmd                  0x08003275   Thumb Code    24  stm32f4xx_usart.o(.text)
    USART_WakeUpConfig                       0x0800328d   Thumb Code    18  stm32f4xx_usart.o(.text)
    USART_LINBreakDetectLengthConfig         0x0800329f   Thumb Code    18  stm32f4xx_usart.o(.text)
    USART_LINCmd                             0x080032b1   Thumb Code    24  stm32f4xx_usart.o(.text)
    USART_SendBreak                          0x080032c9   Thumb Code    10  stm32f4xx_usart.o(.text)
    USART_HalfDuplexCmd                      0x080032d3   Thumb Code    24  stm32f4xx_usart.o(.text)
    USART_SetGuardTime                       0x080032eb   Thumb Code    16  stm32f4xx_usart.o(.text)
    USART_SmartCardCmd                       0x080032fb   Thumb Code    24  stm32f4xx_usart.o(.text)
    USART_SmartCardNACKCmd                   0x08003313   Thumb Code    24  stm32f4xx_usart.o(.text)
    USART_IrDAConfig                         0x0800332b   Thumb Code    18  stm32f4xx_usart.o(.text)
    USART_IrDACmd                            0x0800333d   Thumb Code    24  stm32f4xx_usart.o(.text)
    USART_DMACmd                             0x08003355   Thumb Code    18  stm32f4xx_usart.o(.text)
    USART_ITConfig                           0x08003367   Thumb Code    74  stm32f4xx_usart.o(.text)
    USART_GetFlagStatus                      0x080033b1   Thumb Code    26  stm32f4xx_usart.o(.text)
    USART_ClearFlag                          0x080033cb   Thumb Code    18  stm32f4xx_usart.o(.text)
    USART_GetITStatus                        0x080033dd   Thumb Code   118  stm32f4xx_usart.o(.text)
    USART_ClearITPendingBit                  0x08003453   Thumb Code    30  stm32f4xx_usart.o(.text)
    pvPortMalloc                             0x08003471   Thumb Code    30  heap_3.o(.text)
    vPortFree                                0x0800348f   Thumb Code    22  heap_3.o(.text)
    vListInitialise                          0x080034a5   Thumb Code    26  list.o(.text)
    vListInitialiseItem                      0x080034bf   Thumb Code     6  list.o(.text)
    vListInsertEnd                           0x080034c5   Thumb Code    28  list.o(.text)
    vListInsert                              0x080034e1   Thumb Code    52  list.o(.text)
    vListRemove                              0x08003515   Thumb Code    36  list.o(.text)
    pxPortInitialiseStack                    0x08003539   Thumb Code    32  port.o(.text)
    xPortStartScheduler                      0x08003569   Thumb Code    58  port.o(.text)
    vPortEndScheduler                        0x080035a3   Thumb Code     2  port.o(.text)
    vPortYieldFromISR                        0x080035a5   Thumb Code    12  port.o(.text)
    vPortEnterCritical                       0x080035b1   Thumb Code    18  port.o(.text)
    vPortExitCritical                        0x080035c3   Thumb Code    24  port.o(.text)
    SysTick_Handler                          0x080035db   Thumb Code    28  port.o(.text)
    xTaskGenericCreate                       0x080036c9   Thumb Code   240  tasks.o(.text)
    vTaskDelete                              0x080037b9   Thumb Code    94  tasks.o(.text)
    vTaskIncrementTick                       0x08003817   Thumb Code   228  tasks.o(.text)
    xTaskResumeAll                           0x080038fb   Thumb Code   188  tasks.o(.text)
    vTaskSuspendAll                          0x08003a49   Thumb Code    12  tasks.o(.text)
    vTaskDelayUntil                          0x08003a55   Thumb Code   108  tasks.o(.text)
    vTaskDelay                               0x08003ac1   Thumb Code    48  tasks.o(.text)
    uxTaskPriorityGet                        0x08003af1   Thumb Code    30  tasks.o(.text)
    vTaskPrioritySet                         0x08003b0f   Thumb Code   150  tasks.o(.text)
    vTaskSwitchContext                       0x08003ba5   Thumb Code   122  tasks.o(.text)
    vTaskSuspend                             0x08003c1f   Thumb Code   100  tasks.o(.text)
    xTaskIsTaskSuspended                     0x08003c83   Thumb Code    60  tasks.o(.text)
    vTaskResume                              0x08003cbf   Thumb Code    92  tasks.o(.text)
    xTaskResumeFromISR                       0x08003d1b   Thumb Code   114  tasks.o(.text)
    vTaskStartScheduler                      0x08003e09   Thumb Code   116  tasks.o(.text)
    vTaskEndScheduler                        0x08003e7d   Thumb Code    18  tasks.o(.text)
    xTaskGetTickCount                        0x08003e8f   Thumb Code    18  tasks.o(.text)
    xTaskGetTickCountFromISR                 0x08003ea1   Thumb Code    20  tasks.o(.text)
    uxTaskGetNumberOfTasks                   0x08003eb5   Thumb Code     6  tasks.o(.text)
    vTaskPlaceOnEventList                    0x08003ebb   Thumb Code    60  tasks.o(.text)
    xTaskRemoveFromEventList                 0x08003ef7   Thumb Code    96  tasks.o(.text)
    vTaskSetTimeOutState                     0x08003f57   Thumb Code    14  tasks.o(.text)
    xTaskCheckForTimeOut                     0x08003f65   Thumb Code    92  tasks.o(.text)
    vTaskMissedYield                         0x08003fc1   Thumb Code     8  tasks.o(.text)
    malloc                                   0x08003ff5   Thumb Code    94  h1_alloc.o(.text)
    free                                     0x08004053   Thumb Code    78  h1_free.o(.text)
    __2sprintf                               0x080040a1   Thumb Code    34  noretval__2sprintf.o(.text)
    __aeabi_memset                           0x080040c9   Thumb Code    16  aeabi_memset.o(.text)
    strncpy                                  0x080040d9   Thumb Code    86  strncpy.o(.text)
    __use_two_region_memory                  0x0800412f   Thumb Code     2  heapauxi.o(.text)
    __rt_heap_escrow                         0x08004131   Thumb Code     2  heapauxi.o(.text)
    __rt_heap_expand                         0x08004133   Thumb Code     2  heapauxi.o(.text)
    __rt_heap_descriptor                     0x08004135   Thumb Code     8  rt_heap_descriptor_intlibspace.o(.text)
    __use_no_heap                            0x0800413d   Thumb Code     2  hguard.o(.text)
    __heap$guard                             0x0800413f   Thumb Code     2  hguard.o(.text)
    _terminate_user_alloc                    0x08004141   Thumb Code     2  init_alloc.o(.text)
    _init_user_alloc                         0x08004143   Thumb Code     2  init_alloc.o(.text)
    __Heap_Full                              0x08004145   Thumb Code    34  init_alloc.o(.text)
    __Heap_Broken                            0x08004167   Thumb Code     6  init_alloc.o(.text)
    _init_alloc                              0x0800416d   Thumb Code    94  init_alloc.o(.text)
    __Heap_Initialize                        0x080041cb   Thumb Code    10  h1_init.o(.text)
    __Heap_DescSize                          0x080041d5   Thumb Code     4  h1_init.o(.text)
    _printf_char_common                      0x080041e3   Thumb Code    32  _printf_char_common.o(.text)
    _sputc                                   0x08004209   Thumb Code    10  _sputc.o(.text)
    __aeabi_memclr                           0x08004213   Thumb Code     0  rt_memclr.o(.text)
    __rt_memclr                              0x08004213   Thumb Code    68  rt_memclr.o(.text)
    _memset                                  0x08004217   Thumb Code     0  rt_memclr.o(.text)
    __user_libspace                          0x08004259   Thumb Code     8  libspace.o(.text)
    __user_perproc_libspace                  0x08004259   Thumb Code     0  libspace.o(.text)
    __user_perthread_libspace                0x08004259   Thumb Code     0  libspace.o(.text)
    __Heap_ProvideMemory                     0x08004261   Thumb Code    52  h1_extend.o(.text)
    __printf                                 0x08004295   Thumb Code    38  __printf_nopercent.o(.text)
    __rt_SIGRTMEM                            0x080042bb   Thumb Code    14  defsig_rtmem_outer.o(.text)
    __aeabi_memclr4                          0x080042c9   Thumb Code     0  rt_memclr_w.o(.text)
    __aeabi_memclr8                          0x080042c9   Thumb Code     0  rt_memclr_w.o(.text)
    __rt_memclr_w                            0x080042c9   Thumb Code    78  rt_memclr_w.o(.text)
    _memset_w                                0x080042cd   Thumb Code     0  rt_memclr_w.o(.text)
    __I$use$semihosting                      0x08004317   Thumb Code     0  use_no_semi.o(.text)
    __use_no_semihosting_swi                 0x08004317   Thumb Code     2  use_no_semi.o(.text)
    __semihosting_library_function           0x08004319   Thumb Code     0  indicate_semi.o(.text)
    __user_setup_stackheap                   0x08004319   Thumb Code    74  sys_stackheap_outer.o(.text)
    exit                                     0x08004363   Thumb Code    12  exit.o(.text)
    __sig_exit                               0x0800436f   Thumb Code    10  defsig_exit.o(.text)
    __rt_SIGRTMEM_inner                      0x08004379   Thumb Code    22  defsig_rtmem_inner.o(.text)
    _sys_exit                                0x080043c9   Thumb Code     8  sys_exit.o(.text)
    __default_signal_display                 0x080043d5   Thumb Code    50  defsig_general.o(.text)
    _ttywrch                                 0x08004407   Thumb Code    14  sys_wrch.o(.text)
    _fp_init                                 0x08004415   Thumb Code    10  fpinit.o(x$fpl$fpinit)
    __fplib_config_fpu_vfp                   0x0800441d   Thumb Code     0  fpinit.o(x$fpl$fpinit)
    __fplib_config_pureend_doubles           0x0800441d   Thumb Code     0  fpinit.o(x$fpl$fpinit)
    Region$$Table$$Base                      0x08004420   Number         0  anon$$obj.o(Region$$Table)
    Region$$Table$$Limit                     0x08004440   Number         0  anon$$obj.o(Region$$Table)
    mybuff                                   0x20000000   Data          10  mcuinit.o(.data)
    count                                    0x2000000a   Data           5  mcuinit.o(.data)
    X_Inclinometer                           0x20000030   Data           4  main.o(.data)
    Y_Inclinometer                           0x20000034   Data           4  main.o(.data)
    Heading                                  0x20000038   Data           4  main.o(.data)
    CorrectDataReady                         0x2000003c   Data           1  main.o(.data)
    PosInBuff                                0x2000003d   Data           1  main.o(.data)
    RecieveBuffCRC                           0x2000003e   Data           1  main.o(.data)
    UpdateData                               0x2000003f   Data           1  main.o(.data)
    UpdateTimeEnd                            0x20000040   Data           4  main.o(.data)
    UpdateTimeNow                            0x20000044   Data           4  main.o(.data)
    Send_count                               0x20000048   Data           1  main.o(.data)
    end                                      0x20000049   Data           1  main.o(.data)
    Receive_write                            0x2000004a   Data           1  main.o(.data)
    Receive_read                             0x2000004b   Data           1  main.o(.data)
    Receive_count                            0x2000004c   Data           1  main.o(.data)
    MAXperiod                                0x2000004e   Data           2  main.o(.data)
    NOWperiod                                0x20000050   Data           2  main.o(.data)
    MINperiod                                0x20000052   Data           2  main.o(.data)
    Interval                                 0x20000054   Data           2  main.o(.data)
    Flag_slow_run                            0x20000056   Data           1  main.o(.data)
    intervals                                0x20000057   Data           1  main.o(.data)
    test                                     0x20000058   Data           4  main.o(.data)
    D                                        0x20000060   Data           1  main.o(.data)
    state                                    0x20000064   Data           4  main.o(.data)
    SystemCoreClock                          0x20000088   Data           4  system_stm32f4xx.o(.data)
    AHBPrescTable                            0x2000008c   Data          16  system_stm32f4xx.o(.data)
    pxCurrentTCB                             0x200000b0   Data           4  tasks.o(.data)
    RecieveBuff                              0x20000104   Data           9  main.o(.bss)
    Send_buffer                              0x2000010d   Data          10  main.o(.bss)
    Receive_buffer                           0x20000117   Data          10  main.o(.bss)
    str                                      0x20000121   Data           9  main.o(.bss)
    __libspace_start                         0x200001f4   Data          96  libspace.o(.bss)
    __temporary_stack_top$libspace           0x20000254   Data           0  libspace.o(.bss)



==============================================================================

Memory Map of the image

  Image Entry point : 0x080002d9

  Load Region LR_1 (Base: 0x08000000, Size: 0x0000452c, Max: 0xffffffff, ABSOLUTE)

    Execution Region ER_RO (Base: 0x08000000, Size: 0x00004440, Max: 0xffffffff, ABSOLUTE)

    Base Addr    Size         Type   Attr      Idx    E Section Name        Object

    0x08000000   0x00000188   Data   RO            3    RESET               startup_stm32f40_41xxx.o
    0x08000188   0x00000008   Code   RO         1429  * !!!main             c_w.l(__main.o)
    0x08000190   0x00000034   Code   RO         1660    !!!scatter          c_w.l(__scatter.o)
    0x080001c4   0x0000001a   Code   RO         1662    !!handler_copy      c_w.l(__scatter_copy.o)
    0x080001de   0x00000002   PAD
    0x080001e0   0x0000001c   Code   RO         1664    !!handler_zi        c_w.l(__scatter_zi.o)
    0x080001fc   0x00000002   Code   RO         1600    .ARM.Collect$$libinit$$00000000  c_w.l(libinit.o)
    0x080001fe   0x00000004   Code   RO         1481    .ARM.Collect$$libinit$$00000001  c_w.l(libinit2.o)
    0x08000202   0x00000008   Code   RO         1483    .ARM.Collect$$libinit$$00000003  c_w.l(libinit2.o)
    0x0800020a   0x00000000   Code   RO         1485    .ARM.Collect$$libinit$$00000008  c_w.l(libinit2.o)
    0x0800020a   0x00000000   Code   RO         1487    .ARM.Collect$$libinit$$0000000A  c_w.l(libinit2.o)
    0x0800020a   0x00000000   Code   RO         1489    .ARM.Collect$$libinit$$0000000C  c_w.l(libinit2.o)
    0x0800020a   0x00000000   Code   RO         1492    .ARM.Collect$$libinit$$0000000F  c_w.l(libinit2.o)
    0x0800020a   0x00000000   Code   RO         1494    .ARM.Collect$$libinit$$00000011  c_w.l(libinit2.o)
    0x0800020a   0x00000000   Code   RO         1496    .ARM.Collect$$libinit$$00000013  c_w.l(libinit2.o)
    0x0800020a   0x00000000   Code   RO         1498    .ARM.Collect$$libinit$$00000015  c_w.l(libinit2.o)
    0x0800020a   0x00000000   Code   RO         1500    .ARM.Collect$$libinit$$00000017  c_w.l(libinit2.o)
    0x0800020a   0x00000000   Code   RO         1502    .ARM.Collect$$libinit$$00000019  c_w.l(libinit2.o)
    0x0800020a   0x00000000   Code   RO         1504    .ARM.Collect$$libinit$$0000001B  c_w.l(libinit2.o)
    0x0800020a   0x00000000   Code   RO         1506    .ARM.Collect$$libinit$$0000001D  c_w.l(libinit2.o)
    0x0800020a   0x00000000   Code   RO         1508    .ARM.Collect$$libinit$$0000001F  c_w.l(libinit2.o)
    0x0800020a   0x00000000   Code   RO         1510    .ARM.Collect$$libinit$$00000021  c_w.l(libinit2.o)
    0x0800020a   0x00000000   Code   RO         1512    .ARM.Collect$$libinit$$00000023  c_w.l(libinit2.o)
    0x0800020a   0x00000000   Code   RO         1516    .ARM.Collect$$libinit$$0000002A  c_w.l(libinit2.o)
    0x0800020a   0x00000000   Code   RO         1518    .ARM.Collect$$libinit$$0000002C  c_w.l(libinit2.o)
    0x0800020a   0x00000000   Code   RO         1520    .ARM.Collect$$libinit$$0000002E  c_w.l(libinit2.o)
    0x0800020a   0x00000000   Code   RO         1522    .ARM.Collect$$libinit$$00000030  c_w.l(libinit2.o)
    0x0800020a   0x00000002   Code   RO         1523    .ARM.Collect$$libinit$$00000031  c_w.l(libinit2.o)
    0x0800020c   0x00000002   Code   RO         1657    .ARM.Collect$$libshutdown$$00000000  c_w.l(libshutdown.o)
    0x0800020e   0x00000000   Code   RO         1615    .ARM.Collect$$libshutdown$$00000003  c_w.l(libshutdown2.o)
    0x0800020e   0x00000000   Code   RO         1618    .ARM.Collect$$libshutdown$$00000006  c_w.l(libshutdown2.o)
    0x0800020e   0x00000000   Code   RO         1621    .ARM.Collect$$libshutdown$$00000009  c_w.l(libshutdown2.o)
    0x0800020e   0x00000000   Code   RO         1623    .ARM.Collect$$libshutdown$$0000000B  c_w.l(libshutdown2.o)
    0x0800020e   0x00000000   Code   RO         1626    .ARM.Collect$$libshutdown$$0000000E  c_w.l(libshutdown2.o)
    0x0800020e   0x00000002   Code   RO         1627    .ARM.Collect$$libshutdown$$0000000F  c_w.l(libshutdown2.o)
    0x08000210   0x00000000   Code   RO         1445    .ARM.Collect$$rtentry$$00000000  c_w.l(rtentry.o)
    0x08000210   0x00000000   Code   RO         1539    .ARM.Collect$$rtentry$$00000002  c_w.l(rtentry2.o)
    0x08000210   0x00000006   Code   RO         1551    .ARM.Collect$$rtentry$$00000004  c_w.l(rtentry4.o)
    0x08000216   0x00000000   Code   RO         1541    .ARM.Collect$$rtentry$$00000009  c_w.l(rtentry2.o)
    0x08000216   0x00000004   Code   RO         1542    .ARM.Collect$$rtentry$$0000000A  c_w.l(rtentry2.o)
    0x0800021a   0x00000000   Code   RO         1544    .ARM.Collect$$rtentry$$0000000C  c_w.l(rtentry2.o)
    0x0800021a   0x00000008   Code   RO         1545    .ARM.Collect$$rtentry$$0000000D  c_w.l(rtentry2.o)
    0x08000222   0x00000002   Code   RO         1603    .ARM.Collect$$rtexit$$00000000  c_w.l(rtexit.o)
    0x08000224   0x00000000   Code   RO         1631    .ARM.Collect$$rtexit$$00000002  c_w.l(rtexit2.o)
    0x08000224   0x00000004   Code   RO         1632    .ARM.Collect$$rtexit$$00000003  c_w.l(rtexit2.o)
    0x08000228   0x00000006   Code   RO         1633    .ARM.Collect$$rtexit$$00000004  c_w.l(rtexit2.o)
    0x0800022e   0x00000002   PAD
    0x08000230   0x000000a8   Code   RO         1259    .emb_text           port.o
    0x080002d8   0x00000000   Code   RO         1555    .emb_text           c_w.l(maybetermalloc1.o)
    0x080002d8   0x00000040   Code   RO            4  * .text               startup_stm32f40_41xxx.o
    0x08000318   0x00000684   Code   RO           12    .text               mcuinit.o
    0x0800099c   0x00000430   Code   RO          149    .text               main.o
    0x08000dcc   0x00000290   Code   RO          246    .text               flowfunctions.o
    0x0800105c   0x0000020c   Code   RO          275    .text               system_stm32f4xx.o
    0x08001268   0x000003a4   Code   RO          634    .text               stm32f4xx_dma.o
    0x0800160c   0x00000294   Code   RO          792    .text               stm32f4xx_gpio.o
    0x080018a0   0x0000065c   Code   RO          981    .text               stm32f4xx_rcc.o
    0x08001efc   0x0000047c   Code   RO         1112    .text               stm32f4xx_spi.o
    0x08002378   0x00000ca2   Code   RO         1155    .text               stm32f4xx_tim.o
    0x0800301a   0x00000002   PAD
    0x0800301c   0x00000454   Code   RO         1178    .text               stm32f4xx_usart.o
    0x08003470   0x00000034   Code   RO         1235    .text               heap_3.o
    0x080034a4   0x00000094   Code   RO         1247    .text               list.o
    0x08003538   0x000000cc   Code   RO         1260    .text               port.o
    0x08003604   0x000009f0   Code   RO         1289    .text               tasks.o
    0x08003ff4   0x0000005e   Code   RO         1359    .text               c_w.l(h1_alloc.o)
    0x08004052   0x0000004e   Code   RO         1361    .text               c_w.l(h1_free.o)
    0x080040a0   0x00000028   Code   RO         1419    .text               c_w.l(noretval__2sprintf.o)
    0x080040c8   0x00000010   Code   RO         1423    .text               c_w.l(aeabi_memset.o)
    0x080040d8   0x00000056   Code   RO         1425    .text               c_w.l(strncpy.o)
    0x0800412e   0x00000006   Code   RO         1427    .text               c_w.l(heapauxi.o)
    0x08004134   0x00000008   Code   RO         1449    .text               c_w.l(rt_heap_descriptor_intlibspace.o)
    0x0800413c   0x00000004   Code   RO         1451    .text               c_w.l(hguard.o)
    0x08004140   0x0000008a   Code   RO         1453    .text               c_w.l(init_alloc.o)
    0x080041ca   0x0000000e   Code   RO         1457    .text               c_w.l(h1_init.o)
    0x080041d8   0x00000030   Code   RO         1471    .text               c_w.l(_printf_char_common.o)
    0x08004208   0x0000000a   Code   RO         1473    .text               c_w.l(_sputc.o)
    0x08004212   0x00000044   Code   RO         1477    .text               c_w.l(rt_memclr.o)
    0x08004256   0x00000002   PAD
    0x08004258   0x00000008   Code   RO         1535    .text               c_w.l(libspace.o)
    0x08004260   0x00000034   Code   RO         1557    .text               c_w.l(h1_extend.o)
    0x08004294   0x00000026   Code   RO         1561    .text               c_w.l(__printf_nopercent.o)
    0x080042ba   0x0000000e   Code   RO         1563    .text               c_w.l(defsig_rtmem_outer.o)
    0x080042c8   0x0000004e   Code   RO         1567    .text               c_w.l(rt_memclr_w.o)
    0x08004316   0x00000002   Code   RO         1576    .text               c_w.l(use_no_semi.o)
    0x08004318   0x00000000   Code   RO         1578    .text               c_w.l(indicate_semi.o)
    0x08004318   0x0000004a   Code   RO         1579    .text               c_w.l(sys_stackheap_outer.o)
    0x08004362   0x0000000c   Code   RO         1585    .text               c_w.l(exit.o)
    0x0800436e   0x0000000a   Code   RO         1587    .text               c_w.l(defsig_exit.o)
    0x08004378   0x00000050   Code   RO         1589    .text               c_w.l(defsig_rtmem_inner.o)
    0x080043c8   0x0000000c   Code   RO         1601    .text               c_w.l(sys_exit.o)
    0x080043d4   0x00000032   Code   RO         1611    .text               c_w.l(defsig_general.o)
    0x08004406   0x0000000e   Code   RO         1628    .text               c_w.l(sys_wrch.o)
    0x08004414   0x0000000a   Code   RO         1574    x$fpl$fpinit        fz_wm.l(fpinit.o)
    0x0800441e   0x00000002   PAD
    0x08004420   0x00000020   Data   RO         1658    Region$$Table       anon$$obj.o


    Execution Region ER_RW (Base: 0x20000000, Size: 0x000000ec, Max: 0xffffffff, ABSOLUTE)

    Base Addr    Size         Type   Attr      Idx    E Section Name        Object

    0x20000000   0x0000000f   Data   RW           14    .data               mcuinit.o
    0x2000000f   0x00000001   PAD
    0x20000010   0x00000058   Data   RW          151    .data               main.o
    0x20000068   0x00000020   Data   RW          247    .data               flowfunctions.o
    0x20000088   0x00000014   Data   RW          276    .data               system_stm32f4xx.o
    0x2000009c   0x00000010   Data   RW          982    .data               stm32f4xx_rcc.o
    0x200000ac   0x00000004   Data   RW         1261    .data               port.o
    0x200000b0   0x0000003c   Data   RW         1291    .data               tasks.o


    Execution Region ER_ZI (Base: 0x200000ec, Size: 0x0000616c, Max: 0xffffffff, ABSOLUTE)

    Base Addr    Size         Type   Attr      Idx    E Section Name        Object

    0x200000ec   0x0000003e   Zero   RW          150    .bss                main.o
    0x2000012a   0x00000002   PAD
    0x2000012c   0x000000c8   Zero   RW         1290    .bss                tasks.o
    0x200001f4   0x00000060   Zero   RW         1536    .bss                c_w.l(libspace.o)
    0x20000254   0x00000004   PAD
    0x20000258   0x00002000   Zero   RW            2    HEAP                startup_stm32f40_41xxx.o
    0x20002258   0x00004000   Zero   RW            1    STACK               startup_stm32f40_41xxx.o


==============================================================================

Image component sizes


      Code (inc. data)   RO Data    RW Data    ZI Data      Debug   Object Name

       656         24          0         32          0       2228   flowfunctions.o
        52          0          0          0          0        757   heap_3.o
       148          0          0          0          0       1885   list.o
      1072        172          0         88         62      12564   main.o
      1668         96          0         15          0     323815   mcuinit.o
         0          0          0          0          0      15368   misc.o
       372         30          0          4          0       2773   port.o
        64         26        392          0      24576        844   startup_stm32f40_41xxx.o
       932         32          0          0          0      19153   stm32f4xx_dma.o
       660         44          0          0          0      11401   stm32f4xx_gpio.o
      1628         52          0         16          0      28520   stm32f4xx_rcc.o
      1148         36          0          0          0      15321   stm32f4xx_spi.o
      3234         60          0          0          0      42320   stm32f4xx_tim.o
      1108         34          0          0          0      14064   stm32f4xx_usart.o
       524         44          0         20          0       2111   system_stm32f4xx.o
      2544        190          0         60        200      12006   tasks.o

    ----------------------------------------------------------------------
     15812        840        424        236      24840     505130   Object Totals
         0          0         32          0          0          0   (incl. Generated)
         2          0          0          1          2          0   (incl. Padding)

    ----------------------------------------------------------------------

      Code (inc. data)   RO Data    RW Data    ZI Data      Debug   Library Member Name

         8          0          0          0          0         68   __main.o
        38          0          0          0          0         84   __printf_nopercent.o
        52          8          0          0          0          0   __scatter.o
        26          0          0          0          0          0   __scatter_copy.o
        28          0          0          0          0          0   __scatter_zi.o
        48          6          0          0          0         96   _printf_char_common.o
        10          0          0          0          0         68   _sputc.o
        16          0          0          0          0         68   aeabi_memset.o
        10          0          0          0          0         68   defsig_exit.o
        50          0          0          0          0         88   defsig_general.o
        80         58          0          0          0         76   defsig_rtmem_inner.o
        14          0          0          0          0         80   defsig_rtmem_outer.o
        12          0          0          0          0         72   exit.o
        94          0          0          0          0         80   h1_alloc.o
        52          0          0          0          0         68   h1_extend.o
        78          0          0          0          0         80   h1_free.o
        14          0          0          0          0         84   h1_init.o
         6          0          0          0          0        152   heapauxi.o
         4          0          0          0          0        136   hguard.o
         0          0          0          0          0          0   indicate_semi.o
       138          0          0          0          0        168   init_alloc.o
         2          0          0          0          0          0   libinit.o
        14          0          0          0          0          0   libinit2.o
         2          0          0          0          0          0   libshutdown.o
         2          0          0          0          0          0   libshutdown2.o
         8          4          0          0         96         68   libspace.o
         0          0          0          0          0          0   maybetermalloc1.o
        40          6          0          0          0         84   noretval__2sprintf.o
         8          4          0          0          0         68   rt_heap_descriptor_intlibspace.o
        68          0          0          0          0         68   rt_memclr.o
        78          0          0          0          0         80   rt_memclr_w.o
         0          0          0          0          0          0   rtentry.o
        12          0          0          0          0          0   rtentry2.o
         6          0          0          0          0          0   rtentry4.o
         2          0          0          0          0          0   rtexit.o
        10          0          0          0          0          0   rtexit2.o
        86          0          0          0          0         76   strncpy.o
        12          4          0          0          0         68   sys_exit.o
        74          0          0          0          0         80   sys_stackheap_outer.o
        14          0          0          0          0         76   sys_wrch.o
         2          0          0          0          0         68   use_no_semi.o
        10          0          0          0          0        116   fpinit.o

    ----------------------------------------------------------------------
      1236         90          0          0        100       2388   Library Totals
         8          0          0          0          4          0   (incl. Padding)

    ----------------------------------------------------------------------

      Code (inc. data)   RO Data    RW Data    ZI Data      Debug   Library Name

      1218         90          0          0         96       2272   c_w.l
        10          0          0          0          0        116   fz_wm.l

    ----------------------------------------------------------------------
      1236         90          0          0        100       2388   Library Totals

    ----------------------------------------------------------------------

==============================================================================


      Code (inc. data)   RO Data    RW Data    ZI Data      Debug   

     17048        930        424        236      24940     502166   Grand Totals
     17048        930        424        236      24940     502166   ELF Image Totals
     17048        930        424        236          0          0   ROM Totals

==============================================================================

    Total RO  Size (Code + RO Data)                17472 (  17.06kB)
    Total RW  Size (RW Data + ZI Data)             25176 (  24.59kB)
    Total ROM Size (Code + RO Data + RW Data)      17708 (  17.29kB)

==============================================================================

