<html>
<body>
<pre>
<h1>µVision Build Log</h1>
<h2>Project:</h2>
C:\Users\Redud1\Desktop\ÕÓ‚‡ˇ Ô‡ÔÍ‡\sample\new.uvproj
Project File Date:  01/13/2016

<h2>Output:</h2>
Build target 'Target 1'
compiling main.c...
user\main.c(23): warning:  #111-D: statement is unreachable
        return 0;
user\main.c(24): warning:  #1-D: last line of file ends without a newline
  }
user\main.c: 2 warnings, 0 errors
compiling Init.c...
linking...
Program Size: Code=3028 RO-data=424 RW-data=36 ZI-data=1636  
".\new.axf" - 0 Error(s), 2 Warning(s).
</pre>
</body>
</html>
iling stm32f4xx_dma.c...
compiling stm32f4xx_exti.c...
compiling stm32f4xx_flash.c...
compiling stm32f4xx_gpio.c...
compiling stm32f4xx_hash.c...
compiling stm32f4xx_hash_md5.c...
compiling stm32f4xx_hash_sha1.c...
compiling stm32f4xx_i2c.c...
compiling stm32f4xx_iwdg.c...
compiling stm32f4xx_pwr.c...
compiling stm32f4xx_rcc.c...
compiling stm32f4xx_rng.c...
compiling stm32f4xx_rtc.c...
compiling stm32f4xx_sdio.c...
compiling stm32f4xx_spi.c...
compiling stm32f4xx_syscfg.c...
compiling stm32f4xx_tim.c...
compiling stm32f4xx_usart.c...
compiling stm32f4xx_wwdg.c...
compiling main.c...
user\main.c(14): warning:  #223-D: function "INIT_BUTTON" declared implicitly
        INIT_BUTTON(&gpioConf);
user\main.c(15): warning:  #223-D: function "INIT_LED" declared implicitly
        INIT_LED(&gpioConf);
user\main.c(24): warning:  #111-D: statement is unreachable
        return 0;
user\main.c(25): warning:  #1-D: last line of file ends without a newline
  }
user\main.c: 4 warnings, 0 errors
compiling Functions.c...
compiling Init.c...
linking...
Program Size: Code=3028 RO-data=424 RW-data=36 ZI-data=1636  
".\new.axf" - 0 Error(s), 4 Warning(s).
