<html>
<body>
<pre>
<h1>µVision Build Log</h1>
<h2>Project:</h2>
C:\Users\Redud1\Desktop\Новая папка\projects\Kiel\new.uvproj
Project File Date:  01/22/2016

<h2>Output:</h2>
Rebuild target 'Target 1'
assembling startup_stm32f40_41xxx.s...
compiling system_stm32f4xx.c...
compiling misc.c...
compiling stm32f4xx_adc.c...
compiling stm32f4xx_can.c...
compiling stm32f4xx_crc.c...
compiling stm32f4xx_cryp.c...
compiling stm32f4xx_cryp_aes.c...
compiling stm32f4xx_cryp_des.c...
compiling stm32f4xx_cryp_tdes.c...
compiling stm32f4xx_dac.c...
compiling stm32f4xx_dbgmcu.c...
compiling stm32f4xx_dcmi.c...
compiling stm32f4xx_dma.c...
compiling stm32f4xx_exti.c...
compiling stm32f4xx_flash.c...
compiling stm32f4xx_gpio.c...
compiling stm32f4xx_hash.c...
compiling stm32f4xx_hash_md5.c...
compiling stm32f4xx_hash_sha1.c...
compiling stm32f4xx_i2c.c...
compiling stm32f4xx_iwdg.c...
compiling stm32f4xx_pwr.c...
compiling stm32f4xx_rcc.c...
compiling stm32f4xx_rng.c...
compiling stm32f4xx_rtc.c...
compiling stm32f4xx_sdio.c...
compiling stm32f4xx_spi.c...
compiling stm32f4xx_syscfg.c...
compiling stm32f4xx_tim.c...
compiling stm32f4xx_usart.c...
compiling stm32f4xx_wwdg.c...
compiling main.c...
user\main.c(48): warning:  #1035-D: single-precision operand implicitly converted to double-precision
                delay_ms(dt*SEC);//
user\main.c(51): warning:  #111-D: statement is unreachable
        return 0;
user\main.c: 2 warnings, 0 errors
compiling Functions.c...
compiling Init.c...
linking...
Program Size: Code=5016 RO-data=424 RW-data=76 ZI-data=1636  
".\new.axf" - 0 Error(s), 2 Warning(s).
Load "C:\\Users\\Redud1\\Desktop\\Новая папка\\projects\\Kiel\\new.axf" 
Erase Done.
Programming Done.
Verify OK.
</pre>
</body>
</html>
