<html>
<body>
<pre>
<h1>µVision Build Log</h1>
<h2>Project:</h2>
C:\Users\Redud1\Desktop\Новая папка\projects\Kiel\new.uvproj
Project File Date:  01/27/2016

<h2>Output:</h2>
Build target 'Target 1'
compiling main.c...
user\main.c(51): warning:  #1035-D: single-precision operand implicitly converted to double-precision
                delay_ms(dt*SEC);
user\main.c(53): warning:  #111-D: statement is unreachable
        return 0;
user\main.c: 2 warnings, 0 errors
linking...
Program Size: Code=5220 RO-data=424 RW-data=68 ZI-data=1636  
".\new.axf" - 0 Error(s), 2 Warning(s).
Load "C:\\Users\\Redud1\\Desktop\\Новая папка\\projects\\Kiel\\new.axf" 
Erase Done.
Programming Done.
Verify OK.
</pre>
</body>
</html>
